01-01 20:00:34.459  2656  2690 D ActivityThread: Loading provider com.android.email.provider;com.android.email.notifier: com.android.email.provider.EmailProvider
01-01 20:00:34.467  2656  2696 D ActivityThread: Loading provider com.android.email.provider;com.android.email.notifier: com.android.email.provider.EmailProvider
01-01 20:00:34.473  2656  2700 D ActivityThread: Loading provider com.android.email.provider;com.android.email.notifier: com.android.email.provider.EmailProvider
01-01 20:00:34.478  2656  2692 D ActivityThread: Loading provider com.android.email.provider;com.android.email.notifier: com.android.email.provider.EmailProvider
01-01 20:00:34.491  1170  1445 D gralloc : allocate buffer from ION HEAP 0x1
01-01 20:00:34.491  1170  1445 D gralloc : allocate memory from system heap
01-01 20:00:34.493  1170  1286 D gralloc : allocate buffer from ION HEAP 0x1
01-01 20:00:34.493  1170  1286 D gralloc : allocate memory from system heap
01-01 20:00:34.493  1170  1286 D gralloc : allocate buffer from ION HEAP 0x1
01-01 20:00:34.493  1170  1286 D gralloc : allocate memory from system heap
01-01 20:00:34.540  2203  2203 W ContextImpl: Calling a method in the system process without a qualified user: android.app.ContextImpl.sendStickyBroadcast:1488 android.content.ContextWrapper.sendStickyBroadcast:448 android.content.ContextWrapper.sendStickyBroadcast:448 com.android.launcher3.StartupReceiver.onReceive:13 android.app.ActivityThread.handleReceiver:2579 
01-01 20:00:34.556  1170  1327 D hwcomposer: lastHWWindowInfo is dirty
01-01 20:00:34.574  1570  2651 I ActivityManager: Start proc com.android.mcast for broadcast com.android.mcast/.MCastDemoReceiver: pid=2705 uid=1000 gids={41000, 9997, 1028, 1015, 2001, 1023, 1024, 3003, 3002, 3001, 1007} abi=arm64-v8a
01-01 20:00:34.581  1570  1661 W ActivityManager: Unable to start service Intent { cmp=com.android.email/.service.AttachmentService } U=0: not found
01-01 20:00:34.582  1570  2183 W ActivityManager: Unable to start service Intent { cmp=com.android.email/.service.AttachmentService } U=0: not found
01-01 20:00:34.585  1570  1663 W ActivityManager: Unable to start service Intent { cmp=com.android.email/.service.AttachmentService } U=0: not found
01-01 20:00:34.606  2656  2723 I Email   : Observing account changes for notifications
01-01 20:00:34.643  1570  2243 I ActivityManager: Start proc com.android.exchange for service com.android.exchange/.service.EasService: pid=2724 uid=10029 gids={50029, 9997, 3003, 1028, 1015} abi=arm64-v8a
01-01 20:00:34.646  1570  2202 W ActivityManager: Unable to start service Intent { cmp=com.android.email/.service.AttachmentService } U=0: not found
01-01 20:00:34.667  1570  1661 W ActivityManager: Unable to start service Intent { cmp=com.android.email/.service.AttachmentService } U=0: not found
01-01 20:00:34.691  2705  2705 D MCastDemoReceiver: action: android.intent.action.BOOT_COMPLETED
01-01 20:00:34.696  2705  2705 W ContextImpl: Calling a method in the system process without a qualified user: android.app.ContextImpl.startService:1686 android.content.ContextWrapper.startService:515 android.content.ContextWrapper.startService:515 com.android.mcast.MCastDemoReceiver.startDemoService:22 com.android.mcast.MCastDemoReceiver.onReceive:15 
01-01 20:00:34.703  2114  2114 D PppoeDemoReceiver: action: android.intent.action.BOOT_COMPLETED
01-01 20:00:34.703  2656  2690 W art     : Long monitor contention event with owner method=void com.google.common.collect.ImmutableCollection$EmptyImmutableCollection.<clinit>() from ImmutableCollection.java:192 waiters=2 for 102ms
01-01 20:00:34.705  2114  2114 W ContextImpl: Calling a method in the system process without a qualified user: android.app.ContextImpl.startService:1686 android.content.ContextWrapper.startService:515 android.content.ContextWrapper.startService:515 com.mstar.android.pppoe.PppoeDemoReceiver.startDemoService:101 com.mstar.android.pppoe.PppoeDemoReceiver.onReceive:94 
01-01 20:00:34.710  2656  2656 E ActivityThread: Service com.android.email.service.EmailBroadcastProcessorService has leaked ServiceConnection com.android.emailcommon.service.ServiceProxy$ProxyConnection@31450e23 that was originally bound here
01-01 20:00:34.710  2656  2656 E ActivityThread: android.app.ServiceConnectionLeaked: Service com.android.email.service.EmailBroadcastProcessorService has leaked ServiceConnection com.android.emailcommon.service.ServiceProxy$ProxyConnection@31450e23 that was originally bound here
01-01 20:00:34.710  2656  2656 E ActivityThread: 	at android.app.LoadedApk$ServiceDispatcher.<init>(LoadedApk.java:1072)
01-01 20:00:34.710  2656  2656 E ActivityThread: 	at android.app.LoadedApk.getServiceDispatcher(LoadedApk.java:966)
01-01 20:00:34.710  2656  2656 E ActivityThread: 	at android.app.ContextImpl.bindServiceCommon(ContextImpl.java:1768)
01-01 20:00:34.710  2656  2656 E ActivityThread: 	at android.app.ContextImpl.bindService(ContextImpl.java:1751)
01-01 20:00:34.710  2656  2656 E ActivityThread: 	at android.content.ContextWrapper.bindService(ContextWrapper.java:538)
01-01 20:00:34.710  2656  2656 E ActivityThread: 	at com.android.emailcommon.service.ServiceProxy.setTask(ServiceProxy.java:176)
01-01 20:00:34.710  2656  2656 E ActivityThread: 	at com.android.emailcommon.service.ServiceProxy.test(ServiceProxy.java:219)
01-01 20:00:34.710  2656  2656 E ActivityThread: 	at com.android.email.service.EmailServiceUtils.isServiceAvailable(EmailServiceUtils.java:160)
01-01 20:00:34.710  2656  2656 E ActivityThread: 	at com.android.email.provider.AccountReconciler.reconcileAccountsInternal(AccountReconciler.java:164)
01-01 20:00:34.710  2656  2656 E ActivityThread: 	at com.android.email.provider.AccountReconciler.reconcileAccounts(AccountReconciler.java:113)
01-01 20:00:34.710  2656  2656 E ActivityThread: 	at com.android.email.service.EmailBroadcastProcessorService.reconcileAndStartServices(EmailBroadcastProcessorService.java:305)
01-01 20:00:34.710  2656  2656 E ActivityThread: 	at com.android.email.service.EmailBroadcastProcessorService.onBootCompleted(EmailBroadcastProcessorService.java:295)
01-01 20:00:34.710  2656  2656 E ActivityThread: 	at com.android.email.service.EmailBroadcastProcessorService.onHandleIntent(EmailBroadcastProcessorService.java:130)
01-01 20:00:34.710  2656  2656 E ActivityThread: 	at android.app.IntentService$ServiceHandler.handleMessage(IntentService.java:65)
01-01 20:00:34.710  2656  2656 E ActivityThread: 	at android.os.Handler.dispatchMessage(Handler.java:102)
01-01 20:00:34.710  2656  2656 E ActivityThread: 	at android.os.Looper.loop(Looper.java:135)
01-01 20:00:34.710  2656  2656 E ActivityThread: 	at android.os.HandlerThread.run(HandlerThread.java:61)
01-01 20:00:34.710  2705  2705 D MCastDemoService: onCreate
01-01 20:00:34.710  2705  2705 D MCastDemoService: MCastDemo version: 2.7
01-01 20:00:34.712  2114  2114 D PppoeDemoService: Start Pppoe Service
01-01 20:00:34.713  1788  1788 I BootReceiver: = onReceive =
01-01 20:00:34.714  1788  1788 W ContextImpl: Calling a method in the system process without a qualified user: android.app.ContextImpl.startService:1686 android.content.ContextWrapper.startService:515 android.content.ContextWrapper.startService:515 com.mstar.tv.service.BootCompleteReceiver.onReceive:95 android.app.ActivityThread.handleReceiver:2579 
01-01 20:00:34.747  2656  2700 W art     : Long monitor contention event with owner method=void com.google.common.collect.ImmutableCollection$EmptyImmutableCollection.<clinit>() from ImmutableCollection.java:192 waiters=3 for 144ms
01-01 20:00:34.762  2158  2158 D Lee-MagicBoard: getLinuxKernelInfo - Linux version 3.10.40 (rd006@ktckj02) (gcc version 4.9.2 20140904 (prerelease) (crosstool-NG MStar-1.13.1-4.9-2015.04 - MStar GCC 4.9-2015.04) ) #16 SMP PREEMPT Wed Jul 27 14:03:11 HKT 2016 - v2.8.0824
01-01 20:00:34.766  2158  2158 W linker  : libeclcr.so has text relocations. This is wasting memory and prevents security hardening. Please fix.
01-01 20:00:34.768  2705  2705 I MCast_jni: JNI_OnLoad
01-01 20:00:34.768  2705  2705 D MCast_jni: numMethods: 12
01-01 20:00:34.768  2705  2705 I MCast_jni: JNI_OnLoad Done
01-01 20:00:34.769  2705  2705 D MCast_jni: init native
01-01 20:00:34.771  2705  2705 D MCAST   : initMCAST
01-01 20:00:34.771  2705  2705 D MCAST   : listenfd 21
01-01 20:00:34.772  2158  2158 W ContextImpl: Calling a method in the system process without a qualified user: android.app.ContextImpl.startService:1686 android.content.ContextWrapper.startService:515 android.content.ContextWrapper.startService:515 com.eshare.paint.receiver.BootReceiver.onReceive:-1 android.app.ActivityThread.handleReceiver:2579 
01-01 20:00:34.772  2612  2639 D eshare  : waste time :565 ms.
01-01 20:00:34.776  1825  1825 D SystemUpdateReceiver: action = android.intent.action.BOOT_COMPLETED
01-01 20:00:34.777  1825  1825 D SystemUpdateReceiver: SystemUpdateReceiver recv ACTION_BOOT_COMPLETED.
01-01 20:00:34.777  1825  1825 W ContextImpl: Calling a method in the system process without a qualified user: android.app.ContextImpl.startService:1686 android.content.ContextWrapper.startService:515 android.content.ContextWrapper.startService:515 android.systemupdate.service.SystemUpdateReceiver.onReceive:66 android.app.ActivityThread.handleReceiver:2579 
01-01 20:00:34.780  1825  1825 W ContextImpl: Calling a method in the system process without a qualified user: android.app.ContextImpl.startService:1686 android.content.ContextWrapper.startService:515 android.content.ContextWrapper.startService:515 android.systemupdate.service.SystemUpdateReceiver.onReceive:74 android.app.ActivityThread.handleReceiver:2579 
01-01 20:00:34.783  1825  1825 D SystemUpdateService: onStartCommand.......
01-01 20:00:34.783  1825  1825 D SystemUpdateService: command = 1 --delaytime = 1000 --path = null
01-01 20:00:34.783  1825  1825 D SystemUpdateService: onStartCommand.......
01-01 20:00:34.784  1825  1825 D SystemUpdateService: command = 5 --delaytime = 1000 --path = null
01-01 20:00:34.789  1570  1657 D WifiService: New client listening to asynchronous messages
01-01 20:00:34.794  2705  2753 D MCAST   : waitForMCastEvent: 21
01-01 20:00:34.800  2705  2705 D MCastDemoService: onStart intent: Intent { flg=0x10000000 cmp=com.android.mcast/.MCastDemoService } startID: 1
01-01 20:00:34.802  1182  1182 I tvos    : --[shawn] GetAudioAmp_ExtPCF8574 DOne
01-01 20:00:34.806  1182  1182 I tvos    : tsl2561 uDataToRead_Low:72
01-01 20:00:34.806  1182  1182 I tvos    : tsl2561 uDataToRead_High:72
01-01 20:00:34.806  1182  1182 I tvos    : tsl2561 uDataToRead_ALL:18504
01-01 20:00:34.806  1182  1182 I tvos    : kevin:info mapi_pql_customer.cpp:SetBacklight:2225 m_u8BacklightCh = 0 u32PWM_Duty = 511l 
01-01 20:00:34.806  1182  1182 I tvos    : test Backlight pql customer info
01-01 20:00:34.806  1182  1182 I tvos    : LightSensor : ON --  600
01-01 20:00:34.809  1182  1182 I tvos    : [shawn_TMP75][MSrv_Contorl_Common] 8d
01-01 20:00:34.810  1182  1182 I tvos    : [liangsj_ops][MSrv_Control_common][HeartBeatMonitor:4699]enCurrentInputType=25, PowerOffBoardStatus=0, OPS_ON_Flag=255,OPS_ON_Flag_2=0
01-01 20:00:34.834  2724  2724 I Exchange: PSS has no active accounts; stopping service.
01-01 20:00:34.924  1170  1286 D gralloc : allocate buffer from ION HEAP 0x1
01-01 20:00:34.924  1170  1286 D gralloc : allocate memory from system heap
01-01 20:00:35.045  1570  1654 E WifiStateMachine: sleep for usb init done
01-01 20:00:35.100  2612  2612 W linker  : libeshareplayer.so has text relocations. This is wasting memory and prevents security hardening. Please fix.
01-01 20:00:35.123  2612  2757 D EShare  : airtune service start
01-01 20:00:35.126  2612  2612 D eshare  : mdns is enbaled
01-01 20:00:35.127  2612  2759 D PointContrlServer: airtune service start
01-01 20:00:35.142  2612  2612 I System.out: AirplayServer start
01-01 20:00:35.164  2612  2612 I System.out: AirplayServer start
01-01 20:00:35.241  1170  2486 D gralloc : allocate buffer from ION HEAP 0x1
01-01 20:00:35.241  1170  2486 D gralloc : allocate memory from system heap
01-01 20:00:35.242  1170  1286 D gralloc : allocate buffer from ION HEAP 0x1
01-01 20:00:35.242  1170  1286 D gralloc : allocate memory from system heap
01-01 20:00:35.242  1170  1286 D gralloc : allocate buffer from ION HEAP 0x1
01-01 20:00:35.242  1170  1286 D gralloc : allocate memory from system heap
01-01 20:00:35.297  2612  2758 D eshare  : airserver service start
01-01 20:00:35.323  1170  1327 D hwcomposer: lastHWWindowInfo is dirty
01-01 20:00:35.432  1182  1182 I tvos    : --[shawn] GetAudioAmp_ExtPCF8574 DOne
01-01 20:00:35.432  1182  1182 I tvos    : tsl2561 uDataToRead_Low:72
01-01 20:00:35.432  1182  1182 I tvos    : tsl2561 uDataToRead_High:72
01-01 20:00:35.432  1182  1182 I tvos    : tsl2561 uDataToRead_ALL:18504
01-01 20:00:35.432  1182  1182 I tvos    : kevin:info mapi_pql_customer.cpp:SetBacklight:2225 m_u8BacklightCh = 0 u32PWM_Duty = 511l 
01-01 20:00:35.432  1182  1182 I tvos    : test Backlight pql customer info
01-01 20:00:35.432  1182  1182 I tvos    : LightSensor : ON --  600
01-01 20:00:35.435  1182  1182 I tvos    : [shawn_TMP75][MSrv_Contorl_Common] 8d
01-01 20:00:35.435  1182  1182 I tvos    : [liangsj_ops][MSrv_Control_common][HeartBeatMonitor:4699]enCurrentInputType=25, PowerOffBoardStatus=0, OPS_ON_Flag=255,OPS_ON_Flag_2=0
01-01 20:00:35.629  1570  2652 I MediaFocusControl:  AudioFocus  abandonAudioFocus() from android.media.AudioManager@2f9d1b61
01-01 20:00:35.784  1825  2347 D SystemUpdateService: WorkHandler::handleMessage() : To perform 'COMMAND_CHECK_LOCAL_INER_UPDATING'.
01-01 20:00:35.784  1825  2347 D SystemUpdateService: getValidFirmwareImageFile() : Target image file path : /cache/update.zip
01-01 20:00:35.784  1825  2347 D SystemUpdateService: getValidFirmwareImageFile() : Target image file path : /cache/update.img
01-01 20:00:35.784  1825  2347 D SystemUpdateService: getValidFirmwareImageFile() : Target image file path : /mnt/external_sd/update.zip
01-01 20:00:35.784  1825  2347 D SystemUpdateService: getValidFirmwareImageFile() : Target image file path : /mnt/external_sd/update.img
01-01 20:00:35.785  1825  2347 D SystemUpdateService:  getValidFirmwareImageFile() ; return null
01-01 20:00:35.785  1825  2347 D SystemUpdateService: requestRemoteServerForUpdate:0
01-01 20:00:35.790  1825  2347 W ActivityThread: ClassLoader.loadClass: The class loader returned by Thread.getContextClassLoader() may fail for processes that host multiple applications. You should explicitly specify a context class loader. For example: Thread.setContextClassLoader(getClass().getClassLoader());
01-01 20:00:35.795  1825  2347 V KtcRequestParser: mRemoteURI=http://www.ktcupdate.cn:3300/otaservlet?product=AndroidMonitor&serial=SDA123456789091&version=V3.0.0
01-01 20:00:35.803  1825  2347 W System.err: java.net.UnknownHostException: Unable to resolve host "update.ktc.cn": No address associated with hostname
01-01 20:00:35.803  1825  2347 W System.err: 	at java.net.InetAddress.lookupHostByName(InetAddress.java:461)
01-01 20:00:35.803  1825  2347 W System.err: 	at java.net.InetAddress.getAllByNameImpl(InetAddress.java:252)
01-01 20:00:35.803  1825  2347 W System.err: 	at java.net.InetAddress.getAllByName(InetAddress.java:215)
01-01 20:00:35.803  1825  2347 W System.err: 	at org.apache.http.impl.conn.DefaultClientConnectionOperator.openConnection(DefaultClientConnectionOperator.java:137)
01-01 20:00:35.803  1825  2347 W System.err: 	at org.apache.http.impl.conn.AbstractPoolEntry.open(AbstractPoolEntry.java:164)
01-01 20:00:35.803  1825  2347 W System.err: 	at org.apache.http.impl.conn.AbstractPooledConnAdapter.open(AbstractPooledConnAdapter.java:119)
01-01 20:00:35.803  1825  2347 W System.err: 	at org.apache.http.impl.client.DefaultRequestDirector.execute(DefaultRequestDirector.java:360)
01-01 20:00:35.803  1825  2347 W System.err: 	at org.apache.http.impl.client.AbstractHttpClient.execute(AbstractHttpClient.java:555)
01-01 20:00:35.803  1825  2347 W System.err: 	at org.apache.http.impl.client.AbstractHttpClient.execute(AbstractHttpClient.java:487)
01-01 20:00:35.803  1825  2347 W System.err: 	at org.apache.http.impl.client.AbstractHttpClient.execute(AbstractHttpClient.java:465)
01-01 20:00:35.803  1825  2347 W System.err: 	at android.systemupdate.requestparser.KtcOtaRequest.requestRemoteServerForUpdate(KtcOtaRequest.java:132)
01-01 20:00:35.803  1825  2347 W System.err: 	at android.systemupdate.service.SystemUpdateService$WorkHandler.handleMessage(SystemUpdateService.java:513)
01-01 20:00:35.803  1825  2347 W System.err: 	at android.os.Handler.dispatchMessage(Handler.java:102)
01-01 20:00:35.803  1825  2347 W System.err: 	at android.os.Looper.loop(Looper.java:135)
01-01 20:00:35.803  1825  2347 W System.err: 	at android.os.HandlerThread.run(HandlerThread.java:61)
01-01 20:00:35.803  1825  2347 W System.err: Caused by: android.system.GaiException: android_getaddrinfo failed: EAI_NODATA (No address associated with hostname)
01-01 20:00:35.804  1825  2347 W System.err: 	at libcore.io.Posix.android_getaddrinfo(Native Method)
01-01 20:00:35.804  1825  2347 W System.err: 	at libcore.io.ForwardingOs.android_getaddrinfo(ForwardingOs.java:55)
01-01 20:00:35.804  1825  2347 W System.err: 	at java.net.InetAddress.lookupHostByName(InetAddress.java:442)
01-01 20:00:35.804  1825  2347 W System.err: 	... 14 more
01-01 20:00:35.804  1825  2347 D SystemUpdateService: request remote server error...0
01-01 20:00:35.824  1182  1182 I tvos    : --[shawn] GetAudioAmp_ExtPCF8574 DOne
01-01 20:00:35.824  1182  1182 I tvos    : tsl2561 uDataToRead_Low:72
01-01 20:00:35.824  1182  1182 I tvos    : tsl2561 uDataToRead_High:72
01-01 20:00:35.824  1182  1182 I tvos    : tsl2561 uDataToRead_ALL:18504
01-01 20:00:35.824  1182  1182 I tvos    : kevin:info mapi_pql_customer.cpp:SetBacklight:2225 m_u8BacklightCh = 0 u32PWM_Duty = 511l 
01-01 20:00:35.824  1182  1182 I tvos    : test Backlight pql customer info
01-01 20:00:35.824  1182  1182 I tvos    : LightSensor : ON --  600
01-01 20:00:35.824  1182  1182 I tvos    : [shawn_TMP75][MSrv_Contorl_Common] 8d
01-01 20:00:35.824  1182  1182 I tvos    : [liangsj_ops][MSrv_Control_common][HeartBeatMonitor:4699]enCurrentInputType=25, PowerOffBoardStatus=0, OPS_ON_Flag=255,OPS_ON_Flag_2=0
01-01 20:00:35.974  1570  1694 D TaskPersister: removeObsoleteFile: deleting file=40_task.xml
01-01 20:00:35.974  1570  1694 D TaskPersister: removeObsoleteFile: deleting file=40_task_thumbnail.png
01-01 20:00:36.045  1570  1654 E WifiStateMachine: sleep for usb init done
01-01 20:00:36.084  1178  1626 I AudioFlinger: BUFFER TIMEOUT: remove(4096) from active list on thread 0xf4aad000
01-01 20:00:36.176  1182  1182 I tvos    : [liangsj_mic][threadMonitor:782]*********MicPlugFlag = 0
01-01 20:00:36.176  1182  1182 I tvos    : [liangsj_mic][threadMonitor:783]*********enCurrentInputType = 25
01-01 20:00:36.304  1825  2347 D SystemUpdateService: requestRemoteServerForUpdate:1
01-01 20:00:36.304  1825  2347 V KtcRequestParser: mRemoteURI=http://update.ktc.cn:3300/otaservlet?product=AndroidMonitor&serial=SDA123456789091&version=V3.0.0
01-01 20:00:36.305  1825  2347 W System.err: java.net.UnknownHostException: Unable to resolve host "update.ktc.cn": No address associated with hostname
01-01 20:00:36.306  1825  2347 W System.err: 	at java.net.InetAddress.lookupHostByName(InetAddress.java:427)
01-01 20:00:36.306  1825  2347 W System.err: 	at java.net.InetAddress.getAllByNameImpl(InetAddress.java:252)
01-01 20:00:36.306  1825  2347 W System.err: 	at java.net.InetAddress.getAllByName(InetAddress.java:215)
01-01 20:00:36.306  1825  2347 W System.err: 	at org.apache.http.impl.conn.DefaultClientConnectionOperator.openConnection(DefaultClientConnectionOperator.java:137)
01-01 20:00:36.306  1825  2347 W System.err: 	at org.apache.http.impl.conn.AbstractPoolEntry.open(AbstractPoolEntry.java:164)
01-01 20:00:36.306  1825  2347 W System.err: 	at org.apache.http.impl.conn.AbstractPooledConnAdapter.open(AbstractPooledConnAdapter.java:119)
01-01 20:00:36.306  1825  2347 W System.err: 	at org.apache.http.impl.client.DefaultRequestDirector.execute(DefaultRequestDirector.java:360)
01-01 20:00:36.306  1825  2347 W System.err: 	at org.apache.http.impl.client.AbstractHttpClient.execute(AbstractHttpClient.java:555)
01-01 20:00:36.306  1825  2347 W System.err: 	at org.apache.http.impl.client.AbstractHttpClient.execute(AbstractHttpClient.java:487)
01-01 20:00:36.306  1825  2347 W System.err: 	at org.apache.http.impl.client.AbstractHttpClient.execute(AbstractHttpClient.java:465)
01-01 20:00:36.306  1825  2347 W System.err: 	at android.systemupdate.requestparser.KtcOtaRequest.requestRemoteServerForUpdate(KtcOtaRequest.java:132)
01-01 20:00:36.306  1825  2347 W System.err: 	at android.systemupdate.service.SystemUpdateService$WorkHandler.handleMessage(SystemUpdateService.java:513)
01-01 20:00:36.306  1825  2347 W System.err: 	at android.os.Handler.dispatchMessage(Handler.java:102)
01-01 20:00:36.306  1825  2347 W System.err: 	at android.os.Looper.loop(Looper.java:135)
01-01 20:00:36.306  1825  2347 W System.err: 	at android.os.HandlerThread.run(HandlerThread.java:61)
01-01 20:00:36.306  1825  2347 D SystemUpdateService: request remote server error...1
01-01 20:00:36.435  1182  1182 I tvos    : --[shawn] GetAudioAmp_ExtPCF8574 DOne
01-01 20:00:36.436  1182  1182 I tvos    : tsl2561 uDataToRead_Low:72
01-01 20:00:36.436  1182  1182 I tvos    : tsl2561 uDataToRead_High:72
01-01 20:00:36.436  1182  1182 I tvos    : tsl2561 uDataToRead_ALL:18504
01-01 20:00:36.436  1182  1182 I tvos    : kevin:info mapi_pql_customer.cpp:SetBacklight:2225 m_u8BacklightCh = 0 u32PWM_Duty = 511l 
01-01 20:00:36.436  1182  1182 I tvos    : test Backlight pql customer info
01-01 20:00:36.436  1182  1182 I tvos    : LightSensor : ON --  600
01-01 20:00:36.436  1182  1182 I tvos    : [shawn_TMP75][MSrv_Contorl_Common] 8d
01-01 20:00:36.436  1182  1182 I tvos    : [liangsj_ops][MSrv_Control_common][HeartBeatMonitor:4699]enCurrentInputType=25, PowerOffBoardStatus=0, OPS_ON_Flag=255,OPS_ON_Flag_2=0
01-01 20:00:36.602  1570  1644 D bluedroid: detect_bt_device!!!
01-01 20:00:36.602  1570  1644 D bluedroid: path = /dev/bus/usb/007
01-01 20:00:36.602  1570  1644 D bluedroid: path = /dev/bus/usb/006
01-01 20:00:36.602  1570  1644 D bluedroid: path = /dev/bus/usb/002
01-01 20:00:36.602  1570  1644 D bluedroid: path = /dev/bus/usb/005
01-01 20:00:36.602  1570  1644 D bluedroid: path = /dev/bus/usb/004
01-01 20:00:36.602  1570  1644 D bluedroid: path = /dev/bus/usb/003
01-01 20:00:36.602  1570  1644 D bluedroid: path = /dev/bus/usb/001
01-01 20:00:36.603  1570  1644 D bluedroid: bt find pid:179 vid:bda device!
01-01 20:00:36.603  1570  1644 D bluedroid: bt find pid:608 vid:5e3 device!
01-01 20:00:36.603  1570  1644 D bluedroid: bt find pid:1666 vid:951 device!
01-01 20:00:36.603  1570  1644 D bluedroid: ============device_count = 0
01-01 20:00:36.603  1570  1644 D bluedroid: func bt_common_load_driver no bt dongle! 
01-01 20:00:36.806  1825  2347 D SystemUpdateService: requestRemoteServerForUpdate:2
01-01 20:00:36.806  1825  2347 V KtcRequestParser: mRemoteURI=http://update.ktc.cn:3300/otaservlet?product=AndroidMonitor&serial=SDA123456789091&version=V3.0.0
01-01 20:00:36.807  1825  2347 W System.err: java.net.UnknownHostException: Unable to resolve host "update.ktc.cn": No address associated with hostname
01-01 20:00:36.808  1825  2347 W System.err: 	at java.net.InetAddress.lookupHostByName(InetAddress.java:427)
01-01 20:00:36.808  1825  2347 W System.err: 	at java.net.InetAddress.getAllByNameImpl(InetAddress.java:252)
01-01 20:00:36.808  1825  2347 W System.err: 	at java.net.InetAddress.getAllByName(InetAddress.java:215)
01-01 20:00:36.808  1825  2347 W System.err: 	at org.apache.http.impl.conn.DefaultClientConnectionOperator.openConnection(DefaultClientConnectionOperator.java:137)
01-01 20:00:36.808  1825  2347 W System.err: 	at org.apache.http.impl.conn.AbstractPoolEntry.open(AbstractPoolEntry.java:164)
01-01 20:00:36.808  1825  2347 W System.err: 	at org.apache.http.impl.conn.AbstractPooledConnAdapter.open(AbstractPooledConnAdapter.java:119)
01-01 20:00:36.808  1825  2347 W System.err: 	at org.apache.http.impl.client.DefaultRequestDirector.execute(DefaultRequestDirector.java:360)
01-01 20:00:36.808  1825  2347 W System.err: 	at org.apache.http.impl.client.AbstractHttpClient.execute(AbstractHttpClient.java:555)
01-01 20:00:36.808  1825  2347 W System.err: 	at org.apache.http.impl.client.AbstractHttpClient.execute(AbstractHttpClient.java:487)
01-01 20:00:36.808  1825  2347 W System.err: 	at org.apache.http.impl.client.AbstractHttpClient.execute(AbstractHttpClient.java:465)
01-01 20:00:36.808  1825  2347 W System.err: 	at android.systemupdate.requestparser.KtcOtaRequest.requestRemoteServerForUpdate(KtcOtaRequest.java:132)
01-01 20:00:36.808  1825  2347 W System.err: 	at android.systemupdate.service.SystemUpdateService$WorkHandler.handleMessage(SystemUpdateService.java:513)
01-01 20:00:36.808  1825  2347 W System.err: 	at android.os.Handler.dispatchMessage(Handler.java:102)
01-01 20:00:36.808  1825  2347 W System.err: 	at android.os.Looper.loop(Looper.java:135)
01-01 20:00:36.808  1825  2347 W System.err: 	at android.os.HandlerThread.run(HandlerThread.java:61)
01-01 20:00:36.808  1825  2347 D SystemUpdateService: request remote server error...2
01-01 20:00:36.854  1182  1182 I tvos    : --[shawn] GetAudioAmp_ExtPCF8574 DOne
01-01 20:00:36.854  1182  1182 I tvos    : tsl2561 uDataToRead_Low:72
01-01 20:00:36.854  1182  1182 I tvos    : tsl2561 uDataToRead_High:72
01-01 20:00:36.854  1182  1182 I tvos    : tsl2561 uDataToRead_ALL:18504
01-01 20:00:36.854  1182  1182 I tvos    : kevin:info mapi_pql_customer.cpp:SetBacklight:2225 m_u8BacklightCh = 0 u32PWM_Duty = 511l 
01-01 20:00:36.854  1182  1182 I tvos    : test Backlight pql customer info
01-01 20:00:36.854  1182  1182 I tvos    : LightSensor : ON --  600
01-01 20:00:36.854  1182  1182 I tvos    : [shawn_TMP75][MSrv_Contorl_Common] 8d
01-01 20:00:36.854  1182  1182 I tvos    : [liangsj_ops][MSrv_Control_common][HeartBeatMonitor:4699]enCurrentInputType=25, PowerOffBoardStatus=0, OPS_ON_Flag=255,OPS_ON_Flag_2=0
01-01 20:00:37.046  1570  1654 E WifiStateMachine: sleep for usb init done
01-01 20:00:37.273  1170  1327 D hwcomposer: lastHWWindowInfo is dirty
01-01 20:00:37.436  1182  1182 I tvos    : --[shawn] GetAudioAmp_ExtPCF8574 DOne
01-01 20:00:37.436  1182  1182 I tvos    : tsl2561 uDataToRead_Low:72
01-01 20:00:37.436  1182  1182 I tvos    : tsl2561 uDataToRead_High:72
01-01 20:00:37.436  1182  1182 I tvos    : tsl2561 uDataToRead_ALL:18504
01-01 20:00:37.436  1182  1182 I tvos    : kevin:info mapi_pql_customer.cpp:SetBacklight:2225 m_u8BacklightCh = 0 u32PWM_Duty = 511l 
01-01 20:00:37.436  1182  1182 I tvos    : test Backlight pql customer info
01-01 20:00:37.436  1182  1182 I tvos    : LightSensor : ON --  600
01-01 20:00:37.437  1182  1182 I tvos    : [shawn_TMP75][MSrv_Contorl_Common] 8d
01-01 20:00:37.437  1182  1182 I tvos    : [liangsj_ops][MSrv_Control_common][HeartBeatMonitor:4699]enCurrentInputType=25, PowerOffBoardStatus=0, OPS_ON_Flag=255,OPS_ON_Flag_2=0
01-01 20:00:37.509  1182  1182 I tvos    : [37m[INFO] Change to Voltage: 102 mv (0x23)[m
01-01 20:00:37.566  1570  1656 D WifiHW  : func load_prealloc_module count = 99 
01-01 20:00:37.723  1170  1327 D hwcomposer: lastHWWindowInfo is dirty
01-01 20:00:37.734  2348  2473 I GlobalDismissManager: no sender configured
01-01 20:00:37.734  2348  2473 D AlertService: Beginning updateAlertNotification
01-01 20:00:37.744  2348  2473 D AlertService: No fired or scheduled alerts
01-01 20:00:37.749  2348  2473 D AlertService: Scheduling next alarm with AlarmScheduler. sEventReminderReceived: null
01-01 20:00:37.760  2348  2473 D AlarmScheduler: No events found starting within 1 week.
01-01 20:00:37.761  2348  2473 D AlertService: 0 Action = android.intent.action.BOOT_COMPLETED
01-01 20:00:37.764  2348  2473 D AlertService: Scheduling next alarm with AlarmScheduler. sEventReminderReceived: null
01-01 20:00:37.774  2348  2473 D AlarmScheduler: No events found starting within 1 week.
01-01 20:00:37.856  1182  1182 I tvos    : --[shawn] GetAudioAmp_ExtPCF8574 DOne
01-01 20:00:37.856  1182  1182 I tvos    : tsl2561 uDataToRead_Low:72
01-01 20:00:37.856  1182  1182 I tvos    : tsl2561 uDataToRead_High:72
01-01 20:00:37.856  1182  1182 I tvos    : tsl2561 uDataToRead_ALL:18504
01-01 20:00:37.856  1182  1182 I tvos    : kevin:info mapi_pql_customer.cpp:SetBacklight:2225 m_u8BacklightCh = 0 u32PWM_Duty = 511l 
01-01 20:00:37.856  1182  1182 I tvos    : test Backlight pql customer info
01-01 20:00:37.856  1182  1182 I tvos    : LightSensor : ON --  600
01-01 20:00:37.859  1182  1182 I tvos    : [shawn_TMP75][MSrv_Contorl_Common] 8d
01-01 20:00:37.859  1182  1182 I tvos    : [liangsj_ops][MSrv_Control_common][HeartBeatMonitor:4699]enCurrentInputType=25, PowerOffBoardStatus=0, OPS_ON_Flag=255,OPS_ON_Flag_2=0
01-01 20:00:38.046  1570  1654 E WifiStateMachine: sleep for usb init done
01-01 20:00:38.178  1182  1182 I tvos    : [liangsj_mic][threadMonitor:782]*********MicPlugFlag = 0
01-01 20:00:38.178  1182  1182 I tvos    : [liangsj_mic][threadMonitor:783]*********enCurrentInputType = 25
01-01 20:00:38.267  1570  1656 D WifiHW  : start to parse_config!
01-01 20:00:38.267  1570  1656 D WifiHW  : value = RTL8192EU
01-01 20:00:38.267  1570  1656 D WifiHW  : dev_info name = RTL8192EU
01-01 20:00:38.267  1570  1656 D WifiHW  : value = MT7662STA
01-01 20:00:38.267  1570  1656 D WifiHW  : dev_info name = MT7662STA
01-01 20:00:38.268  1570  1656 D WifiHW  : value = MT7603STA
01-01 20:00:38.268  1570  1656 D WifiHW  : dev_info name = MT7603STA
01-01 20:00:38.268  1570  1656 D WifiHW  : value = RAL5370
01-01 20:00:38.268  1570  1656 D WifiHW  : dev_info name = RAL5370
01-01 20:00:38.268  1570  1656 D WifiHW  : value = RTL8188ETV
01-01 20:00:38.268  1570  1656 D WifiHW  : dev_info name = RTL8188ETV
01-01 20:00:38.268  1570  1656 D WifiHW  : value = RTL8812AUS
01-01 20:00:38.268  1570  1656 D WifiHW  : dev_info name = RTL8812AUS
01-01 20:00:38.268  1570  1656 D WifiHW  : value = BCM43569
01-01 20:00:38.268  1570  1656 D WifiHW  : dev_info name = BCM43569
01-01 20:00:38.268  1570  1656 D WifiHW  : parse_config successfully!!
01-01 20:00:38.268  1570  1656 D WifiHW  : detect_wifi_device!!!
01-01 20:00:38.268  1570  1656 D WifiHW  : path = /dev/bus/usb/007
01-01 20:00:38.268  1570  1656 D WifiHW  : path = /dev/bus/usb/006
01-01 20:00:38.268  1570  1656 D WifiHW  : path = /dev/bus/usb/002
01-01 20:00:38.268  1570  1656 D WifiHW  : path = /dev/bus/usb/005
01-01 20:00:38.268  1570  1656 D WifiHW  : path = /dev/bus/usb/004
01-01 20:00:38.268  1570  1656 D WifiHW  : path = /dev/bus/usb/003
01-01 20:00:38.268  1570  1656 D WifiHW  : path = /dev/bus/usb/001
01-01 20:00:38.269  1570  1656 D WifiHW  : wifi_device_list[4] = 1
01-01 20:00:38.269  1570  1656 D WifiHW  : enter func set_driver_property device_id = 4
01-01 20:00:38.269  1570  1656 D WifiHW  : ==>enter func get_device_by_order
01-01 20:00:38.269  1570  1656 D WifiHW  : ============device_count = 1
01-01 20:00:38.353  2391  2796 E SQLiteLog: (284) automatic index on view_events(_id)
01-01 20:00:38.438  1182  1182 I tvos    : --[shawn] GetAudioAmp_ExtPCF8574 DOne
01-01 20:00:38.438  1182  1182 I tvos    : tsl2561 uDataToRead_Low:72
01-01 20:00:38.438  1182  1182 I tvos    : tsl2561 uDataToRead_High:72
01-01 20:00:38.438  1182  1182 I tvos    : tsl2561 uDataToRead_ALL:18504
01-01 20:00:38.438  1182  1182 I tvos    : kevin:info mapi_pql_customer.cpp:SetBacklight:2225 m_u8BacklightCh = 0 u32PWM_Duty = 511l 
01-01 20:00:38.438  1182  1182 I tvos    : test Backlight pql customer info
01-01 20:00:38.438  1182  1182 I tvos    : LightSensor : ON --  600
01-01 20:00:38.441  1182  1182 I tvos    : [shawn_TMP75][MSrv_Contorl_Common] 8d
01-01 20:00:38.441  1182  1182 I tvos    : [liangsj_ops][MSrv_Control_common][HeartBeatMonitor:4699]enCurrentInputType=25, PowerOffBoardStatus=0, OPS_ON_Flag=255,OPS_ON_Flag_2=0
01-01 20:00:38.456  1170  1327 D hwcomposer: lastHWWindowInfo is dirty
01-01 20:00:38.875  1182  1182 I tvos    : --[shawn] GetAudioAmp_ExtPCF8574 DOne
01-01 20:00:38.879  1182  1182 I tvos    : tsl2561 uDataToRead_Low:72
01-01 20:00:38.879  1182  1182 I tvos    : tsl2561 uDataToRead_High:72
01-01 20:00:38.879  1182  1182 I tvos    : tsl2561 uDataToRead_ALL:18504
01-01 20:00:38.879  1182  1182 I tvos    : kevin:info mapi_pql_customer.cpp:SetBacklight:2225 m_u8BacklightCh = 0 u32PWM_Duty = 511l 
01-01 20:00:38.879  1182  1182 I tvos    : test Backlight pql customer info
01-01 20:00:38.879  1182  1182 I tvos    : LightSensor : ON --  600
01-01 20:00:38.883  1182  1182 I tvos    : [shawn_TMP75][MSrv_Contorl_Common] 8d
01-01 20:00:38.883  1182  1182 I tvos    : [liangsj_ops][MSrv_Control_common][HeartBeatMonitor:4699]enCurrentInputType=25, PowerOffBoardStatus=0, OPS_ON_Flag=255,OPS_ON_Flag_2=0
01-01 20:00:38.952  1570  1873 I ActivityManager: START u0 {cmp=com.mstar.tv.tvplayer.ui/.RootActivity} from uid 1000 on display 0
01-01 20:00:38.954  1570  2653 W ActivityManager: Duplicate finish request for ActivityRecord{17b24a65 u0 com.mstar.tv.tvplayer.ui/.channel.SourceInfoActivity t43 f}
01-01 20:00:38.955  1878  1878 D SourceInfoActivity: onPause
01-01 20:00:38.955  1878  1878 D TvChannelManager: unregisterOnAtvPlayerEventListener  size: 1
01-01 20:00:38.955  1878  1878 D TvChannelManager: unregisterOnDtvPlayerEventListener  size: 1
01-01 20:00:38.955  1878  1878 D TvChannelManager: unregisterOnTvPlayerEventListener  size: 1
01-01 20:00:38.956  1570  2183 W ActivityManager: Duplicate finish request for ActivityRecord{17b24a65 u0 com.mstar.tv.tvplayer.ui/.channel.SourceInfoActivity t43 f}
01-01 20:00:38.956  1570  2154 V ActivityManager: set mstar.EnterOpaqueUI false
01-01 20:00:38.958  1570  2154 I ActivityManager: TR3) TaskRecord{154ae032 #43 A=com.mstar.tv.tvplayer.ui U=0 sz=2}
01-01 20:00:38.958  1570  2154 I ActivityManager: TR2) TaskRecord{27c4a88a #42 A=com.android.launcher3 U=0 sz=1}
01-01 20:00:38.964  1878  1878 E RootActivity: onNewIntent isPVRStandby=false
01-01 20:00:38.964  1878  1878 I RootActivity: onResume()
01-01 20:00:38.964  1878  1878 I System.out: 1
01-01 20:00:38.964  1878  1878 D RootActivity: onResume() mScreenSaverStatus = -1
01-01 20:00:38.964  1878  1878 W ContextImpl: Calling a method in the system process without a qualified user: android.app.ContextImpl.sendBroadcast:1321 android.content.ContextWrapper.sendBroadcast:376 com.mstar.tv.tvplayer.ui.RootActivity.onResume:1753 android.app.Instrumentation.callActivityOnResume:1241 android.app.Activity.performResume:6023 
01-01 20:00:38.965  1878  1878 D TvCommonManager: isSupportModule ( 11 )
01-01 20:00:38.966  1788  1810 I TvManager_JNI: getCompilerFlag
01-01 20:00:38.966  1878  1878 D TvCommonManager: isSupportModule ( 12 )
01-01 20:00:38.966  2446  2446 I HotKeyBroadCastReceiver: Receive com.mstar.tv.ui.tvstart!
01-01 20:00:38.967  1788  2465 I TvManager_JNI: getCompilerFlag
01-01 20:00:38.968  1878  1878 D RootActivity: get previous input source from preference:25
01-01 20:00:38.971  1878  1878 I RootActivity: curInputSource is :25
01-01 20:00:38.971  1878  1878 D RootActivity: mIsMsrvStarted:false
01-01 20:00:38.972  1878  1878 D RootActivity: only use updateScreenSaver to update NoSignalTextView when first boot up
01-01 20:00:38.972  1878  1878 D TvCaManager: CaGetVer()
01-01 20:00:38.972  1788  2470 I CaManager_JNI: CaGetVer
01-01 20:00:38.979  1788  1810 I TvManager_JNI: setTvosCommonCommand
01-01 20:00:38.979  1182  1182 I tvos    : get TvEventListenerReady
01-01 20:00:39.046  1570  1654 D WifiHW  : enter fuc wifi_common_load_driver mode : = sta
01-01 20:00:39.047  1570  1654 D WifiHW  : wifi_device_list[4] = 1
01-01 20:00:39.047  1570  1654 D WifiHW  : enter func set_driver_property device_id = 4
01-01 20:00:39.047  1570  1654 D WifiHW  : ==>enter func get_device_by_order
01-01 20:00:39.047  1570  1654 D WifiHW  : ==>enter func get_device_by_name
01-01 20:00:39.227  1182  1182 I tvos    : ----------InputSrc 38 changed-----
01-01 20:00:39.227  1182  1182 I tvos    :  Source plug in happen!!!
01-01 20:00:39.227  1788  1788 I TvManager_JNI: setTvosCommonCommand
01-01 20:00:39.228  1182  1182 I tvos    : [shawn][INFO]: SetTvosCommonCommand start 
01-01 20:00:39.228  1182  1182 I tvos    : --[shawn] GetAudioAmp_ExtPCF8574 DOne
01-01 20:00:39.228  1788  1788 D DeskTvEventListener: Broadcast, input source status changes! 
01-01 20:00:39.229  1788  1788 W ContextImpl: Calling a method in the system process without a qualified user: android.app.ContextImpl.sendBroadcast:1321 android.content.ContextWrapper.sendBroadcast:376 com.mstar.tv.service.DeskTvEventListener.onUnityEvent:412 com.mstar.android.tvapi.common.TvManager$EventHandler.handleMessage:261 android.os.Handler.dispatchMessage:102 
01-01 20:00:39.263  1170  1327 D hwcomposer: lastHWWindowInfo is dirty
01-01 20:00:39.402  1182  1182 I tvos    : [37m[INFO] Change to Voltage: 117 mv (0x32)[m
01-01 20:00:39.436  1182  1182 I tvos    : --[shawn] GetAudioAmp_ExtPCF8574 DOne
01-01 20:00:39.438  1182  1182 I tvos    : tsl2561 uDataToRead_Low:72
01-01 20:00:39.438  1182  1182 I tvos    : tsl2561 uDataToRead_High:72
01-01 20:00:39.438  1182  1182 I tvos    : tsl2561 uDataToRead_ALL:18504
01-01 20:00:39.439  1182  1182 I tvos    : kevin:info mapi_pql_customer.cpp:SetBacklight:2225 m_u8BacklightCh = 0 u32PWM_Duty = 511l 
01-01 20:00:39.439  1182  1182 I tvos    : test Backlight pql customer info
01-01 20:00:39.439  1182  1182 I tvos    : LightSensor : ON --  600
01-01 20:00:39.442  1182  1182 I tvos    : [shawn_TMP75][MSrv_Contorl_Common] 8d
01-01 20:00:39.442  1182  1182 I tvos    : [liangsj_ops][MSrv_Control_common][HeartBeatMonitor:4699]enCurrentInputType=25, PowerOffBoardStatus=0, OPS_ON_Flag=255,OPS_ON_Flag_2=0
01-01 20:00:39.486  2134  2691 I NetFsHelper: Cmd:esharert -c iptables -t nat -A PREROUTING -p tcp --dport 80 -j REDIRECT --to-port 8000
01-01 20:00:39.523  2134  2691 I NetFsHelper: shellCmd() process.waitFor 255
01-01 20:00:39.523  2134  2691 I NetFsHelper: msg:
01-01 20:00:39.548  1570  1654 D WifiHW  : func wifi_common_load_driver count = 99 
01-01 20:00:39.748  1570  1654 D WifiHW  : func wifi_common_load_driver count = 98 
01-01 20:00:39.802  1182  1182 I tvos    : [37m[INFO] Change to Voltage: 102 mv (0x23)[m
01-01 20:00:39.867  1570  1601 D Tethering: sendTetherStateChangedBroadcast 0, 0, 0
01-01 20:00:39.867  1570  1601 D Tethering: InitialState.processMessage what=4
01-01 20:00:39.867  1570  1601 D Tethering: sendTetherStateChangedBroadcast 0, 0, 0
01-01 20:00:39.878  1182  1182 I tvos    : --[shawn] GetAudioAmp_ExtPCF8574 DOne
01-01 20:00:39.883  1182  1182 I tvos    : tsl2561 uDataToRead_Low:72
01-01 20:00:39.884  1182  1182 I tvos    : tsl2561 uDataToRead_High:72
01-01 20:00:39.884  1182  1182 I tvos    : tsl2561 uDataToRead_ALL:18504
01-01 20:00:39.884  1182  1182 I tvos    : kevin:info mapi_pql_customer.cpp:SetBacklight:2225 m_u8BacklightCh = 0 u32PWM_Duty = 511l 
01-01 20:00:39.884  1182  1182 I tvos    : test Backlight pql customer info
01-01 20:00:39.884  1182  1182 I tvos    : LightSensor : ON --  600
01-01 20:00:39.888  1182  1182 I tvos    : [shawn_TMP75][MSrv_Contorl_Common] 8d
01-01 20:00:39.888  1182  1182 I tvos    : [liangsj_ops][MSrv_Control_common][HeartBeatMonitor:4699]enCurrentInputType=25, PowerOffBoardStatus=0, OPS_ON_Flag=255,OPS_ON_Flag_2=0
01-01 20:00:39.948  1570  1654 D WifiHW  : func wifi_common_load_driver count = 97 
01-01 20:00:39.964  1788  2465 I PictureManager_JNI: is4K2KMode
01-01 20:00:39.965  1878  1878 D TvPictureManager: is4K2KMode() return = false
01-01 20:00:40.148  1570  1654 D WifiHW  : func wifi_common_load_driver count = 96 
01-01 20:00:40.183  1182  1182 I tvos    : [liangsj_mic][threadMonitor:782]*********MicPlugFlag = 0
01-01 20:00:40.183  1182  1182 I tvos    : [liangsj_mic][threadMonitor:783]*********enCurrentInputType = 25
01-01 20:00:40.348  1570  1654 D WifiHW  : func wifi_common_load_driver count = 95 
01-01 20:00:40.438  1182  1182 I tvos    : --[shawn] GetAudioAmp_ExtPCF8574 DOne
01-01 20:00:40.441  1182  1182 I tvos    : tsl2561 uDataToRead_Low:72
01-01 20:00:40.441  1182  1182 I tvos    : tsl2561 uDataToRead_High:72
01-01 20:00:40.441  1182  1182 I tvos    : tsl2561 uDataToRead_ALL:18504
01-01 20:00:40.441  1182  1182 I tvos    : kevin:info mapi_pql_customer.cpp:SetBacklight:2225 m_u8BacklightCh = 0 u32PWM_Duty = 511l 
01-01 20:00:40.442  1182  1182 I tvos    : test Backlight pql customer info
01-01 20:00:40.442  1182  1182 I tvos    : LightSensor : ON --  600
01-01 20:00:40.446  1182  1182 I tvos    : [shawn_TMP75][MSrv_Contorl_Common] 8d
01-01 20:00:40.446  1182  1182 I tvos    : [liangsj_ops][MSrv_Control_common][HeartBeatMonitor:4699]enCurrentInputType=25, PowerOffBoardStatus=0, OPS_ON_Flag=255,OPS_ON_Flag_2=0
01-01 20:00:40.549  1570  1654 D WifiHW  : func wifi_common_load_driver count = 94 
01-01 20:00:40.749  1570  1654 D WifiHW  : func wifi_common_load_driver count = 93 
01-01 20:00:40.893  1182  1182 I tvos    : --[shawn] GetAudioAmp_ExtPCF8574 DOne
01-01 20:00:40.901  1182  1182 I tvos    : tsl2561 uDataToRead_Low:72
01-01 20:00:40.901  1182  1182 I tvos    : tsl2561 uDataToRead_High:72
01-01 20:00:40.901  1182  1182 I tvos    : tsl2561 uDataToRead_ALL:18504
01-01 20:00:40.902  1182  1182 I tvos    : kevin:info mapi_pql_customer.cpp:SetBacklight:2225 m_u8BacklightCh = 0 u32PWM_Duty = 511l 
01-01 20:00:40.902  1182  1182 I tvos    : test Backlight pql customer info
01-01 20:00:40.902  1182  1182 I tvos    : LightSensor : ON --  600
01-01 20:00:40.906  1182  1182 I tvos    : [shawn_TMP75][MSrv_Contorl_Common] 8d
01-01 20:00:40.906  1182  1182 I tvos    : [liangsj_ops][MSrv_Control_common][HeartBeatMonitor:4699]enCurrentInputType=25, PowerOffBoardStatus=0, OPS_ON_Flag=255,OPS_ON_Flag_2=0
01-01 20:00:40.950  1173  1561 D SoftapController: Softap fwReload - Ok
01-01 20:00:40.951  1173  1561 D CommandListener: Setting iface cfg
01-01 20:00:40.951  1173  1561 D CommandListener: Trying to bring down wlan0
01-01 20:00:40.952  1173  1561 D CommandListener: Clearing all IP addresses on wlan0
01-01 20:00:40.954  1570  1654 D WifiHW  : enter func wifi_start_supplicant p2p_supported = 1
01-01 20:00:40.954  1570  1654 E WifiHW  : /data/misc/wifi/p2p_supplicant.conf is all right
01-01 20:00:40.955  1570  1654 E WifiHW  : /data/misc/wifi/wpa_supplicant.conf is all right
01-01 20:00:40.959  1570  1654 D WifiMonitor: startMonitoring(wlan0) with mConnected = false
01-01 20:00:40.960  1570  1654 E WifiHW  : Unable to open connection to supplicant on "/data/system/wpa_supplicant/wlan0": Connection refused
01-01 20:00:40.998  1570  1591 I ActivityManager: Start proc com.jrm.localmm for broadcast com.jrm.localmm/.util.NetworkStatusChangeReceiver: pid=2826 uid=1000 gids={41000, 9997, 1028, 1015, 2001, 1023, 1024, 3003, 3002, 3001, 1007} abi=armeabi-v7a
01-01 20:00:41.013  2825  2825 I wpa_supplicant: supp-global-ctrl-iface-init(/data/system/wpa_supplicant/wlan0) (will try fixup): bind(PF_UNIX): Address already in use
01-01 20:00:41.013  2825  2825 I wpa_supplicant: Successfully initialized wpa_supplicant
01-01 20:00:41.015  2825  2825 I wpa_supplicant: rfkill: Cannot open RFKILL control device
01-01 20:00:41.017  1189  1189 I art     : Explicit concurrent mark sweep GC freed 707(30KB) AllocSpace objects, 0(0B) LOS objects, 40% free, 2MB/3MB, paused 350us total 19.289ms
01-01 20:00:41.040  1189  1189 I art     : Explicit concurrent mark sweep GC freed 5(160B) AllocSpace objects, 0(0B) LOS objects, 40% free, 2MB/3MB, paused 333us total 23.088ms
01-01 20:00:41.058  1189  1189 I art     : Explicit concurrent mark sweep GC freed 5(160B) AllocSpace objects, 0(0B) LOS objects, 40% free, 2MB/3MB, paused 308us total 17.406ms
01-01 20:00:41.061  2826  2826 I NetStatusChangeReceiver: onReceive intent:Intent { act=android.net.wifi.WIFI_STATE_CHANGED flg=0x4000010 cmp=com.jrm.localmm/.util.NetworkStatusChangeReceiver (has extras) }
01-01 20:00:41.073  2826  2826 I NetStatusChangeReceiver: mWifiFlag:false mEthernetFlag:false mPppoeFlag:false
01-01 20:00:41.073  2826  2826 I NetStatusChangeReceiver: send com.mstar.localmm.network.disconnect
01-01 20:00:41.074  2826  2826 W ContextImpl: Calling a method in the system process without a qualified user: android.app.ContextImpl.sendBroadcast:1321 android.content.ContextWrapper.sendBroadcast:376 android.content.ContextWrapper.sendBroadcast:376 com.jrm.localmm.util.NetworkStatusChangeReceiver.onReceive:185 android.app.ActivityThread.handleReceiver:2579 
01-01 20:00:41.438  1182  1182 I tvos    : --[shawn] GetAudioAmp_ExtPCF8574 DOne
01-01 20:00:41.442  1182  1182 I tvos    : tsl2561 uDataToRead_Low:72
01-01 20:00:41.442  1182  1182 I tvos    : tsl2561 uDataToRead_High:72
01-01 20:00:41.442  1182  1182 I tvos    : tsl2561 uDataToRead_ALL:18504
01-01 20:00:41.442  1182  1182 I tvos    : kevin:info mapi_pql_customer.cpp:SetBacklight:2225 m_u8BacklightCh = 0 u32PWM_Duty = 511l 
01-01 20:00:41.442  1182  1182 I tvos    : test Backlight pql customer info
01-01 20:00:41.443  1182  1182 I tvos    : LightSensor : ON --  600
01-01 20:00:41.447  1182  1182 I tvos    : [shawn_TMP75][MSrv_Contorl_Common] 8d
01-01 20:00:41.447  1182  1182 I tvos    : [liangsj_ops][MSrv_Control_common][HeartBeatMonitor:4699]enCurrentInputType=25, PowerOffBoardStatus=0, OPS_ON_Flag=255,OPS_ON_Flag_2=0
01-01 20:00:41.499  1182  1182 I tvos    : [37m[INFO] Change to Voltage: 117 mv (0x32)[m
01-01 20:00:41.604  1182  1182 I tvos    : [37m[INFO] Change to Voltage: 102 mv (0x23)[m
01-01 20:00:41.821  2825  2825 I wpa_supplicant: rfkill: Cannot open RFKILL control device
01-01 20:00:41.908  1182  1182 I tvos    : --[shawn] GetAudioAmp_ExtPCF8574 DOne
01-01 20:00:41.913  1182  1182 I tvos    : tsl2561 uDataToRead_Low:72
01-01 20:00:41.913  1182  1182 I tvos    : tsl2561 uDataToRead_High:72
01-01 20:00:41.913  1182  1182 I tvos    : tsl2561 uDataToRead_ALL:18504
01-01 20:00:41.913  1182  1182 I tvos    : kevin:info mapi_pql_customer.cpp:SetBacklight:2225 m_u8BacklightCh = 0 u32PWM_Duty = 511l 
01-01 20:00:41.913  1182  1182 I tvos    : test Backlight pql customer info
01-01 20:00:41.913  1182  1182 I tvos    : LightSensor : ON --  600
01-01 20:00:41.918  1182  1182 I tvos    : [shawn_TMP75][MSrv_Contorl_Common] 8d
01-01 20:00:41.918  1182  1182 I tvos    : [liangsj_ops][MSrv_Control_common][HeartBeatMonitor:4699]enCurrentInputType=25, PowerOffBoardStatus=0, OPS_ON_Flag=255,OPS_ON_Flag_2=0
01-01 20:00:41.965  1570  1658 D ConnectivityService: Got NetworkFactory Messenger for WIFI
01-01 20:00:41.970  2826  2826 I NetStatusChangeReceiver: onReceive intent:Intent { act=android.net.wifi.WIFI_STATE_CHANGED flg=0x4000010 cmp=com.jrm.localmm/.util.NetworkStatusChangeReceiver (has extras) }
01-01 20:00:41.971  2826  2826 I NetStatusChangeReceiver: mWifiFlag:false mEthernetFlag:false mPppoeFlag:false
01-01 20:00:41.971  2826  2826 I NetStatusChangeReceiver: send com.mstar.localmm.network.disconnect
01-01 20:00:41.971  1570  1654 D WifiConfigStore: Loading config and enabling all networks 
01-01 20:00:41.971  2826  2826 W ContextImpl: Calling a method in the system process without a qualified user: android.app.ContextImpl.sendBroadcast:1321 android.content.ContextWrapper.sendBroadcast:376 android.content.ContextWrapper.sendBroadcast:376 com.jrm.localmm.util.NetworkStatusChangeReceiver.onReceive:185 android.app.ActivityThread.handleReceiver:2579 
01-01 20:00:41.983  1570  1654 E WifiConfigStore: Error parsing configuration: java.io.FileNotFoundException: /data/misc/wifi/ipconfig.txt: open failed: ENOENT (No such file or directory)
01-01 20:00:41.990  1570  1654 D WifiNative-HAL: Setting external_sim to 1
01-01 20:00:41.991  1570  1654 D WifiStateMachine: Setting OUI to DA-A1-19
01-01 20:00:41.991  1570  1654 I WifiNative-HAL: startHal
01-01 20:00:41.991  1570  1654 E wifi    : getStaticLongField sWifiHalHandle 0x7f9afff350
01-01 20:00:41.991  1570  1654 I WifiHAL : Initializing wifi
01-01 20:00:41.991  1570  1654 I WifiHAL : Creating socket
01-01 20:00:41.992  1570  1654 E WifiHAL : Could not find group vendor
01-01 20:00:41.992  1570  1654 D WifiHAL : Found 2 interfaces
01-01 20:00:41.992  1570  1654 I WifiHAL : Initialized Wifi HAL Successfully; vendor cmd = 103
01-01 20:00:41.992  1570  1654 D wifi    : Did set static halHandle = 0x7faa067800
01-01 20:00:41.992  1570  1654 D wifi    : halHandle = 0x7faa067800, mVM = 0x7faf657380, mCls = 0x400b92
01-01 20:00:41.992  1570  1654 E wifi    : getStaticLongField sWifiHalHandle 0x7f9afff2c0
01-01 20:00:41.992  1570  1654 D wifi    : array field set
01-01 20:00:41.993  1570  1654 I WifiNative-HAL: interface[0] = wlan0
01-01 20:00:41.993  1570  1654 I WifiNative-HAL: interface[1] = p2p0
01-01 20:00:41.994  1570  1654 D wifi    : setting scan oui 0x7f979b6ec0
01-01 20:00:41.994  1570  1654 D WifiHAL : Sending mac address OUI
01-01 20:00:41.994  1570  1654 E WifiHAL : failed to set scanning mac OUI; result = -95
01-01 20:00:41.994  1570  2847 I WifiNative-HAL: Waiting for HAL events mWifiHalHandle=548313397248
01-01 20:00:41.994  1570  2847 D wifi    : waitForHalEvents called, vm = 0x7faf657380, obj = 0x400b92, env = 0x7f9f76c0c0
01-01 20:00:41.994  1570  2847 E wifi    : getStaticLongField sWifiHalHandle 0x7f974ff770
01-01 20:00:42.013  2705  2754 D MCastStateTracker: enable wfd and set wfd info
01-01 20:00:42.017  2705  2705 D MCastStateTracker: Failed to set WFD info with reason 2.
01-01 20:00:42.028  2825  2825 I wpa_supplicant: wlan0: CTRL-EVENT-SCAN-STARTED 
01-01 20:00:42.029  1570  1654 E wifi    : android_net_wifi_getLinkLayerStats: failed to get link statistics
