01-01 20:00:10.781  1570  1570 D GpsLocationProvider: SUPL_HOST=supl.google.com
01-01 20:00:10.781  1570  1570 D GpsLocationProvider: NTP_SERVER=north-america.pool.ntp.org
01-01 20:00:10.781  1570  1570 D GpsLocationProvider: SUPL_PORT=7275
01-01 20:00:10.781  1570  1570 D GpsLocationProvider: SUPL_MODE=1
01-01 20:00:10.790  1570  1570 W LocationManagerService: no network location provider found
01-01 20:00:10.791  1959  1959 E UserSettingProvider: ================>>>>>> open db success
01-01 20:00:10.795  1178  1631 D NuPlayerDriver: reset(0xf3a0e040)
01-01 20:00:10.796  1570  1570 E LocationManagerService: no geocoder provider found
01-01 20:00:10.797  1570  1570 E FlpHardwareProvider: Error hw_get_module 'flp': -2
01-01 20:00:10.797  1570  1570 E LocationManagerService: FLP HAL not supported
01-01 20:00:10.797  1959  1959 E FactoryProvider: ================>>>>>> open db start
01-01 20:00:10.800  1178  2077 D NuPlayerDriver: notifyResetComplete(0xf3a0e040)
01-01 20:00:10.806  1959  1959 E FactoryProvider: ================>>>>>> open db success
01-01 20:00:10.806  1570  1570 E LocationManagerService: Unable to bind FLP Geofence proxy.
01-01 20:00:10.808  1570  1570 E ActivityRecognitionHardware: Error hw_get_module: -2
01-01 20:00:10.814  1178  1178 D NuPlayerDriver: start(0xf40e5040)
01-01 20:00:10.814  1178  2087 I GenericSource: start
01-01 20:00:10.814  1570  1570 E LocationManagerService: Hardware Activity-Recognition not supported.
01-01 20:00:10.825  1178  1632 D NuPlayerDriver: start(0xf3812040)
01-01 20:00:10.825  1178  2090 I GenericSource: start
01-01 20:00:10.844  1570  1570 I CommonTimeManagementService: No common time service detected on this platform.  Common time services will be unavailable.
01-01 20:00:10.844  1178  1632 D NuPlayerDriver: reset(0xf3812040)
01-01 20:00:10.848  1178  2090 D NuPlayerDriver: notifyResetComplete(0xf3812040)
01-01 20:00:10.853  1178  1178 D NuPlayerDriver: reset(0xf40e5040)
01-01 20:00:10.857  1178  2087 D NuPlayerDriver: notifyResetComplete(0xf40e5040)
01-01 20:00:10.858  1570  1643 I InputReader: Reconfiguring input devices.  changes=0x00000020
01-01 20:00:10.864  1570  1570 I MmsServiceBroker: Connecting to MmsService
01-01 20:00:10.867  1570  1643 I InputReader: Reconfiguring input devices.  changes=0x00000010
01-01 20:00:10.869  1570  1570 W ContextImpl: Calling a method in the system process without a qualified user: android.app.ContextImpl.bindService:1750 com.android.server.MmsServiceBroker.tryConnecting:134 com.android.server.MmsServiceBroker.systemRunning:121 com.android.server.SystemServer$2.run:1235 com.android.server.am.ActivityManagerService.systemReady:11375 
01-01 20:00:10.869  1570  1570 W ActivityManager: Unable to start service Intent { cmp=com.android.mms.service/.MmsService } U=0: not found
01-01 20:00:10.870  1570  1570 E MmsServiceBroker: Failed to bind to MmsService
01-01 20:00:10.878  1570  1873 I StatusBarManagerService: registerStatusBar bar=com.android.internal.statusbar.IStatusBar$Stub$Proxy@2bc4b93d
01-01 20:00:10.882  1178  1631 D NuPlayerDriver: start(0xf3a0e040)
01-01 20:00:10.882  1178  2107 I GenericSource: start
01-01 20:00:10.882  1182  1182 I tvos    : [shawn_sd2068]readSD2068Date SD2068_HOUR  128 
01-01 20:00:10.882  1182  1182 I tvos    : [shawn_sd2068]readSD2068Date SD2068_HOUR  sting char 00 
01-01 20:00:10.882  1182  1182 I tvos    : [shawn_sd2068]hour error rang --1 /home/shawn/l-828/vendor/mstar/supernova/projects/devices/audioamp/customized_extern_SD2068.cpp::164::255
01-01 20:00:10.882  1182  1182 I tvos    : [shawn_sd2068]hour error rang --2 /home/shawn/l-828/vendor/mstar/supernova/projects/devices/audioamp/customized_extern_SD2068.cpp::165::00
01-01 20:00:10.882  1182  1182 I tvos    : [shawn_RTCData][SetstRTCDataInfo:10427]**SetstRTCDataInfo**{2097-10-10 week_00 255:22:36}***
01-01 20:00:10.893  1788  1810 D TvTimerService: getMinuteOffset() = 0
01-01 20:00:10.893  1788  1810 D TvTimerService: getHourOffset() = 8
01-01 20:00:10.893  1788  1810 I TimerManager_JNI: setTimeZone
01-01 20:00:10.894  1182  1182 I tvos    : >>>>>>>StoreTimerDB:Backup Timer DB.....<<<<<<<
01-01 20:00:10.898  1771  1836 I robin   : Set data device2007,1,1,1,20,0,29
01-01 20:00:10.902  1771  1836 I robin   : Calendar.DAY_OF_MONTH1
01-01 20:00:10.906  1570  1663 D AlarmManagerService: Setting time of day to sec=1167652829
01-01 20:00:29.903  1771  1836 I robin   : Integer.MAX_VALUE1
01-01 20:00:29.903  1771  1836 I robin   : set data system2007,1,1,2,20,0,29
01-01 20:00:29.905  1570  1585 I art     : Background partial concurrent mark sweep GC freed 12416(893KB) AllocSpace objects, 3(148KB) LOS objects, 33% free, 8MB/12MB, paused 2.006ms total 102.266ms
01-01 20:00:29.910  1182  1182 I tvos    : [liangsj_sd2068][SD2068_Test_ThreadFunc:320]**ReadSD2068**{2097-10-10 week_00 00:22:36}***
01-01 20:00:29.910  1570  1570 I ActivityManager: Start proc com.mstar.android.pppoe for added application com.mstar.android.pppoe: pid=2114 uid=1000 gids={41000, 9997, 1028, 1015, 2001, 1023, 1024, 3003, 3002, 3001, 1007} abi=armeabi-v7a
01-01 20:00:29.925  1178  1631 D NuPlayerDriver: reset(0xf3a0e040)
01-01 20:00:29.930  1178  2107 D NuPlayerDriver: notifyResetComplete(0xf3a0e040)
01-01 20:00:29.932  1182  1182 I tvos    :  SaveTimeData!
01-01 20:00:29.949  1178  1632 D NuPlayerDriver: start(0xf3812040)
01-01 20:00:29.949  1178  2127 I GenericSource: start
01-01 20:00:29.956  1788  1810 I TvManager_JNI: disableTvosIr
01-01 20:00:29.958  1570  1570 I ActivityManager: Start proc com.ecloud.eshare.server for added application com.ecloud.eshare.server: pid=2134 uid=1000 gids={41000, 9997, 1028, 1015, 2001, 1023, 1024, 3003, 3002, 3001, 1007} abi=armeabi-v7a
01-01 20:00:29.961  1878  1878 D USBBroadcastReceiver: USBBroadcastReceiver constructor!!!
01-01 20:00:29.962  1878  1878 E USBBroadcastReceiver: find disk sda1
01-01 20:00:29.962  1878  1878 W USBBroadcastReceiver: path:/mnt/usb/sda1
01-01 20:00:29.962  1878  1878 W USBBroadcastReceiver: ACTION_MEDIA_MOUNTED:/mnt/usb/sda1
01-01 20:00:29.989  1178  1632 D NuPlayerDriver: reset(0xf3812040)
01-01 20:00:29.993  1178  2127 D NuPlayerDriver: notifyResetComplete(0xf3812040)
01-01 20:00:29.999  1182  1182 I tvos    : [37m[INFO] Change to Voltage: 112 mv (0x2D)[m
01-01 20:00:30.000  1570  1570 I ActivityManager: Start proc com.eshare.paint for added application com.eshare.paint: pid=2158 uid=1000 gids={41000, 9997, 1028, 1015, 2001, 1023, 1024, 3003, 3002, 3001, 1007} abi=armeabi-v7a
01-01 20:00:30.013  1178  1178 D NuPlayerDriver: start(0xf40e5040)
01-01 20:00:30.013  1178  2165 I GenericSource: start
01-01 20:00:30.038  1178  1178 D NuPlayerDriver: reset(0xf40e5040)
01-01 20:00:30.040  1570  1570 I ActivityManager: Start proc com.android.phone for added application com.android.phone: pid=2184 uid=1001 gids={41001, 9997, 3002, 3001, 3003} abi=arm64-v8a
01-01 20:00:30.042  1570  1570 I ActivityManager: START u0 {act=android.intent.action.MAIN cat=[android.intent.category.HOME] flg=0x10000000 cmp=com.android.launcher3/.Launcher} from uid 0 on display 0
01-01 20:00:30.044  1570  1654 E WifiStateMachine: sleep for usb init done
01-01 20:00:30.045  1178  2165 D NuPlayerDriver: notifyResetComplete(0xf40e5040)
01-01 20:00:30.100  1570  1570 I ActivityManager: Start proc com.android.launcher3 for activity com.android.launcher3/.Launcher: pid=2203 uid=1000 gids={41000, 9997, 1028, 1015, 2001, 1023, 1024, 3003, 3002, 3001, 1007} abi=armeabi-v7a
01-01 20:00:30.103  1570  1570 I SystemServer: Enabled StrictMode for system server main thread.
01-01 20:00:30.103  1570  1587 W art     : Long monitor contention event with owner method=void com.android.server.am.ActivityManagerService.systemReady(java.lang.Runnable) from ActivityManagerService.java:11383 waiters=1 for 230ms
01-01 20:00:30.104  1570  1635 W art     : Long monitor contention event with owner method=void com.android.server.am.ActivityManagerService.systemReady(java.lang.Runnable) from ActivityManagerService.java:11383 waiters=2 for 202ms
01-01 20:00:30.106  1570  1591 W art     : Long monitor contention event with owner method=void com.android.server.am.ActivityManagerService.systemReady(java.lang.Runnable) from ActivityManagerService.java:11383 waiters=5 for 105ms
01-01 20:00:30.110  1570  1570 V ActivityManager: Display changed displayId=0
01-01 20:00:30.111  1570  1570 V ActivityManager: Display changed displayId=0
01-01 20:00:30.112  1570  1570 D WifiScanningService: SCAN_AVAILABLE : 1
01-01 20:00:30.112  1570  1570 D RttService: SCAN_AVAILABLE : 1
01-01 20:00:30.113  1570  1687 D RttService: DefaultState got{ when=0 what=160513 target=com.android.internal.util.StateMachine$SmHandler }
01-01 20:00:30.113  1570  1686 D WifiScanningService: DefaultState got{ when=-1ms what=160007 target=com.android.internal.util.StateMachine$SmHandler }
01-01 20:00:30.113  1570  1570 I Choreographer: Skipped 89 frames!  The application may be doing too much work on its main thread.
01-01 20:00:30.141  1570  1570 W InputMethodManagerService: Focus gain on non-focused client android.view.inputmethod.InputMethodManager$1@3acfbbd0 (uid=1000 pid=1570)
01-01 20:00:30.143  1570  1570 V ActivityManager: Display changed displayId=0
01-01 20:00:30.164  1182  1182 I tvos    : --[shawn] GetAudioAmp_ExtPCF8574 DOne
01-01 20:00:30.164  1182  1182 I tvos    : [liangsj_mic][threadMonitor:782]*********MicPlugFlag = 0
01-01 20:00:30.164  1182  1182 I tvos    : [liangsj_mic][threadMonitor:783]*********enCurrentInputType = 25
01-01 20:00:30.164  1182  1182 I tvos    : DecID = 2 AU_GetDecID() 6456 
01-01 20:00:30.164  1182  1182 I tvos    : DecID = 2 AU_GetDecID() 6460 
01-01 20:00:30.164  1182  1182 I tvos    : DecID = 2 AU_GetDecID() 6465 
01-01 20:00:30.164  1182  1182 I tvos    : DecID = 2 HAL_AUDIO_OpenDecodeSystem() 6504 
01-01 20:00:30.164  1182  1182 I tvos    : [[utopia]]      ===== Check Audio Decoder Protection from hash-key IP =====
01-01 20:00:30.164  1182  1182 I tvos    : [[utopia]]      Hash Key Check DD Fail, no DD license!!
01-01 20:00:30.164  1182  1182 I tvos    : [[utopia]]      Hash Key Check DDP Fail, no DD+ license!!
01-01 20:00:30.164  1182  1182 I tvos    : [[utopia]]      Hash-key Support Generic HE-AAC!!
01-01 20:00:30.164  1182  1182 I tvos    : [[utopia]]      Hash Key Check DDCO Fail, no DDCO license!!
01-01 20:00:30.164  1182  1182 I tvos    : [[utopia]]      Hash Key Check DTS Fail, no DTS license!!
01-01 20:00:30.164  1182  1182 I tvos    : [[utopia]]      Hash Key Check WMA Fail, no WMA license!!
01-01 20:00:30.164  1182  1182 I tvos    : [[utopia]]      Hash-key Support DRA.
01-01 20:00:30.164  1182  1182 I tvos    : [[utopia]]      Hash Key Check DTSLBR Fail, no DTSLBR license!!
01-01 20:00:30.164  1182  1182 I tvos    : [[utopia]]      Hash Key Check Dolby MS11 Fail, no Dolby MS11 license!!
01-01 20:00:30.164  1182  1182 I tvos    : [[utopia]]      Hash Key Check DTSE Fail, no DTSE license!!
01-01 20:00:30.164  1182  1182 I tvos    : [[utopia]]      Hash Key Check DTSNeoUltra Fail, no DTSNeoUltra license!!
01-01 20:00:30.164  1182  1182 I tvos    : [[utopia]]      Hash Key Check SRS_TSHD Fail, no SRS_TSHD license!!
01-01 20:00:30.164  1182  1182 I tvos    : [[utopia]]      Hash Key Check SRS_THEATERSOUND Fail, no SRS_THEATERSOUND license!!
01-01 20:00:30.164  1182  1182 I tvos    : [[utopia]]      Hash Key Check DTS_StudioSound3D Fail, no DTS_StudioSound3D license!!
01-01 20:00:30.164  1182  1182 I tvos    : [[utopia]]      Hash Key Check COOK Fail, no COOK license!!
01-01 20:00:30.164  1182  1182 I tvos    : [[utopia]]      Hash Key Check DTS_HD Fail, no DTS_HD license!!
01-01 20:00:30.164  1182  1182 I tvos    : [[utopia]]      ===== Check Protection IP End                         =====
01-01 20:00:30.164  1182  1182 I tvos    : Reload Success
01-01 20:00:30.164  1182  1182 I tvos    : Input
01-01 20:00:30.164  1182  1182 I tvos    : eAudFormat = 1
01-01 20:00:30.164  1182  1182 I tvos    : eGroup = 0
01-01 20:00:30.164  1182  1182 I tvos    : eDSPId = 1
01-01 20:00:30.164  1182  1182 I tvos    : eStcSource = 0
01-01 20:00:30.164  1182  1182 I tvos    : DecId = 2
01-01 20:00:30.164  1182  1182 I tvos    : eAudFormat = 1
01-01 20:00:30.164  1182  1182 I tvos    : eGroup = 0
01-01 20:00:30.164  1182  1182 I tvos    : eDSPId = 1
01-01 20:00:30.164  1182  1182 I tvos    : eStcSource = 0
01-01 20:00:30.166  1182  1182 I tvos    : [liangsj_mic][threadMonitor:805]*********GetMSrvSSSound->SetAudioSource()*******MIC OFF*******
01-01 20:00:30.168  1182  1182 I tvos    : tsl2561 uDataToRead_Low:72
01-01 20:00:30.168  1182  1182 I tvos    : tsl2561 uDataToRead_High:72
01-01 20:00:30.169  1182  1182 I tvos    : tsl2561 uDataToRead_ALL:18504
01-01 20:00:30.169  1182  1182 I tvos    : kevin:info mapi_pql_customer.cpp:SetBacklight:2225 m_u8BacklightCh = 0 u32PWM_Duty = 511l 
01-01 20:00:30.169  1182  1182 I tvos    : test Backlight pql customer info
01-01 20:00:30.169  1182  1182 I tvos    : LightSensor : ON --  600
01-01 20:00:30.173  1570  2202 I ActivityManager: Start proc com.android.externalstorage for broadcast com.android.externalstorage/.MountReceiver: pid=2223 uid=10005 gids={50005, 9997, 1028, 1015, 1023} abi=arm64-v8a
01-01 20:00:30.174  1182  1182 I tvos    : [shawn_TMP75][MSrv_Contorl_Common] 8d
01-01 20:00:30.174  1182  1182 I tvos    : --[shawn] GetAudioAmp_ExtPCF8574 DOne
01-01 20:00:30.174  1182  1182 I tvos    : [INFO]FirstForbittoOPSCnt ======= 4 
01-01 20:00:30.174  1182  1182 I tvos    : [liangsj_ops][MSrv_Control_common][HeartBeatMonitor:4699]enCurrentInputType=25, PowerOffBoardStatus=0, OPS_ON_Flag=255,OPS_ON_Flag_2=0
01-01 20:00:30.184  1570  2183 I ActivityManager: TR3) TaskRecord{27c4a88a #42 A=com.android.launcher3 U=0 sz=1}
01-01 20:00:30.184  1570  2183 I ActivityManager: TR2) TaskRecord{3ed1fefb #41 A=com.android.tv.settings U=0 sz=0}
01-01 20:00:30.184  1570  1590 I UsageStatsService: User[0] Flushing usage stats to disk
01-01 20:00:30.199  1182  1182 I tvos    : [37m[INFO] Change to Voltage: 112 mv (0x2D)[m
01-01 20:00:30.243  1570  1590 I UsageStatsDatabase: Moving file /data/system/usagestats/0/daily/1167609600000 to /data/system/usagestats/0/daily/1167609618994
01-01 20:00:30.244  1570  1590 I UsageStatsDatabase: Moving file /data/system/usagestats/0/weekly/1167264000000 to /data/system/usagestats/0/weekly/1167264018994
01-01 20:00:30.244  1570  1590 I UsageStatsDatabase: Moving file /data/system/usagestats/0/monthly/1166400000000 to /data/system/usagestats/0/monthly/1166400018994
01-01 20:00:30.245  1570  1590 I UsageStatsDatabase: Moving file /data/system/usagestats/0/yearly/1166832000000 to /data/system/usagestats/0/yearly/1166832018994
01-01 20:00:30.254  1570  1590 I UsageStatsService: User[0] Rollover scheduled @ 2007-01-02 08:00:00(1167696000000)
01-01 20:00:30.256  1570  2183 I ActivityManager: TR3) TaskRecord{27c4a88a #42 A=com.android.launcher3 U=0 sz=1}
01-01 20:00:30.256  1570  2183 I ActivityManager: TR2) TaskRecord{3ed1fefb #41 A=com.android.tv.settings U=0 sz=0}
01-01 20:00:30.257  1570  2183 V ActivityManager: unmatched pkg name=com.android.launcher3
01-01 20:00:30.257  1570  2183 V ActivityManager: set mstar.EnterOpaqueUI false
01-01 20:00:30.289  1570  1570 W ResourcesManager: Asset path '/system/framework/com.android.location.provider.jar' does not exist or contains no resources.
01-01 20:00:30.295  2158  2158 I Lee-MagicBoard: 当前Android版本 - 21
01-01 20:00:30.319  1570  1570 D GpsNetInitiatedHandler: location enabled :false
01-01 20:00:30.335  2158  2247 W ResourceType: No package identifier when getting value for resource number 0x00000000
01-01 20:00:30.335  2158  2247 W ResourceType: No package identifier when getting value for resource number 0x00000000
01-01 20:00:30.335  2158  2247 W PackageManager: Failure retrieving resources for com.android.providers.tv: Resource ID #0x0
01-01 20:00:30.336  1570  1570 V WiredAccessoryManager: init()
01-01 20:00:30.349  2223  2223 D ExternalStorage: After updating volumes, found 1 active roots
01-01 20:00:30.359  2223  2223 D ExternalStorage: After updating volumes, found 1 active roots
01-01 20:00:30.360  1878  2106 D LittleDownTimer:  new Thread
01-01 20:00:30.361  2203  2203 D Launcher.LauncherProvider: 11683562 - initializeMaxScreenId(): 0
01-01 20:00:30.362  1570  2254 W art     : No such thread id for suspend: 74
01-01 20:00:30.362  1570  1570 W art     : No such thread id for suspend: 74
01-01 20:00:30.364  2158  2247 W ResourceType: No package identifier when getting value for resource number 0x00000000
01-01 20:00:30.364  2158  2247 W ResourceType: No package identifier when getting value for resource number 0x00000000
01-01 20:00:30.364  2158  2247 W PackageManager: Failure retrieving resources for com.android.htmlviewer: Resource ID #0x0
01-01 20:00:30.370  2203  2203 V Launcher: LauncherAppState inited
01-01 20:00:30.373  1697  1697 D MediaScannerReceiver: action: android.intent.action.MEDIA_MOUNTED path: /mnt/usb/sda1
01-01 20:00:30.373  1570  2253 W art     : No such thread id for suspend: 74
01-01 20:00:30.375  2158  2247 W ResourceType: No package identifier when getting value for resource number 0x00000000
01-01 20:00:30.375  2158  2247 W ResourceType: No package identifier when getting value for resource number 0x00000000
01-01 20:00:30.375  2158  2247 W PackageManager: Failure retrieving resources for com.android.location.fused: Resource ID #0x0
01-01 20:00:30.400  1182  1182 I tvos    : [37m[INFO] Change to Voltage: 117 mv (0x32)[m
01-01 20:00:30.402  2158  2247 W ResourceType: No package identifier when getting value for resource number 0x00000000
01-01 20:00:30.402  2158  2247 W ResourceType: No package identifier when getting value for resource number 0x00000000
01-01 20:00:30.402  2158  2247 W PackageManager: Failure retrieving resources for com.android.backupconfirm: Resource ID #0x0
01-01 20:00:30.412  2203  2203 D Launcher.Model: Old launcher provider: content://com.android.launcher2.settings/favorites?notify=true
01-01 20:00:30.412  2203  2203 D Launcher.Model: Old launcher provider does not exist.
01-01 20:00:30.413  1570  2255 W art     : No such thread id for suspend: 74
01-01 20:00:30.414  2158  2247 W ResourceType: No package identifier when getting value for resource number 0x00000000
01-01 20:00:30.415  2158  2247 W ResourceType: No package identifier when getting value for resource number 0x00000000
01-01 20:00:30.415  2158  2247 W PackageManager: Failure retrieving resources for com.android.packageinstaller: Resource ID #0x0
01-01 20:00:30.425  2158  2247 W ResourceType: No package identifier when getting value for resource number 0x00000000
01-01 20:00:30.425  2158  2247 W ResourceType: No package identifier when getting value for resource number 0x00000000
01-01 20:00:30.425  2158  2247 W PackageManager: Failure retrieving resources for com.android.providers.userdictionary: Resource ID #0x0
01-01 20:00:30.429  2158  2247 W ResourceType: No package identifier when getting value for resource number 0x00000000
01-01 20:00:30.429  2158  2247 W ResourceType: No package identifier when getting value for resource number 0x00000000
01-01 20:00:30.429  2158  2247 W PackageManager: Failure retrieving resources for com.android.externalstorage: Resource ID #0x0
01-01 20:00:30.435  1570  2154 I ActivityManager: Start proc com.estrongs.android.pop for broadcast com.estrongs.android.pop/.EnableOEMConfig: pid=2262 uid=10027 gids={50027, 9997, 3003, 3002, 3001, 1028, 1015} abi=arm64-v8a
01-01 20:00:30.463  2203  2203 W ContextImpl: Calling a method in the system process without a qualified user: android.app.ContextImpl.sendBroadcast:1321 android.content.ContextWrapper.sendBroadcast:376 com.android.launcher3.Launcher.onCreate:447 android.app.Activity.performCreate:5937 android.app.Instrumentation.callActivityOnCreate:1105 
01-01 20:00:30.465  2203  2203 W Launcher: setApplicationContext called twice! old=com.android.launcher3.LauncherApplication@396ca6bb new=com.android.launcher3.LauncherApplication@396ca6bb
01-01 20:00:30.483  2158  2247 W ResourceType: Failure getting entry for 0x7f020001 (t=1 e=1) (error -75)
01-01 20:00:30.483  2158  2247 W ResourceType: Failure getting entry for 0x7f020001 (t=1 e=1) (error -75)
01-01 20:00:30.483  2158  2247 W PackageManager: Failure retrieving resources for mstar.factorymenu.ui: Resource ID #0x7f020001
01-01 20:00:30.496  1570  1570 W AppWidgetServiceImpl: Failed to read state: java.io.FileNotFoundException: /data/system/users/0/appwidgets.xml: open failed: ENOENT (No such file or directory)
01-01 20:00:30.496  1570  1570 V AppWidgetServiceImpl: Upgrading widget database from 0 to 1
01-01 20:00:30.509  1570  1601 D BluetoothManagerService: Message: 300
01-01 20:00:30.509  1570  1601 D BluetoothManagerService: MESSAGE_USER_SWITCHED
01-01 20:00:30.514  1170  1445 D PermissionCache: checking android.permission.HARDWARE_TEST for uid=1000 => granted (166 us)
01-01 20:00:30.533  2158  2247 W ResourceType: No package identifier when getting value for resource number 0x00000000
01-01 20:00:30.533  2158  2247 W ResourceType: No package identifier when getting value for resource number 0x00000000
01-01 20:00:30.533  2158  2247 W PackageManager: Failure retrieving resources for com.android.documentsui: Resource ID #0x0
01-01 20:00:30.539  2158  2247 W ResourceType: No package identifier when getting value for resource number 0x00000000
01-01 20:00:30.539  2158  2247 W ResourceType: No package identifier when getting value for resource number 0x00000000
01-01 20:00:30.539  2158  2247 W PackageManager: Failure retrieving resources for com.android.shell: Resource ID #0x0
01-01 20:00:30.543  2158  2247 W ResourceType: No package identifier when getting value for resource number 0x00000000
01-01 20:00:30.543  1570  1570 V ActivityManager: Display changed displayId=0
01-01 20:00:30.543  2158  2247 W ResourceType: No package identifier when getting value for resource number 0x00000000
01-01 20:00:30.543  2158  2247 W PackageManager: Failure retrieving resources for com.android.sharedstoragebackup: Resource ID #0x0
01-01 20:00:30.553  2158  2247 W ResourceType: No package identifier when getting value for resource number 0x00000000
01-01 20:00:30.555  2158  2247 W ResourceType: No package identifier when getting value for resource number 0x00000000
01-01 20:00:30.555  2158  2247 W PackageManager: Failure retrieving resources for com.android.managedprovisioning: Resource ID #0x0
01-01 20:00:30.556  1570  1570 I FusedLocation: engine started (com.android.location.fused)
01-01 20:00:30.564  2158  2247 W ResourceType: No package identifier when getting value for resource number 0x00000000
01-01 20:00:30.565  2158  2247 W ResourceType: No package identifier when getting value for resource number 0x00000000
01-01 20:00:30.565  2158  2247 W PackageManager: Failure retrieving resources for com.android.proxyhandler: Resource ID #0x0
01-01 20:00:30.572  2158  2247 W ResourceType: No package identifier when getting value for resource number 0x00000000
01-01 20:00:30.572  2158  2247 W ResourceType: No package identifier when getting value for resource number 0x00000000
01-01 20:00:30.572  2158  2247 W PackageManager: Failure retrieving resources for com.android.wallpapercropper: Resource ID #0x0
01-01 20:00:30.577  2158  2247 W ResourceType: No package identifier when getting value for resource number 0x00000000
01-01 20:00:30.577  2158  2247 W ResourceType: No package identifier when getting value for resource number 0x00000000
01-01 20:00:30.577  2158  2247 W PackageManager: Failure retrieving resources for com.svox.pico: Resource ID #0x0
01-01 20:00:30.601  2158  2247 W ResourceType: No package identifier when getting value for resource number 0x00000000
01-01 20:00:30.601  2158  2247 W ResourceType: No package identifier when getting value for resource number 0x00000000
01-01 20:00:30.602  2158  2247 W PackageManager: Failure retrieving resources for com.android.inputdevices: Resource ID #0x0
01-01 20:00:30.604  1570  1658 D ConnectivityService: Got NetworkFactory Messenger for Telephony
01-01 20:00:30.604  2184  2184 E ActivityThread: Failed to find provider info for telephony
01-01 20:00:30.640  2158  2247 W ResourceType: No package identifier when getting value for resource number 0x00000000
01-01 20:00:30.641  2158  2247 W ResourceType: No package identifier when getting value for resource number 0x00000000
01-01 20:00:30.641  2158  2247 W PackageManager: Failure retrieving resources for com.android.keychain: Resource ID #0x0
01-01 20:00:30.663  1697  2261 V MediaScanner: pruneDeadThumbnailFiles... android.database.sqlite.SQLiteCursor@15fcbe8f
01-01 20:00:30.667  2184  2300 E ActivityThread: Failed to find provider info for sms
01-01 20:00:30.667  1697  2261 V MediaScanner: /pruneDeadThumbnailFiles... android.database.sqlite.SQLiteCursor@15fcbe8f
01-01 20:00:30.679  2158  2247 W ResourceType: No package identifier when getting value for resource number 0x00000000
01-01 20:00:30.679  2158  2247 W ResourceType: No package identifier when getting value for resource number 0x00000000
01-01 20:00:30.679  2158  2247 W PackageManager: Failure retrieving resources for com.android.captiveportallogin: Resource ID #0x0
01-01 20:00:30.684  2158  2247 W ResourceType: No package identifier when getting value for resource number 0x00000000
01-01 20:00:30.684  2158  2247 W ResourceType: No package identifier when getting value for resource number 0x00000000
01-01 20:00:30.684  2158  2247 W PackageManager: Failure retrieving resources for com.android.printspooler: Resource ID #0x0
01-01 20:00:30.685  2184  2184 D DcSwitchState: [DcSwitchState-0] DcSwitchState constructor E
01-01 20:00:30.685  1570  1590 D GpsLocationProvider: received SIM realted action: android.intent.action.SIM_STATE_CHANGED
01-01 20:00:30.685  2184  2184 D DcSwitchState: [DcSwitchState-0] DcSwitchState constructor X
01-01 20:00:30.690  1570  1590 D GpsLocationProvider: SIM MCC/MNC is still not available
01-01 20:00:30.696  2158  2247 W ResourceType: No package identifier when getting value for resource number 0x00000000
01-01 20:00:30.696  2184  2184 D DctController: [DctController] DctController(phones): Connect success: 0
01-01 20:00:30.696  2158  2247 W ResourceType: No package identifier when getting value for resource number 0x00000000
01-01 20:00:30.697  2158  2247 W PackageManager: Failure retrieving resources for com.android.onetimeinitializer: Resource ID #0x0
01-01 20:00:30.697  1182  1182 I tvos    : --[shawn] GetAudioAmp_ExtPCF8574 DOne
01-01 20:00:30.698  1182  1182 I tvos    : tsl2561 uDataToRead_Low:72
01-01 20:00:30.698  1182  1182 I tvos    : tsl2561 uDataToRead_High:72
01-01 20:00:30.698  1182  1182 I tvos    : tsl2561 uDataToRead_ALL:18504
01-01 20:00:30.698  1182  1182 I tvos    : kevin:info mapi_pql_customer.cpp:SetBacklight:2225 m_u8BacklightCh = 0 u32PWM_Duty = 511l 
01-01 20:00:30.698  1182  1182 I tvos    : test Backlight pql customer info
01-01 20:00:30.698  1182  1182 I tvos    : LightSensor : ON --  600
01-01 20:00:30.701  1182  1182 I tvos    : [shawn_TMP75][MSrv_Contorl_Common] 8d
01-01 20:00:30.702  1182  1182 I tvos    : --[shawn] GetAudioAmp_ExtPCF8574 DOne
01-01 20:00:30.702  1182  1182 I tvos    : [INFO]FirstForbittoOPSCnt ======= 5 
01-01 20:00:30.702  1182  1182 I tvos    : [liangsj_ops][MSrv_Control_common][HeartBeatMonitor:4699]enCurrentInputType=25, PowerOffBoardStatus=0, OPS_ON_Flag=255,OPS_ON_Flag_2=0
01-01 20:00:30.708  2158  2247 W ResourceType: No package identifier when getting value for resource number 0x00000000
01-01 20:00:30.708  2158  2247 W ResourceType: No package identifier when getting value for resource number 0x00000000
01-01 20:00:30.709  2158  2247 W PackageManager: Failure retrieving resources for com.android.dreams.basic: Resource ID #0x0
01-01 20:00:30.742  2184  2184 D AudioSystem: Setting global gAudioPortCallback On refCnt: 1
01-01 20:00:30.745  1570  1601 D BluetoothManagerService: Message: 20
01-01 20:00:30.746  1570  1601 D BluetoothManagerService: Added callback: android.bluetooth.IBluetoothManagerCallback$Stub$Proxy@39296887:true
01-01 20:00:30.751  1570  1601 D BluetoothManagerService: Message: 30
01-01 20:00:30.755  2158  2247 W ResourceType: No package identifier when getting value for resource number 0x00000000
01-01 20:00:30.755  2158  2247 W ResourceType: No package identifier when getting value for resource number 0x00000000
01-01 20:00:30.755  2158  2247 W PackageManager: Failure retrieving resources for com.android.vpndialogs: Resource ID #0x0
01-01 20:00:30.759  2158  2247 W ResourceType: No package identifier when getting value for resource number 0x00000000
01-01 20:00:30.759  2158  2247 W ResourceType: No package identifier when getting value for resource number 0x00000000
01-01 20:00:30.759  2158  2247 W PackageManager: Failure retrieving resources for com.android.dummyactivity: Resource ID #0x0
01-01 20:00:30.762  2158  2247 W ResourceType: No package identifier when getting value for resource number 0x00000000
01-01 20:00:30.763  2158  2247 W ResourceType: No package identifier when getting value for resource number 0x00000000
01-01 20:00:30.763  2158  2247 W PackageManager: Failure retrieving resources for com.mstar.tv.service: Resource ID #0x0
01-01 20:00:30.766  2158  2247 W ResourceType: No package identifier when getting value for resource number 0x00000000
01-01 20:00:30.766  2158  2247 W ResourceType: No package identifier when getting value for resource number 0x00000000
01-01 20:00:30.767  2158  2247 W PackageManager: Failure retrieving resources for com.mstar.bluetooth3dservice: Resource ID #0x0
01-01 20:00:30.772  1570  1587 I ActivityManager: Start proc android.process.acore for content provider com.android.providers.contacts/.ContactsProvider2: pid=2304 uid=10002 gids={50002, 9997, 3003, 1028, 1015} abi=arm64-v8a
01-01 20:00:30.781  2158  2247 W ResourceType: No package identifier when getting value for resource number 0x00000000
01-01 20:00:30.781  2158  2247 W ResourceType: No package identifier when getting value for resource number 0x00000000
01-01 20:00:30.781  2158  2247 W PackageManager: Failure retrieving resources for com.android.pacprocessor: Resource ID #0x0
01-01 20:00:30.794  1188  1188 I art     : Explicit concurrent mark sweep GC freed 704(30KB) AllocSpace objects, 0(0B) LOS objects, 39% free, 2MB/3MB, paused 191us total 22.283ms
01-01 20:00:30.809  1188  1188 I art     : Explicit concurrent mark sweep GC freed 5(160B) AllocSpace objects, 0(0B) LOS objects, 39% free, 2MB/3MB, paused 172us total 14.652ms
01-01 20:00:30.811  2184  2184 W TelecomManager: Telecom Service not found.
01-01 20:00:30.812  2158  2247 W ResourceType: No package identifier when getting value for resource number 0x00000000
01-01 20:00:30.812  2158  2247 W ResourceType: No package identifier when getting value for resource number 0x00000000
01-01 20:00:30.812  2158  2247 W PackageManager: Failure retrieving resources for com.android.wallpaper.holospiral: Resource ID #0x0
01-01 20:00:30.825  1188  1188 I art     : Explicit concurrent mark sweep GC freed 5(160B) AllocSpace objects, 0(0B) LOS objects, 39% free, 2MB/3MB, paused 158us total 15.833ms
01-01 20:00:30.828  2158  2247 W ResourceType: No package identifier when getting value for resource number 0x00000000
01-01 20:00:30.828  2158  2247 W ResourceType: No package identifier when getting value for resource number 0x00000000
01-01 20:00:30.828  2158  2247 W PackageManager: Failure retrieving resources for com.android.defcontainer: Resource ID #0x0
01-01 20:00:30.854  2158  2247 W ResourceType: No package identifier when getting value for resource number 0x00000000
01-01 20:00:30.854  2158  2247 W ResourceType: No package identifier when getting value for resource number 0x00000000
01-01 20:00:30.855  2158  2247 W PackageManager: Failure retrieving resources for com.mstar.android.setupwizard: Resource ID #0x0
01-01 20:00:30.879  2184  2184 D TelephonyNetworkFactory: got request NetworkRequest [ id=1, legacyType=-1, [ Capabilities: INTERNET&NOT_RESTRICTED&TRUSTED&NOT_VPN] ] with score 0
01-01 20:00:30.879  2184  2184 D TelephonyNetworkFactory: Cellular needs Network for NetworkRequest [ id=1, legacyType=-1, [ Capabilities: INTERNET&NOT_RESTRICTED&TRUSTED&NOT_VPN] ]
01-01 20:00:30.880  2184  2184 D DctController: [DctController] EVENT_PHONE1_RADIO_OFF.
01-01 20:00:30.882  2184  2184 D TelephonyDebugService: TelephonyDebugService()
01-01 20:00:30.898  2184  2184 D DctController: [DctController] DataStateReceiver: phoneId= 0
01-01 20:00:30.898  2184  2184 D DctController: [DctController] DataStateReceiver: ignore invalid subId=-1
01-01 20:00:30.908  2158  2247 W ResourceType: No package identifier when getting value for resource number 0x00000000
01-01 20:00:30.908  2158  2247 W ResourceType: No package identifier when getting value for resource number 0x00000000
01-01 20:00:30.908  2158  2247 W PackageManager: Failure retrieving resources for com.android.providers.media: Resource ID #0x0
01-01 20:00:30.922  1570  1657 D WifiService: New client listening to asynchronous messages
01-01 20:00:30.937  1570  1601 D BluetoothManagerService: Message: 20
01-01 20:00:30.937  1570  1601 D BluetoothManagerService: Added callback: android.bluetooth.IBluetoothManagerCallback$Stub$Proxy@35972981:true
01-01 20:00:30.940  1752  1752 D BluetoothAdapter: 936220556: getState() :  mService = null. Returning STATE_OFF
01-01 20:00:30.940  1752  1752 D BluetoothAdapter: 936220556: getState() :  mService = null. Returning STATE_OFF
01-01 20:00:30.941  2158  2247 W ResourceType: No package identifier when getting value for resource number 0x00000000
01-01 20:00:30.941  2158  2247 W ResourceType: No package identifier when getting value for resource number 0x00000000
01-01 20:00:30.941  2158  2247 W PackageManager: Failure retrieving resources for com.android.certinstaller: Resource ID #0x0
01-01 20:00:30.946  1570  1873 D ConnectivityService: listenForNetwork for NetworkRequest [ id=2, legacyType=-1, [] ]
01-01 20:00:31.006  2262  2262 E ObjectHelper: Can't find method:setCompatibilityInfo
01-01 20:00:31.038  1752  2330 D BluetoothAdapter: 936220556: getState() :  mService = null. Returning STATE_OFF
01-01 20:00:31.038  1752  2330 D BluetoothAdapter: 936220556: getState() :  mService = null. Returning STATE_OFF
01-01 20:00:31.038  1752  2330 D BluetoothAdapter: 936220556: getState() :  mService = null. Returning STATE_OFF
01-01 20:00:31.038  1752  2330 D BluetoothAdapter: 936220556: getState() :  mService = null. Returning STATE_OFF
01-01 20:00:31.044  1570  1654 E WifiStateMachine: sleep for usb init done
01-01 20:00:31.080  1752  2334 D OpenGLRenderer: Render dirty regions requested: false
01-01 20:00:31.084  1752  1752 D Atlas   : Validating map...
01-01 20:00:31.090  1752  1752 D PhoneStatusBar: disable: < expand icons alerts system_info back home recent clock search >
01-01 20:00:31.102  1752  1752 D BluetoothAdapter: 936220556: getState() :  mService = null. Returning STATE_OFF
01-01 20:00:31.102  1752  1752 D BluetoothAdapter: 936220556: getState() :  mService = null. Returning STATE_OFF
01-01 20:00:31.109  1752  1752 D PhoneStatusBar: heads up is enabled
01-01 20:00:31.123  1752  1752 I Choreographer: Skipped 77 frames!  The application may be doing too much work on its main thread.
01-01 20:00:31.127  2262  2335 D am      : Refresh storage info done.24
01-01 20:00:31.128  1752  1752 D ViewRootImpl: changeCanvasOpacity: opaque=true
01-01 20:00:31.173  2304  2328 I ContactLocale: AddressBook Labels [zh-CN]: [, A, B, C, D, E, F, G, H, I, J, K, L, M, N, O, P, Q, R, S, T, U, V, W, X, Y, Z, Α, Β, Γ, Δ, Ε, Ζ, Η, Θ, Ι, Κ, Λ, Μ, Ν, Ξ, Ο, Π, Ρ, Σ, Τ, Υ, Φ, Χ, Ψ, Ω, , А, Б, В, Г, Д, Ђ, Е, Є, Ж, З, И, І, Ї, Й, Ј, К, Л, Љ, М, Н, Њ, О, П, Р, С, Т, Ћ, У, Ф, Х, Ц, Ч, Џ, Ш, Щ, Ю, Я, , א, ב, ג, ד, ה, ו, ז, ח, ט, י, כ, ל, מ, נ, ס, ע, פ, צ, ק, ר, ש, ת, , ا, ب, ت, ث, ج, ح, خ, د, ذ, ر, ز, س, ش, ص, ض, ط, ظ, ع, غ, ف, ق, ك, ل, م, ن, ه, و, ي, , ก, ข, ฃ, ค, ฅ, ฆ, ง, จ, ฉ, ช, ซ, ฌ, ญ, ฎ, ฏ, ฐ, ฑ, ฒ, ณ, ด, ต, ถ, ท, ธ, น, บ, ป, ผ, ฝ, พ, ฟ, ภ, ม, ย, ร, ฤ, ล, ฦ, ว, ศ, ษ, ส, ห, ฬ, อ, ฮ, , ㄱ, ㄴ, ㄷ, ㄹ, ㅁ, ㅂ, ㅅ, ㅇ, ㅈ, ㅊ, ㅋ, ㅌ, ㅍ, ㅎ, , あ, か, さ, た, な, は, ま, や, ら, わ, #, ]
01-01 20:00:31.175  1182  1182 I tvos    : --[shawn] GetAudioAmp_ExtPCF8574 DOne
01-01 20:00:31.175  1182  1182 I tvos    : tsl2561 uDataToRead_Low:72
01-01 20:00:31.175  1182  1182 I tvos    : tsl2561 uDataToRead_High:72
01-01 20:00:31.175  1182  1182 I tvos    : tsl2561 uDataToRead_ALL:18504
01-01 20:00:31.175  1182  1182 I tvos    : kevin:info mapi_pql_customer.cpp:SetBacklight:2225 m_u8BacklightCh = 0 u32PWM_Duty = 511l 
01-01 20:00:31.175  1182  1182 I tvos    : test Backlight pql customer info
01-01 20:00:31.175  1182  1182 I tvos    : LightSensor : ON --  600
01-01 20:00:31.181  1182  1182 I tvos    : [shawn_TMP75][MSrv_Contorl_Common] 8d
01-01 20:00:31.181  1182  1182 I tvos    : --[shawn] GetAudioAmp_ExtPCF8574 DOne
01-01 20:00:31.181  1182  1182 I tvos    : [INFO]FirstForbittoOPSCnt ======= 6 
01-01 20:00:31.181  1182  1182 I tvos    : [liangsj_ops][MSrv_Control_common][HeartBeatMonitor:4699]enCurrentInputType=25, PowerOffBoardStatus=0, OPS_ON_Flag=255,OPS_ON_Flag_2=0
01-01 20:00:31.236  1570  2154 I art     : Explicit concurrent mark sweep GC freed 19243(1658KB) AllocSpace objects, 16(692KB) LOS objects, 33% free, 8MB/12MB, paused 2.172ms total 102.401ms
01-01 20:00:31.264  1182  1182 I tvos    : --[shawn] new GetAudioAmp_AudioAmp DOne
01-01 20:00:31.272  2262  2339 W ResourceType: No package identifier when getting value for resource number 0x00000000
01-01 20:00:31.273  1825  1825 D SystemUpdateReceiver: action = android.intent.action.MEDIA_MOUNTED
01-01 20:00:31.273  1825  1825 D SystemUpdateReceiver: systemUpdateReceiver recv ACTION_MEDIA_MOUNTED.
01-01 20:00:31.274  1825  1825 W ContextImpl: Calling a method in the system process without a qualified user: android.app.ContextImpl.startService:1686 android.content.ContextWrapper.startService:515 android.content.ContextWrapper.startService:515 android.systemupdate.service.SystemUpdateReceiver.onReceive:85 android.app.ActivityThread.handleReceiver:2579 
01-01 20:00:31.279  1825  1825 D SystemUpdateReceiver: media is mounted to '/mnt/usb/sda1'. To check local update.
01-01 20:00:31.309  1752  2334 I OpenGLRenderer: Initialized EGL, version 1.4
01-01 20:00:31.310  1752  2334 D OpenGLRenderer: Enabling debug mode 0
01-01 20:00:31.314  1170  1289 D gralloc : allocate buffer from ION HEAP 0x1
01-01 20:00:31.315  1170  1289 D gralloc : allocate memory from system heap
01-01 20:00:31.317  1170  1445 D gralloc : allocate buffer from ION HEAP 0x1
01-01 20:00:31.317  1170  1445 D gralloc : allocate memory from system heap
01-01 20:00:31.317  1170  1445 D gralloc : allocate buffer from ION HEAP 0x1
01-01 20:00:31.317  1170  1445 D gralloc : allocate memory from system heap
01-01 20:00:31.321  1825  1825 D SystemUpdateService: starting SystemUpdateService, version is 1.3.0
01-01 20:00:31.322  1825  1825 D SystemUpdateService: remote uri is http://www.ktcupdate.cn:3300/otaservlet?product=AndroidMonitor&serial=SDA123456789091&version=V3.0.0
01-01 20:00:31.323  1825  1825 D SystemUpdateService: productName:aosp_ktc
01-01 20:00:31.323  1825  1825 D SystemUpdateService: mCusOtaRequest = new KtcOtaRequest()
01-01 20:00:31.324  1825  1825 V KtcRequestParser: mRemoteURI=http://www.ktcupdate.cn:3300/otaservlet?product=AndroidMonitor&serial=SDA123456789091&version=V3.0.0
01-01 20:00:31.333  1825  1825 D SystemUpdateService: first startup!!!
01-01 20:00:31.341  1825  1825 D RecoverySystem: readCount = 27 buf.length = 128
01-01 20:00:31.341  1825  1825 D SystemUpdateService: command = /cache/update_signed.zip
01-01 20:00:31.341  1825  1825 D SystemUpdateService: 1
01-01 20:00:31.341  1825  1825 D SystemUpdateService: last_install: path = /cache/update_signed.zip
01-01 20:00:31.341  1825  1825 D SystemUpdateService: last_install: flag = 1
01-01 20:00:31.341  1825  1825 D SystemUpdateService: last_install: flag size = 1
01-01 20:00:31.341  1825  1825 D SystemUpdateService: last_install: COMMAND_FLAG_SUCCESS size = 1
01-01 20:00:31.342  1825  1825 D SystemUpdateService: last_install file is not exist!!!
01-01 20:00:31.350  2203  2260 D Launcher.Model: 11683562 - loadWorkspace()
01-01 20:00:31.361  1570  1570 I ActivityManager: Start proc com.android.calendar for broadcast com.android.calendar/.widget.CalendarAppWidgetService$CalendarFactory: pid=2348 uid=10018 gids={50018, 9997, 3003} abi=arm64-v8a
01-01 20:00:31.363  2203  2260 D Launcher.Model: 11683562 -   loadedOldDb: false
01-01 20:00:31.369  2203  2260 W Launcher: setApplicationContext called twice! old=com.android.launcher3.LauncherApplication@396ca6bb new=com.android.launcher3.LauncherApplication@396ca6bb
01-01 20:00:31.399  1825  1825 D SystemUpdateService: onStartCommand.......
01-01 20:00:31.399  1825  1825 D SystemUpdateService: command = 2 --delaytime = 1000 --path = /mnt/usb/sda1
01-01 20:00:31.400  2203  2260 D Launcher.Model: 11683562 - loadWorkspaceScreensDb()
01-01 20:00:31.400  2203  2260 D Launcher.Model: 11683562 -   screens: 
01-01 20:00:31.400  2203  2260 D Launcher.Model: 11683562 -   sBgWorkspaceScreens: 
01-01 20:00:31.449  2348  2348 D ExtensionsFactory: No custom extensions.
01-01 20:00:31.501  1570  1663 I ActivityManager: Start proc com.android.deskclock for broadcast com.android.deskclock/.AlarmInitReceiver: pid=2373 uid=10024 gids={50024, 9997, 1028} abi=arm64-v8a
01-01 20:00:31.541  1570  1587 I ActivityManager: Start proc com.android.providers.calendar for content provider com.android.providers.calendar/.CalendarProvider2: pid=2391 uid=10001 gids={50001, 9997, 3003, 1028, 1015} abi=arm64-v8a
01-01 20:00:31.589  2391  2391 W ResourcesManager: Asset path '/system/framework/android.test.runner.jar' does not exist or contains no resources.
01-01 20:00:31.599  2373  2373 V AlarmClock: AlarmInitReceiver android.intent.action.TIME_SET
01-01 20:00:31.659  2391  2391 I CalendarProvider2: Created com.android.providers.calendar.CalendarAlarmManager@3886174a(com.android.providers.calendar.CalendarProvider2@396ca6bb)
01-01 20:00:31.660  2373  2410 V AlarmClock: AlarmInitReceiver finished
01-01 20:00:31.722  1182  1182 I tvos    : --[shawn] GetAudioAmp_ExtPCF8574 DOne
01-01 20:00:31.725  1182  1182 I tvos    : tsl2561 uDataToRead_Low:72
01-01 20:00:31.725  1182  1182 I tvos    : tsl2561 uDataToRead_High:72
01-01 20:00:31.725  1182  1182 I tvos    : tsl2561 uDataToRead_ALL:18504
01-01 20:00:31.726  1182  1182 I tvos    : kevin:info mapi_pql_customer.cpp:SetBacklight:2225 m_u8BacklightCh = 0 u32PWM_Duty = 511l 
01-01 20:00:31.726  1182  1182 I tvos    : test Backlight pql customer info
01-01 20:00:31.726  1182  1182 I tvos    : LightSensor : ON --  600
01-01 20:00:31.729  1182  1182 I tvos    : [shawn_TMP75][MSrv_Contorl_Common] 8d
01-01 20:00:31.729  1182  1182 I tvos    : --[shawn] GetAudioAmp_ExtPCF8574 DOne
01-01 20:00:31.729  1182  1182 I tvos    : [INFO]FirstForbittoOPSCnt ======= 7 
01-01 20:00:31.729  1182  1182 I tvos    : [liangsj_ops][MSrv_Control_common][HeartBeatMonitor:4699]enCurrentInputType=25, PowerOffBoardStatus=0, OPS_ON_Flag=255,OPS_ON_Flag_2=0
01-01 20:00:31.797  1170  1445 D gralloc : allocate buffer from ION HEAP 0x1
01-01 20:00:31.797  1170  1445 D gralloc : allocate memory from system heap
01-01 20:00:31.896  1570  1873 I ActivityManager: START u0 {act=com.mstar.android.intent.action.START_TV_PLAYER cat=[android.intent.category.LAUNCHER] flg=0x10200000 cmp=com.mstar.tv.tvplayer.ui/.RootActivity (has extras)} from uid 1000 on display 0
01-01 20:00:31.928  1752  1752 I art     : Explicit concurrent mark sweep GC freed 400(62KB) AllocSpace objects, 2(15MB) LOS objects, 40% free, 5MB/8MB, paused 809us total 43.633ms
01-01 20:00:31.932  1570  1657 D WifiService: New client listening to asynchronous messages
01-01 20:00:31.964  1752  1752 I Choreographer: Skipped 49 frames!  The application may be doing too much work on its main thread.
01-01 20:00:31.965  1752  1752 D OpenGLRenderer: setting property extraRasterBucket to 0.95
01-01 20:00:31.965  1752  1752 D OpenGLRenderer:     failed
01-01 20:00:31.965  1752  1752 D OpenGLRenderer: setting property extraRasterBucket to 0.0
01-01 20:00:31.965  1752  1752 D OpenGLRenderer:     failed
01-01 20:00:32.044  1570  1654 E WifiStateMachine: sleep for usb init done
01-01 20:00:32.169  1182  1182 I tvos    : [liangsj_mic][threadMonitor:782]*********MicPlugFlag = 0
01-01 20:00:32.169  1182  1182 I tvos    : [liangsj_mic][threadMonitor:783]*********enCurrentInputType = 25
01-01 20:00:32.309  2203  2416 D OpenGLRenderer: Render dirty regions requested: false
01-01 20:00:32.321  1570  1587 V ActivityManager: set mstar.EnterOpaqueUI false
01-01 20:00:32.331  1570  1587 I ActivityManager: TR3) TaskRecord{154ae032 #43 A=com.mstar.tv.tvplayer.ui U=0 sz=1}
01-01 20:00:32.331  1570  1587 I ActivityManager: TR2) TaskRecord{27c4a88a #42 A=com.android.launcher3 U=0 sz=1}
01-01 20:00:32.383  1570  1587 I ActivityManager: TR3) TaskRecord{154ae032 #43 A=com.mstar.tv.tvplayer.ui U=0 sz=1}
01-01 20:00:32.383  1570  1587 I ActivityManager: TR2) TaskRecord{27c4a88a #42 A=com.android.launcher3 U=0 sz=1}
01-01 20:00:32.383  1570  1587 V ActivityManager: set mstar.EnterOpaqueUI false
01-01 20:00:32.393  1878  1878 I RootActivity: onCreate()
01-01 20:00:32.402  1825  2347 D SystemUpdateService: WorkHandler::handleMessage() : To perform 'COMMAND_CHECK_LOCAL_EXT_UPDATING'.
01-01 20:00:32.410  1878  1878 V MstarUtil: getInstance
01-01 20:00:32.418  1878  1878 D TvChannelManager: tvsystem is 6
01-01 20:00:32.428  1182  1182 I tvos    : --[shawn] GetAudioAmp_ExtPCF8574 DOne
01-01 20:00:32.428  1182  1182 I tvos    : tsl2561 uDataToRead_Low:72
01-01 20:00:32.428  1182  1182 I tvos    : tsl2561 uDataToRead_High:72
01-01 20:00:32.428  1182  1182 I tvos    : tsl2561 uDataToRead_ALL:18504
01-01 20:00:32.428  1182  1182 I tvos    : kevin:info mapi_pql_customer.cpp:SetBacklight:2225 m_u8BacklightCh = 0 u32PWM_Duty = 511l 
01-01 20:00:32.428  1182  1182 I tvos    : test Backlight pql customer info
01-01 20:00:32.428  1182  1182 I tvos    : LightSensor : ON --  600
01-01 20:00:32.429  1182  1182 I tvos    : [shawn_TMP75][MSrv_Contorl_Common] 8d
01-01 20:00:32.429  1182  1182 I tvos    : --[shawn] GetAudioAmp_ExtPCF8574 DOne
01-01 20:00:32.429  1182  1182 I tvos    : [INFO]FirstForbittoOPSCnt ======= 8 
01-01 20:00:32.429  1182  1182 I tvos    : [liangsj_ops][MSrv_Control_common][HeartBeatMonitor:4699]enCurrentInputType=25, PowerOffBoardStatus=0, OPS_ON_Flag=255,OPS_ON_Flag_2=0
01-01 20:00:32.432  1878  1878 D TvCommonManager: isSupportModule ( 11 )
01-01 20:00:32.433  1788  1810 I TvManager_JNI: getCompilerFlag
01-01 20:00:32.438  1878  1878 D TvCommonManager: isSupportModule ( 12 )
01-01 20:00:32.438  1788  1810 I TvManager_JNI: getCompilerFlag
01-01 20:00:32.456  1878  1878 D RootActivity: isPowerOn = true
01-01 20:00:32.464  1878  1878 D TvCaManager: getCurrentEvent()
01-01 20:00:32.471  2203  2203 D Launcher: 11683562 - bindAddScreens()
01-01 20:00:32.471  2203  2203 D Launcher: 11683562 -   orderedScreenIds: 
01-01 20:00:32.471  2203  2203 D Launcher.Workspace: 11683562 - addExtraEmptyScreen()
01-01 20:00:32.471  2203  2203 D Launcher.Workspace: 11683562 - insertNewWorkspaceScreen(): -201 at index: 0
01-01 20:00:32.473  1878  1878 D TvCaManager: getCurrentMsgType()
01-01 20:00:32.477  1878  1878 W ContextImpl: Calling a method in the system process without a qualified user: android.app.ContextImpl.startService:1686 android.content.ContextWrapper.startService:515 com.mstar.tv.tvplayer.ui.RootActivity.onCreate:1281 android.app.Activity.performCreate:5937 android.app.Instrumentation.callActivityOnCreate:1105 
01-01 20:00:32.514  1570  2243 I ActivityManager: Start proc com.demo.floatwindowdemo for service com.demo.floatwindowdemo/.FreezeService: pid=2422 uid=1000 gids={41000, 9997, 1028, 1015, 2001, 1023, 1024, 3003, 3002, 3001, 1007} abi=armeabi-v7a
01-01 20:00:32.560  2203  2260 D Launcher.IconCache: componentName.toShortString() {com.eshare.paint/com.eshare.paint.activity.PaintActivity}
01-01 20:00:32.563  2203  2260 D Launcher.IconCache: componentName.toShortString() {com.eshare.paint/com.eshare.paint.activity.PaintActivity}
01-01 20:00:32.564  2203  2260 D Launcher.IconCache: componentName.toShortString() {com.eshare.paint/com.eshare.paint.activity.PaintActivity}
01-01 20:00:32.564  1878  1878 D TvCaManager: CaGetVer()
01-01 20:00:32.565  1788  1809 I CaManager_JNI: CaGetVer
01-01 20:00:32.565  1878  1878 E RootActivity: onCreate isPVRStandby:false
01-01 20:00:32.566  2203  2260 D Launcher.IconCache: componentName.toShortString() {com.eshare.paint/com.eshare.paint.activity.PaintActivity}
01-01 20:00:32.568  2203  2260 D Launcher.IconCache: componentName.toShortString() {com.eshare.paint/com.eshare.paint.activity.PaintActivity}
01-01 20:00:32.569  2203  2260 D Launcher.IconCache: componentName.toShortString() {com.eshare.paint/com.eshare.paint.activity.PaintActivity}
01-01 20:00:32.571  2203  2260 D Launcher.IconCache: componentName.toShortString() {com.eshare.paint/com.eshare.paint.activity.PaintActivity}
01-01 20:00:32.572  2203  2260 D Launcher.IconCache: componentName.toShortString() {com.eshare.paint/com.eshare.paint.activity.PaintActivity}
01-01 20:00:32.574  2203  2260 D Launcher.IconCache: componentName.toShortString() {com.eshare.paint/com.eshare.paint.activity.PaintActivity}
01-01 20:00:32.575  2203  2260 D Launcher.IconCache: componentName.toShortString() {com.eshare.paint/com.eshare.paint.activity.PaintActivity}
01-01 20:00:32.580  1878  1878 I TvManager_JNI: JNI_OnLoad
01-01 20:00:32.581  1878  1878 I TvManager_JNI: native_init
01-01 20:00:32.581  1878  1878 I TvManager_JNI: native_setup
