01-01 20:00:32.582  2203  2260 D Launcher.IconCache: componentName.toShortString() {com.android.browser/com.android.browser.BrowserActivity}
01-01 20:00:32.588  1878  1878 I MhlManager_JNI: JNI_OnLoad
01-01 20:00:32.588  1878  1878 I MhlManager_JNI: native_init
01-01 20:00:32.589  1878  1878 I MhlManager_JNI: native_setup
01-01 20:00:32.590  1878  1878 D TvChannelManager: registerOnDtvPlayerEventListener 
01-01 20:00:32.590  1878  1878 D TvChannelManager: registerOnTvPlayerEventListener 
01-01 20:00:32.591  1878  1878 D TvChannelManager: registerOnAtvPlayerEventListener 
01-01 20:00:32.596  2203  2260 D Launcher.IconCache: componentName.toShortString() {com.android.tv.settings/com.android.tv.settings.MainSettings}
01-01 20:00:32.598  2203  2260 D Launcher.IconCache: componentName.toShortString() {com.android.tv.settings/com.android.tv.settings.MainSettings}
01-01 20:00:32.605  2203  2260 D Launcher.IconCache: componentName.toShortString() {com.android.deskclock/com.android.deskclock.DeskClock}
01-01 20:00:32.606  2203  2260 D Launcher.IconCache: componentName.toShortString() {com.android.deskclock/com.android.deskclock.DeskClock}
01-01 20:00:32.607  1788  1810 I CiManager_JNI: JNI_OnLoad
01-01 20:00:32.607  1788  1810 I CiManager_JNI: native_init
01-01 20:00:32.608  1788  1810 I CiManager_JNI: native_setup
01-01 20:00:32.608  2203  2260 D Launcher.IconCache: componentName.toShortString() {com.android.deskclock/com.android.deskclock.DeskClock}
01-01 20:00:32.614  1878  1878 I RootActivity: onStart()
01-01 20:00:32.615  2203  2260 D Launcher.IconCache: componentName.toShortString() {com.android.quicksearchbox/com.android.quicksearchbox.SearchActivity}
01-01 20:00:32.616  2203  2260 D Launcher.IconCache: componentName.toShortString() {com.android.quicksearchbox/com.android.quicksearchbox.SearchActivity}
01-01 20:00:32.618  2203  2260 D Launcher.IconCache: componentName.toShortString() {com.android.quicksearchbox/com.android.quicksearchbox.SearchActivity}
01-01 20:00:32.618  1878  1878 D RootActivity: Not Launch TV First Time, No Needed To Do AutoScan
01-01 20:00:32.618  1878  1878 I RootActivity: onResume()
01-01 20:00:32.619  2203  2260 D Launcher.IconCache: componentName.toShortString() {com.android.quicksearchbox/com.android.quicksearchbox.SearchActivity}
01-01 20:00:32.621  1878  1878 I System.out: 1
01-01 20:00:32.621  1878  1878 D RootActivity: onResume() mScreenSaverStatus = -1
01-01 20:00:32.622  1878  1878 W ContextImpl: Calling a method in the system process without a qualified user: android.app.ContextImpl.sendBroadcast:1321 android.content.ContextWrapper.sendBroadcast:376 com.mstar.tv.tvplayer.ui.RootActivity.onResume:1753 android.app.Instrumentation.callActivityOnResume:1241 android.app.Activity.performResume:6023 
01-01 20:00:32.624  1878  1878 D TvCommonManager: isSupportModule ( 11 )
01-01 20:00:32.625  1788  1810 I TvManager_JNI: getCompilerFlag
01-01 20:00:32.625  2203  2260 D Launcher.IconCache: componentName.toShortString() {android.systemupdate.service/android.systemupdate.activitys.SettingActivity}
01-01 20:00:32.627  2203  2260 D Launcher.IconCache: componentName.toShortString() {android.systemupdate.service/android.systemupdate.activitys.SettingActivity}
01-01 20:00:32.627  1878  1878 D TvCommonManager: isSupportModule ( 12 )
01-01 20:00:32.627  1788  1810 I TvManager_JNI: getCompilerFlag
01-01 20:00:32.628  1878  1878 D RootActivity: get previous input source from preference:25
01-01 20:00:32.629  2203  2260 D Launcher.IconCache: componentName.toShortString() {android.systemupdate.service/android.systemupdate.activitys.SettingActivity}
01-01 20:00:32.630  2203  2260 D Launcher.IconCache: componentName.toShortString() {android.systemupdate.service/android.systemupdate.activitys.SettingActivity}
01-01 20:00:32.632  2203  2260 D Launcher.IconCache: componentName.toShortString() {android.systemupdate.service/android.systemupdate.activitys.SettingActivity}
01-01 20:00:32.636  1878  2445 D OpenGLRenderer: Render dirty regions requested: false
01-01 20:00:32.643  2203  2260 D Launcher.IconCache: componentName.toShortString() {com.android.providers.downloads.ui/com.android.providers.downloads.ui.DownloadList}
01-01 20:00:32.645  2203  2260 D Launcher.IconCache: componentName.toShortString() {com.android.providers.downloads.ui/com.android.providers.downloads.ui.DownloadList}
01-01 20:00:32.646  2203  2260 D Launcher.IconCache: componentName.toShortString() {com.android.providers.downloads.ui/com.android.providers.downloads.ui.DownloadList}
01-01 20:00:32.648  2203  2260 D Launcher.IconCache: componentName.toShortString() {com.android.providers.downloads.ui/com.android.providers.downloads.ui.DownloadList}
01-01 20:00:32.650  2203  2260 D Launcher.IconCache: componentName.toShortString() {com.android.providers.downloads.ui/com.android.providers.downloads.ui.DownloadList}
01-01 20:00:32.651  2203  2260 D Launcher.IconCache: componentName.toShortString() {com.android.providers.downloads.ui/com.android.providers.downloads.ui.DownloadList}
01-01 20:00:32.659  2203  2260 D Launcher.IconCache: componentName.toShortString() {com.ecloud.eairplay/com.ecloud.eairplay.MainActivity}
01-01 20:00:32.660  1570  1591 I ActivityManager: Start proc com.mstar.miscsetting for broadcast com.mstar.miscsetting/.broadcast.HotKeyBroadCastReceiver: pid=2446 uid=1000 gids={41000, 9997, 1028, 1015, 2001, 1023, 1024, 3003, 3002, 3001, 1007} abi=armeabi-v7a
01-01 20:00:32.661  2203  2260 D Launcher.IconCache: componentName.toShortString() {com.ecloud.eairplay/com.ecloud.eairplay.MainActivity}
01-01 20:00:32.665  2203  2260 D Launcher.IconCache: componentName.toShortString() {com.ecloud.eairplay/com.ecloud.eairplay.MainActivity}
01-01 20:00:32.666  1878  1878 W Settings: Setting auto_time has moved from android.provider.Settings.System to android.provider.Settings.Global, returning read-only value.
01-01 20:00:32.666  2203  2260 D Launcher.IconCache: componentName.toShortString() {com.ecloud.eairplay/com.ecloud.eairplay.MainActivity}
01-01 20:00:32.671  1878  1878 I RootActivity: curInputSource is :25
01-01 20:00:32.671  1878  1878 D RootActivity: mIsMsrvStarted:true
01-01 20:00:32.674  1878  2464 D RootActivity: The source change to the previous power source :25
01-01 20:00:32.674  1878  2464 D TvCommonManager: setInputSource, paras source = 25
01-01 20:00:32.674  1788  2465 I TvManager_JNI: setInputSource
01-01 20:00:32.674  1788  2465 D TVResHolder: TVResHolder RMClientMain
01-01 20:00:32.674  1788  2465 V RMClient: #1:RMClient
01-01 20:00:32.675  2203  2260 D Launcher.IconCache: componentName.toShortString() {com.ecloud.eairplay/com.ecloud.eairplay.MainActivity}
01-01 20:00:32.675  1788  2465 D TVResHolder: TVResHolder RMClientSub
01-01 20:00:32.675  1788  2465 V RMClient: #2:RMClient
01-01 20:00:32.676  1788  2465 D TVResHolder: setInputSource(25) LINE:420,time:407479662
01-01 20:00:32.676  1788  2465 V RMClient: #1:requestResourceAsync
01-01 20:00:32.677  1788  2467 V RMClient: #1:onMessageReceived creq
01-01 20:00:32.677  1788  2467 V RMClient: #1:kWhatCmdResourceRequest
01-01 20:00:32.677  1788  2467 V RMClient: #1:Done
01-01 20:00:32.677  1172  1331 V RMAllocator: handleRequest
01-01 20:00:32.678  1172  1331 V RMAllocator: handleRequest new ClientInfo, client=2366777664 id=1
01-01 20:00:32.679  1172  1331 I RMAllocator: ClientInfo this=2361483392, mRMClient=2366777664. id=1
01-01 20:00:32.679  1172  1331 V RMAllocator: handleRequest new ClientInfo=2361483392, client=2366777664 id=1
01-01 20:00:32.679  1172  1331 D TVEmuRMService_main: type =13 , pip=0 
01-01 20:00:32.679  1172  1331 D TVEmuRMService_main: type =14 , pip=0 
01-01 20:00:32.679  1172  1331 V RMAllocator: allocateResources
01-01 20:00:32.679  1172  1331 V RMAllocator: allocateOneResource
01-01 20:00:32.679  1172  1331 V RMAllocator: allocateOneResource
01-01 20:00:32.679  1788  1809 V RMClient: #1:handleRequestDone
01-01 20:00:32.679  1788  2467 V RMClient: #1:onMessageReceived ldon
01-01 20:00:32.679  1788  2467 V RMClient: #1:kWhatRequestDone
01-01 20:00:32.679  1788  2467 D TVResHolder: handleRequestDone()
01-01 20:00:32.679  1788  2467 D TVResHolder: handleRequestDone() Got vRendResVec size=1
01-01 20:00:32.679  1788  2467 D TVResHolder: videoPlaneId = 0
01-01 20:00:32.679  1788  2467 V RMClient: #1:Done
01-01 20:00:32.679  1788  2465 D TVResHolder: setInputSource(25) LINE:463,time:407650329
01-01 20:00:32.679  1788  2465 D TVResHolder: setInputSource(25) Success
01-01 20:00:32.679  1788  2465 D TvManager: TvManager setInputSource1111
01-01 20:00:32.680  2203  2260 D Launcher.IconCache: componentName.toShortString() {com.ecloud.eairplay/com.ecloud.eairplay.MainActivity}
01-01 20:00:32.682  2203  2260 D Launcher.IconCache: componentName.toShortString() {com.ecloud.eairplay/com.ecloud.eairplay.MainActivity}
01-01 20:00:32.683  2203  2260 D Launcher.IconCache: componentName.toShortString() {com.ecloud.eairplay/com.ecloud.eairplay.MainActivity}
01-01 20:00:32.684  1878  1878 D TvChannelManager: getChannelSwitchMode(), return : 1
01-01 20:00:32.684  1878  1878 D TvChannelManager: setChannelChangeFreezeMode(), paras freezeMode = true
01-01 20:00:32.684  1788  1809 D PlayerImpl_JNI: setChannelChangeFreezeMode
01-01 20:00:32.685  2203  2260 D Launcher.IconCache: componentName.toShortString() {com.ecloud.eairplay/com.ecloud.eairplay.MainActivity}
01-01 20:00:32.685  2391  2391 I CalendarProvider2: Sending notification intent: Intent { act=android.intent.action.PROVIDER_CHANGED dat=content://com.android.calendar }
01-01 20:00:32.687  1788  1810 I TvManager_JNI: getCurrentSubInputSource
01-01 20:00:32.687  1878  1878 D TvCommonManager: isSignalStable
01-01 20:00:32.687  1788  1809 I TvManager_JNI: isSignalStable
01-01 20:00:32.688  2203  2260 D Launcher.IconCache: componentName.toShortString() {com.ecloud.eairplay/com.ecloud.eairplay.MainActivity}
01-01 20:00:32.688  2391  2391 W ContentResolver: Failed to get type for: content://com.android.calendar (Unknown URL content://com.android.calendar)
01-01 20:00:32.692  1788  2465 I TvManager_JNI: getSourceList
01-01 20:00:32.697  2203  2260 D Launcher.IconCache: componentName.toShortString() {com.estrongs.android.pop/com.estrongs.android.pop.view.FileExplorerActivity}
01-01 20:00:32.697  1788  2465 I PipManager_JNI: JNI_OnLoad
01-01 20:00:32.698  1788  2465 I PipManager_JNI: native_init
01-01 20:00:32.698  1788  2465 I PipManager_JNI: native_setup
01-01 20:00:32.698  2203  2260 D Launcher.IconCache: componentName.toShortString() {com.estrongs.android.pop/com.estrongs.android.pop.view.FileExplorerActivity}
01-01 20:00:32.701  2203  2260 D Launcher.IconCache: componentName.toShortString() {com.estrongs.android.pop/com.estrongs.android.pop.view.FileExplorerActivity}
01-01 20:00:32.702  2203  2260 D Launcher.IconCache: componentName.toShortString() {com.estrongs.android.pop/com.estrongs.android.pop.view.FileExplorerActivity}
01-01 20:00:32.704  1878  1878 D TvCaManager: CaGetVer()
01-01 20:00:32.704  1788  2465 I CaManager_JNI: CaGetVer
01-01 20:00:32.704  2446  2446 I HotKeyBroadCastReceiver: Receive com.mstar.tv.ui.tvstart!
01-01 20:00:32.704  2203  2260 D Launcher.IconCache: componentName.toShortString() {com.estrongs.android.pop/com.estrongs.android.pop.view.FileExplorerActivity}
01-01 20:00:32.707  2203  2260 D Launcher.IconCache: componentName.toShortString() {com.estrongs.android.pop/com.estrongs.android.pop.view.FileExplorerActivity}
01-01 20:00:32.709  2203  2260 D Launcher.IconCache: componentName.toShortString() {com.estrongs.android.pop/com.estrongs.android.pop.view.FileExplorerActivity}
01-01 20:00:32.711  2348  2348 D AlertReceiver: onReceive: a=android.intent.action.PROVIDER_CHANGED Intent { act=android.intent.action.PROVIDER_CHANGED dat=content://com.android.calendar flg=0x10 cmp=com.android.calendar/.alerts.AlertReceiver }
01-01 20:00:32.713  2203  2260 D Launcher.IconCache: componentName.toShortString() {com.estrongs.android.pop/com.estrongs.android.pop.view.FileExplorerActivity}
01-01 20:00:32.721  1788  2470 I TvManager_JNI: setTvosCommonCommand
01-01 20:00:32.721  1182  1182 I tvos    : get TvEventListenerReady
01-01 20:00:32.725  1788  1810 D PlayerImpl_JNI: PostEvent_SignalUnlock
01-01 20:00:32.725  2203  2260 D Launcher.IconCache: componentName.toShortString() {com.ecloud.eshare.server/com.ecloud.eshare.server.CifsClientActivity}
01-01 20:00:32.728  2203  2260 D Launcher.IconCache: componentName.toShortString() {com.ecloud.eshare.server/com.ecloud.eshare.server.CifsClientActivity}
01-01 20:00:32.731  2203  2260 D Launcher.IconCache: componentName.toShortString() {com.ecloud.eshare.server/com.ecloud.eshare.server.CifsClientActivity}
01-01 20:00:32.732  2348  2473 D AlertService: 0 Action = android.intent.action.PROVIDER_CHANGED
01-01 20:00:32.733  2203  2260 D Launcher.IconCache: componentName.toShortString() {com.ecloud.eshare.server/com.ecloud.eshare.server.CifsClientActivity}
01-01 20:00:32.737  2203  2260 D Launcher.IconCache: componentName.toShortString() {com.ecloud.eshare.server/com.ecloud.eshare.server.CifsClientActivity}
01-01 20:00:32.739  2203  2260 D Launcher.IconCache: componentName.toShortString() {com.ecloud.eshare.server/com.ecloud.eshare.server.CifsClientActivity}
01-01 20:00:32.744  1878  2445 I OpenGLRenderer: Initialized EGL, version 1.4
01-01 20:00:32.745  2203  2260 D Launcher.IconCache: componentName.toShortString() {com.ecloud.eshare.server/com.ecloud.eshare.server.CifsClientActivity}
01-01 20:00:32.747  1878  2445 D OpenGLRenderer: Enabling debug mode 0
01-01 20:00:32.748  1170  1289 D gralloc : allocate buffer from ION HEAP 0x1
01-01 20:00:32.748  1170  1289 D gralloc : allocate memory from system heap
01-01 20:00:32.750  2203  2260 D Launcher.IconCache: componentName.toShortString() {com.ecloud.eshare.server/com.ecloud.eshare.server.CifsClientActivity}
01-01 20:00:32.751  2203  2260 D Launcher.IconCache: componentName.toShortString() {com.ecloud.eshare.server/com.ecloud.eshare.server.CifsClientActivity}
01-01 20:00:32.753  2203  2260 D Launcher.IconCache: componentName.toShortString() {com.ecloud.eshare.server/com.ecloud.eshare.server.CifsClientActivity}
01-01 20:00:32.756  1182  1182 I tvos    : --[shawn] GetAudioAmp_ExtPCF8574 DOne
01-01 20:00:32.756  1182  1182 I tvos    : tsl2561 uDataToRead_Low:72
01-01 20:00:32.756  1182  1182 I tvos    : tsl2561 uDataToRead_High:72
01-01 20:00:32.756  1182  1182 I tvos    : tsl2561 uDataToRead_ALL:18504
01-01 20:00:32.756  1182  1182 I tvos    : kevin:info mapi_pql_customer.cpp:SetBacklight:2225 m_u8BacklightCh = 0 u32PWM_Duty = 511l 
01-01 20:00:32.756  1182  1182 I tvos    : test Backlight pql customer info
01-01 20:00:32.756  1182  1182 I tvos    : LightSensor : ON --  600
01-01 20:00:32.756  1182  1182 I tvos    : [shawn_TMP75][MSrv_Contorl_Common] 8d
01-01 20:00:32.756  1182  1182 I tvos    : --[shawn] GetAudioAmp_ExtPCF8574 DOne
01-01 20:00:32.756  1182  1182 I tvos    : [INFO]FirstForbittoOPSCnt ======= 9 
01-01 20:00:32.756  1182  1182 I tvos    : [liangsj_ops][MSrv_Control_common][HeartBeatMonitor:4699]enCurrentInputType=25, PowerOffBoardStatus=0, OPS_ON_Flag=255,OPS_ON_Flag_2=0
01-01 20:00:32.762  2203  2260 D Launcher.IconCache: componentName.toShortString() {com.jrm.localmm/com.jrm.localmm.ui.main.FileBrowserActivity}
01-01 20:00:32.763  2203  2260 D Launcher.IconCache: componentName.toShortString() {com.jrm.localmm/com.jrm.localmm.ui.main.FileBrowserActivity}
01-01 20:00:32.764  1170  1289 D gralloc : allocate buffer from ION HEAP 0x1
01-01 20:00:32.764  1170  1289 D gralloc : allocate memory from system heap
01-01 20:00:32.765  2203  2260 D Launcher.IconCache: componentName.toShortString() {com.jrm.localmm/com.jrm.localmm.ui.main.FileBrowserActivity}
01-01 20:00:32.767  2203  2260 D Launcher.IconCache: componentName.toShortString() {com.jrm.localmm/com.jrm.localmm.ui.main.FileBrowserActivity}
01-01 20:00:32.768  2203  2260 D Launcher.IconCache: componentName.toShortString() {com.jrm.localmm/com.jrm.localmm.ui.main.FileBrowserActivity}
01-01 20:00:32.770  2203  2260 D Launcher.IconCache: componentName.toShortString() {com.jrm.localmm/com.jrm.localmm.ui.main.FileBrowserActivity}
01-01 20:00:32.772  2203  2260 D Launcher.IconCache: componentName.toShortString() {com.jrm.localmm/com.jrm.localmm.ui.main.FileBrowserActivity}
01-01 20:00:32.773  1170  1289 D gralloc : allocate buffer from ION HEAP 0x1
01-01 20:00:32.773  1170  1289 D gralloc : allocate memory from system heap
01-01 20:00:32.773  2203  2260 D Launcher.IconCache: componentName.toShortString() {com.jrm.localmm/com.jrm.localmm.ui.main.FileBrowserActivity}
01-01 20:00:32.775  2203  2260 D Launcher.IconCache: componentName.toShortString() {com.jrm.localmm/com.jrm.localmm.ui.main.FileBrowserActivity}
01-01 20:00:32.804  1878  1878 D PlayerImpl_JNI: JNI_OnLoad
01-01 20:00:32.807  2203  2203 E AppsCustomizePagedView: Widget ComponentInfo{com.ecloud.eshare.server/com.ecloud.eshare.server.Widget} can not fit on this device (1300, 360)
01-01 20:00:32.807  1878  1878 D PlayerImpl_JNI: native_init
01-01 20:00:32.808  1878  1878 D PlayerImpl_JNI: native_setup
01-01 20:00:32.809  1878  1878 D PlayerImpl: MstarPlayer::setVideoSurfaceTexture
01-01 20:00:32.809  1878  1878 D PlayerImpl: MstarPlayer::initRender
01-01 20:00:32.810  1170  1289 D gralloc : allocate buffer from ION HEAP 0x1
01-01 20:00:32.810  1170  1289 D gralloc : allocate memory from system heap
01-01 20:00:32.811  1878  1878 D PlayerImpl: MstarPlayer::initRender Done.
01-01 20:00:32.811  1878  1878 I TvView  : surfaceCreated  w:1920 h:1080 x:0 y:0
01-01 20:00:32.817  1878  1878 D RootActivity: signalLockHandler current InputSource = 25
01-01 20:00:32.817  1878  1878 D RootActivity: signalLockHandler get mIsSignalLock = false
01-01 20:00:32.817  1878  1878 D RootActivity: unlock show nosignal
01-01 20:00:32.817  1878  1878 D TAG     : set RootActivity on TvCommonEvent source info
01-01 20:00:32.828  1788  1809 I ParentalcontrolManager_JNI: JNI_OnLoad
01-01 20:00:32.828  1788  1809 I ParentalcontrolManager_JNI: native_init
01-01 20:00:32.828  1788  1809 I ParentalcontrolManager_JNI: native_setup
01-01 20:00:32.828  1788  1809 E ParentalcontrolManager: ParentalcontrolManagerService binder != null
01-01 20:00:32.828  1788  1809 E ParentalcontrolManager: ParentalcontrolManagerService link over != null
01-01 20:00:32.828  1788  1809 E ParentalcontrolManager: ParentalcontrolManagerService set over != null
01-01 20:00:32.829  1788  1809 I ParentalcontrolManager_JNI: setAutoSwitch
01-01 20:00:32.833  1570  2243 I ActivityManager: START u0 {act=com.mstar.tv.tvplayer.ui.intent.action.SOURCE_INFO cmp=com.mstar.tv.tvplayer.ui/.channel.SourceInfoActivity} from uid 1000 on display 0
01-01 20:00:32.836  1878  1878 D RootActivity: show nosignal view
01-01 20:00:32.883  1878  1878 D RootActivity: SIGNAL UnLock***
01-01 20:00:32.885  1878  1878 I RootActivity: onTvCommonEvent(), what:11002, arg1:0
01-01 20:00:32.888  1878  1878 D RootActivity: onPause()
01-01 20:00:32.888  1878  1878 V TVRootApp: set source dirty to false
01-01 20:00:32.889  1878  1878 D RootActivity: Save previous inputsource :25
01-01 20:00:32.893  1570  2154 V ActivityManager: set mstar.EnterOpaqueUI false
01-01 20:00:32.900  1570  2154 I ActivityManager: TR3) TaskRecord{154ae032 #43 A=com.mstar.tv.tvplayer.ui U=0 sz=2}
01-01 20:00:32.900  1570  2154 I ActivityManager: TR2) TaskRecord{27c4a88a #42 A=com.android.launcher3 U=0 sz=1}
01-01 20:00:32.900  1570  2154 V ActivityManager: set mstar.EnterOpaqueUI false
01-01 20:00:32.905  1878  1878 D RootActivity: signalLockHandler current InputSource = 25
01-01 20:00:32.905  1878  1878 D RootActivity: signalLockHandler get mIsSignalLock = false
01-01 20:00:32.906  1878  1878 D RootActivity: unlock show nosignal
01-01 20:00:32.906  1878  1878 D TAG     : set RootActivity on TvCommonEvent source info
01-01 20:00:32.907  1788  1809 I ParentalcontrolManager_JNI: setAutoSwitch
01-01 20:00:32.907  1170  1170 D hwcomposer: @@@@x=0, y=0, width=1920, height=1080
01-01 20:00:32.907  1170  1170 D mbootenv: ENV in EMMC!
01-01 20:00:32.908  1878  1878 W ContextImpl: Calling a method in the system process without a qualified user: android.app.ContextImpl.sendBroadcast:1321 android.content.ContextWrapper.sendBroadcast:376 com.mstar.util.Utility.startSourceInfo:419 com.mstar.tv.tvplayer.ui.RootActivity$22.handleMessage:2915 android.os.Handler.dispatchMessage:102 
01-01 20:00:32.914  1170  1170 D hwcomposer: panel Width 1920, Height 1080
01-01 20:00:32.914  1170  1170 D hwcomposer: osd Width 1920, Height 1080
01-01 20:00:32.915  1170  1170 D hwcomposer: @@@@PANEL/OSD W ratio : 1.000000, H ratio : 1.000000
01-01 20:00:32.915  1170  1170 D hwcomposer: @@@@ apply ratio, x=0, y=0, width=1920, height=1080
01-01 20:00:32.937  1878  1878 D TvChannelManager: getSystemCountry() , return country 50
01-01 20:00:32.940  1170  1327 D hwcomposer: lastVideoPlanes is dirty
01-01 20:00:32.940  1170  1327 D hwcomposer: lastHWWindowInfo is dirty
01-01 20:00:32.951  1878  1878 D SourceInfoActivity: onResume
01-01 20:00:32.951  1878  1878 D TvChannelManager: registerOnAtvPlayerEventListener 
01-01 20:00:32.952  1878  1878 D TvChannelManager: registerOnDtvPlayerEventListener 
01-01 20:00:32.952  1878  1878 D TvChannelManager: registerOnTvPlayerEventListener 
01-01 20:00:32.977  1170  2486 D gralloc : allocate buffer from ION HEAP 0x1
01-01 20:00:32.978  1170  2486 D gralloc : allocate memory from system heap
01-01 20:00:32.991  1170  1289 D gralloc : allocate buffer from ION HEAP 0x1
01-01 20:00:32.992  1170  1289 D gralloc : allocate memory from system heap
01-01 20:00:33.001  1170  1289 D gralloc : allocate buffer from ION HEAP 0x1
01-01 20:00:33.001  1170  1289 D gralloc : allocate memory from system heap
01-01 20:00:33.032  1570  1591 W ActivityManager: Unable to start service Intent { cmp=com.android.systemui/.keyguard.KeyguardService } U=0: not found
01-01 20:00:33.032  1570  1591 V KeyguardServiceDelegate: *** Keyguard: can't bind to com.android.systemui.keyguard.KeyguardService
01-01 20:00:33.032  1570  1591 W KeyguardServiceDelegate: onScreenTurnedOn(): no keyguard service!
01-01 20:00:33.045  1570  1654 E WifiStateMachine: sleep for usb init done
01-01 20:00:33.058  1570  1602 I ActivityManager: Displayed com.mstar.tv.tvplayer.ui/.channel.SourceInfoActivity: +163ms (total +736ms)
01-01 20:00:33.061  1170  2486 I SurfaceFlinger: Boot is finished (11826 ms)
01-01 20:00:33.061  1170  2486 I SurfaceFlinger: [AT][AN][finish boot][16792]
01-01 20:00:33.089  1170  1327 D hwcomposer: lastHWWindowInfo is dirty
01-01 20:00:33.133  1788  1823 D AudioSystem: Setting global gAudioPortCallback On refCnt: 1
01-01 20:00:33.142  1788  1823 D TvService: restoreTvVolume get from usersetting.db vol = 36
01-01 20:00:33.142  1788  1823 D TvService: restoreTvVolume = 36
01-01 20:00:33.155  1752  1768 E ProgressTextView:  thum width 30.0
01-01 20:00:33.159  1788  1823 I AudioManager_JNI: JNI_OnLoad
01-01 20:00:33.160  1788  1823 I AudioManager_JNI: native_init
01-01 20:00:33.160  1788  1823 I AudioManager_JNI: native_setup
01-01 20:00:33.162  1788  1823 I AudioManager_JNI: native_isMuteEnabled has delete by client
01-01 20:00:33.162  1788  1823 D TvService: mute status = false
01-01 20:00:33.172  1170  1327 D hwcomposer: lastHWWindowInfo is dirty
01-01 20:00:33.176  1752  1768 E ProgressTextView:  thum width 30.0
01-01 20:00:33.182  1752  1768 E ProgressTextView:  thum width 30.0
01-01 20:00:33.187  1752  1768 E ProgressTextView:  thum width 30.0
01-01 20:00:33.192  1752  1768 E ProgressTextView:  thum width 30.0
01-01 20:00:33.196  1752  1768 E ProgressTextView:  thum width 30.0
01-01 20:00:33.201  1752  1768 E ProgressTextView:  thum width 30.0
01-01 20:00:33.206  1752  1768 E ProgressTextView:  thum width 30.0
01-01 20:00:33.264  1570  1602 I SystemServiceManager: Starting phase 1000
01-01 20:00:33.306  1570  2496 I ActivityManager: Start proc com.android.keychain for service com.android.keychain/.KeyChainService: pid=2500 uid=1000 gids={41000, 9997, 1028, 1015, 2001, 1023, 1024, 3003, 3002, 3001, 1007} abi=armeabi-v7a
01-01 20:00:33.315  1570  2511 I RecoverySystem: No recovery log file
01-01 20:00:33.315  2203  2203 I robin   : Intent.ACTION_BOOT_COMPLETED
01-01 20:00:33.316  1570  2511 I BootReceiver: Copying audit failures to DropBox
01-01 20:00:33.316  1570  2511 I BootReceiver: Checking for fsck errors
01-01 20:00:33.317  2203  2203 W ContextImpl: Calling a method in the system process without a qualified user: android.app.ContextImpl.startService:1686 android.content.ContextWrapper.startService:515 android.content.ContextWrapper.startService:515 com.android.launcher3.config.Bootreceiver.startpendingintent:50 com.android.launcher3.config.Bootreceiver.onReceive:28 
01-01 20:00:33.379  1570  1587 I ActivityManager: Start proc com.android.managedprovisioning for broadcast com.android.managedprovisioning/.BootReminder: pid=2523 uid=10006 gids={50006, 9997, 1028, 3003} abi=arm64-v8a
01-01 20:00:33.428  1182  1182 I tvos    : --[shawn] GetAudioAmp_ExtPCF8574 DOne
01-01 20:00:33.429  1182  1182 I tvos    : tsl2561 uDataToRead_Low:72
01-01 20:00:33.429  1182  1182 I tvos    : tsl2561 uDataToRead_High:72
01-01 20:00:33.429  1182  1182 I tvos    : tsl2561 uDataToRead_ALL:18504
01-01 20:00:33.429  1182  1182 I tvos    : kevin:info mapi_pql_customer.cpp:SetBacklight:2225 m_u8BacklightCh = 0 u32PWM_Duty = 511l 
01-01 20:00:33.429  1182  1182 I tvos    : test Backlight pql customer info
01-01 20:00:33.429  1182  1182 I tvos    : LightSensor : ON --  600
01-01 20:00:33.433  1182  1182 I tvos    : [shawn_TMP75][MSrv_Contorl_Common] 8d
01-01 20:00:33.433  1182  1182 I tvos    : --[shawn] GetAudioAmp_ExtPCF8574 DOne
01-01 20:00:33.433  1182  1182 I tvos    : [INFO]FirstForbittoOPSCnt ======= 10 
01-01 20:00:33.433  1182  1182 I tvos    : -[shawn],PCF8574 WriteReg ok /home/shawn/l-828/vendor/mstar/supernova/projects/devices/audioamp/customized_extern_PCF8574.cpp::355::226
01-01 20:00:33.433  1182  1182 I tvos    : [shawn][INFO]: PowerOnUsbSwitch_Flag  MAPI_INPUT_SOURCE_OPS1  
01-01 20:00:33.433  1182  1182 I tvos    : [liangsj_ops][MSrv_Control_common][HeartBeatMonitor:4699]enCurrentInputType=25, PowerOffBoardStatus=0, OPS_ON_Flag=255,OPS_ON_Flag_2=0
01-01 20:00:33.562  1570  2183 I ActivityManager: Start proc com.android.onetimeinitializer for broadcast com.android.onetimeinitializer/.OneTimeInitializerReceiver: pid=2544 uid=10008 gids={50008, 9997} abi=arm64-v8a
01-01 20:00:33.593  2544  2544 V OneTimeInitializerRece: OneTimeInitializerReceiver.onReceive
01-01 20:00:33.602  1570  1644 D BluetoothManagerService: Usb drivers have insmod
01-01 20:00:33.631  1570  2154 I ActivityManager: Start proc com.android.tv.settings for broadcast com.android.tv.settings/.users.UserSwitchListenerService$BootReceiver: pid=2565 uid=1000 gids={41000, 9997, 1028, 1015, 2001, 1023, 1024, 3003, 3002, 3001, 1007} abi=armeabi-v7a
01-01 20:00:33.635  1788  2465 I PictureManager_JNI: JNI_OnLoad
01-01 20:00:33.636  1788  2465 I PictureManager_JNI: native_init
01-01 20:00:33.636  1788  2465 I PictureManager_JNI: native_setup
01-01 20:00:33.638  1788  2465 I PictureManager_JNI: is4K2KMode
01-01 20:00:33.640  1878  1878 D TvPictureManager: is4K2KMode() return = false
01-01 20:00:33.689  2565  2565 W ContextImpl: Calling a method in the system process without a qualified user: android.app.ContextImpl.startService:1686 android.content.ContextWrapper.startService:515 android.content.ContextWrapper.startService:515 com.android.tv.settings.users.UserSwitchListenerService$BootReceiver.onReceive:57 android.app.ActivityThread.handleReceiver:2579 
01-01 20:00:33.735  1570  1661 I ActivityManager: Start proc com.mstar.bluetooth3dservice for broadcast com.mstar.bluetooth3dservice/.Bluetooth3DReciver: pid=2584 uid=10016 gids={50016, 9997, 3002, 3001} abi=arm64-v8a
01-01 20:00:33.761  2584  2584 W ResourcesManager: Asset path '/system/framework/com.broadcom.bt.jar' does not exist or contains no resources.
01-01 20:00:33.768  2584  2584 D Bluetooth3DReciver:  ======> ACTION_BOOT_COMPLETED
01-01 20:00:33.770  2348  2348 D AlertReceiver: onReceive: a=android.intent.action.BOOT_COMPLETED Intent { act=android.intent.action.BOOT_COMPLETED flg=0x8000010 cmp=com.android.calendar/.alerts.AlertReceiver (has extras) }
01-01 20:00:33.775  2373  2373 V AlarmClock: AlarmInitReceiver android.intent.action.BOOT_COMPLETED
01-01 20:00:33.777  1182  1182 I tvos    : --[shawn] GetAudioAmp_ExtPCF8574 DOne
01-01 20:00:33.779  1182  1182 I tvos    : tsl2561 uDataToRead_Low:72
01-01 20:00:33.779  1182  1182 I tvos    : tsl2561 uDataToRead_High:72
01-01 20:00:33.779  1182  1182 I tvos    : tsl2561 uDataToRead_ALL:18504
01-01 20:00:33.779  1182  1182 I tvos    : kevin:info mapi_pql_customer.cpp:SetBacklight:2225 m_u8BacklightCh = 0 u32PWM_Duty = 511l 
01-01 20:00:33.779  1182  1182 I tvos    : test Backlight pql customer info
01-01 20:00:33.779  1182  1182 I tvos    : LightSensor : ON --  600
01-01 20:00:33.782  1182  1182 I tvos    : [shawn_TMP75][MSrv_Contorl_Common] 8d
01-01 20:00:33.782  1182  1182 I tvos    : [liangsj_ops][MSrv_Control_common][HeartBeatMonitor:4699]enCurrentInputType=25, PowerOffBoardStatus=0, OPS_ON_Flag=255,OPS_ON_Flag_2=0
01-01 20:00:33.787  1752  2073 D StatusBar.MstarUtil: packagename of current front running app is : com.mstar.tv.tvplayer.ui
01-01 20:00:33.789  1752  2073 D MMDialog: Inflate!!
01-01 20:00:33.791  1752  2073 D MstarEnterMMDialog: displaysMetrics.heightPixels : 1080
01-01 20:00:33.792  1752  2605 D AudioSystem: Setting global gAudioPortCallback On refCnt: 2
01-01 20:00:33.792  2373  2410 V AlarmClock: AlarmInitReceiver - Reset timers and clear stopwatch data
01-01 20:00:33.798  1570  2154 W ActivityManager: Unable to start service Intent { cmp=com.android.systemui/.keyguard.KeyguardService } U=0: not found
01-01 20:00:33.812  1178  1178 D MediaPlayerService: setDataSource fd=12, offset=0, length=576460752303423487
01-01 20:00:33.813  2373  2410 V AlarmClock: AlarmInitReceiver finished
01-01 20:00:33.830  1752  2605 E MediaPlayer: Should have subtitle controller already set
01-01 20:00:33.832  1570  2183 I MediaFocusControl:  AudioFocus  requestAudioFocus() from android.media.AudioManager@2f9d1b61
01-01 20:00:33.837  1178  1631 D NuPlayerDriver: start(0xf40e5040)
01-01 20:00:33.838  1178  2607 I GenericSource: start
01-01 20:00:33.838  1752  2605 E MediaPlayer: Should have subtitle controller already set
01-01 20:00:33.849  1570  1587 I ActivityManager: Start proc com.ecloud.eairplay for broadcast com.ecloud.eairplay/.BootReceiver: pid=2612 uid=10026 gids={50026, 9997, 3003, 1028, 1015} abi=armeabi-v7a
01-01 20:00:33.899  1752  2073 D MMDialog: setContentView!! android.widget.RelativeLayout{3a0af437 V.E..... ......I. 0,0-0,0}
01-01 20:00:33.907  1752  2073 I luoh    : ----------aaaaaaaaaaaaaaaaaaaaaa-------------
01-01 20:00:33.920  1170  2486 D gralloc : allocate buffer from ION HEAP 0x1
01-01 20:00:33.920  1170  2486 D gralloc : allocate memory from system heap
01-01 20:00:33.952  1788  1810 D PlayerImpl_JNI: getVideoInfo
01-01 20:00:33.954  1878  1878 D TvPictureManager: getVideoInfo, return VideoInfo videoInfo.frameRate = 0, videoInfo.hResolution = 0, videoInfo.modeIndex = -1, videoInfo.vResolution = 0
01-01 20:00:33.955  1788  1809 D PlayerImpl_JNI: isHdmiMode
01-01 20:00:33.963  1697  2543 W MediaScanner: Error opening directory '/oem/media/', skipping: No such file or directory.
01-01 20:00:33.971  1170  1289 D gralloc : allocate buffer from ION HEAP 0x1
01-01 20:00:33.971  1170  1289 D gralloc : allocate memory from system heap
01-01 20:00:33.983  1570  1586 I art     : Explicit concurrent mark sweep GC freed 12530(1112KB) AllocSpace objects, 16(956KB) LOS objects, 33% free, 8MB/12MB, paused 2.290ms total 112.761ms
01-01 20:00:33.987  1752  2073 I luoh    : ----------bbbbbbbbb-------------
01-01 20:00:34.006  1182  1182 I tvos    :  boot complete
01-01 20:00:34.016  1697  2543 V MediaScanner: pruneDeadThumbnailFiles... android.database.sqlite.SQLiteCursor@bb8f3dd
01-01 20:00:34.017  1697  2543 V MediaScanner: /pruneDeadThumbnailFiles... android.database.sqlite.SQLiteCursor@bb8f3dd
01-01 20:00:34.026  1170  1289 D gralloc : allocate buffer from ION HEAP 0x1
01-01 20:00:34.026  1170  1289 D gralloc : allocate memory from system heap
01-01 20:00:34.028  1170  2486 D gralloc : allocate buffer from ION HEAP 0x1
01-01 20:00:34.028  1170  2486 D gralloc : allocate memory from system heap
01-01 20:00:34.028  1170  2486 D gralloc : allocate buffer from ION HEAP 0x1
01-01 20:00:34.028  1170  2486 D gralloc : allocate memory from system heap
01-01 20:00:34.045  1570  1654 E WifiStateMachine: sleep for usb init done
01-01 20:00:34.064  1570  1656 D WifiMonitor: Usb drivers have insmod
01-01 20:00:34.066  2612  2612 D eshare  : load asset airplay settings
01-01 20:00:34.090  1170  2486 D gralloc : allocate buffer from ION HEAP 0x1
01-01 20:00:34.091  1170  2486 D gralloc : allocate memory from system heap
01-01 20:00:34.092  1170  1445 D gralloc : allocate buffer from ION HEAP 0x1
01-01 20:00:34.092  1170  1445 D gralloc : allocate memory from system heap
01-01 20:00:34.092  1170  1445 D gralloc : allocate buffer from ION HEAP 0x1
01-01 20:00:34.092  1170  1445 D gralloc : allocate memory from system heap
01-01 20:00:34.122  1170  1327 D hwcomposer: lastHWWindowInfo is dirty
01-01 20:00:34.173  1170  1327 D hwcomposer: lastHWWindowInfo is dirty
01-01 20:00:34.174  1182  1182 I tvos    : [liangsj_mic][threadMonitor:782]*********MicPlugFlag = 0
01-01 20:00:34.174  1182  1182 I tvos    : [liangsj_mic][threadMonitor:783]*********enCurrentInputType = 25
01-01 20:00:34.174  2612  2612 I System.out: AirplayServer start
01-01 20:00:34.180  2134  2134 W linker  : libeclcr.so has text relocations. This is wasting memory and prevents security hardening. Please fix.
01-01 20:00:34.193  2612  2612 D Lee-EShareUpdate: getUpdateInfo - ClientInfo: 
01-01 20:00:34.193  2612  2612 D Lee-EShareUpdate:  --> model = Android Monitor
01-01 20:00:34.193  2612  2612 D Lee-EShareUpdate:  --> platform = muji
01-01 20:00:34.193  2612  2612 D Lee-EShareUpdate:  --> fingerPrint = KTC/aosp_ktc/ktc:5.0.1/LRX22C/2.0.7:userdebug/test-keys___aosp_ktc-userdebug 5.0.1 LRX22C 2.0.7 test-keys
01-01 20:00:34.193  2612  2612 D Lee-EShareUpdate:  --> appKey = Y29tLmVjbG91ZC5lYWlycGxheTE0NjQ2OTQwMzMyMDk=
01-01 20:00:34.193  2612  2612 D Lee-EShareUpdate:  --> packageName = com.ecloud.eairplay
01-01 20:00:34.193  2612  2612 D Lee-EShareUpdate:  --> versionCode = 101
01-01 20:00:34.193  2612  2612 D Lee-EShareUpdate:  --> versionName = 3.7.20
01-01 20:00:34.193  2612  2612 D Lee-EShareUpdate:  --> language = zh
01-01 20:00:34.193  2612  2612 D Lee-EShareUpdate:  --> country = CN
01-01 20:00:34.194  2134  2134 I System.out: EShareServer started
01-01 20:00:34.202  2134  2134 W ContextImpl: Calling a method in the system process without a qualified user: android.app.ContextImpl.startService:1686 android.content.ContextWrapper.startService:515 android.content.ContextWrapper.startService:515 com.ecloud.eshare.server.BootReceiver.onReceive:-1 android.app.ActivityThread.handleReceiver:2579 
01-01 20:00:34.209  2134  2134 W ContextImpl: Calling a method in the system process without a qualified user: android.app.ContextImpl.sendBroadcast:1321 android.content.ContextWrapper.sendBroadcast:376 android.content.ContextWrapper.sendBroadcast:376 com.ecloud.eshare.server.BootReceiver.a:-1 com.ecloud.eshare.server.BootReceiver.onReceive:-1 
01-01 20:00:34.212  2134  2134 W ContextImpl: Calling a method in the system process without a qualified user: android.app.ContextImpl.sendBroadcast:1321 android.content.ContextWrapper.sendBroadcast:376 android.content.ContextWrapper.sendBroadcast:376 com.ecloud.eshare.server.BootReceiver.a:-1 com.ecloud.eshare.server.BootReceiver.onReceive:-1 
01-01 20:00:34.235  2612  2638 W System.err: java.net.UnknownHostException: Unable to resolve host "h1.ee-share.com": No address associated with hostname
01-01 20:00:34.236  2612  2638 W System.err: 	at java.net.InetAddress.lookupHostByName(InetAddress.java:461)
01-01 20:00:34.236  2612  2638 W System.err: 	at java.net.InetAddress.getAllByNameImpl(InetAddress.java:252)
01-01 20:00:34.236  2612  2638 W System.err: 	at java.net.InetAddress.getAllByName(InetAddress.java:215)
01-01 20:00:34.236  2612  2638 W System.err: 	at org.apache.http.impl.conn.DefaultClientConnectionOperator.openConnection(DefaultClientConnectionOperator.java:137)
01-01 20:00:34.236  2612  2638 W System.err: 	at org.apache.http.impl.conn.AbstractPoolEntry.open(AbstractPoolEntry.java:164)
01-01 20:00:34.236  2612  2638 W System.err: 	at org.apache.http.impl.conn.AbstractPooledConnAdapter.open(AbstractPooledConnAdapter.java:119)
01-01 20:00:34.236  2612  2638 W System.err: 	at org.apache.http.impl.client.DefaultRequestDirector.execute(DefaultRequestDirector.java:360)
01-01 20:00:34.236  2612  2638 W System.err: 	at org.apache.http.impl.client.AbstractHttpClient.execute(AbstractHttpClient.java:555)
01-01 20:00:34.236  2612  2638 W System.err: 	at org.apache.http.impl.client.AbstractHttpClient.execute(AbstractHttpClient.java:487)
01-01 20:00:34.236  2612  2638 W System.err: 	at org.apache.http.impl.client.AbstractHttpClient.execute(AbstractHttpClient.java:465)
01-01 20:00:34.236  2612  2638 W System.err: 	at com.eshare.update.c.b(Unknown Source)
01-01 20:00:34.236  2612  2638 W System.err: 	at com.eshare.update.c.a(Unknown Source)
01-01 20:00:34.236  2612  2638 W System.err: 	at com.eshare.update.c$1.run(Unknown Source)
01-01 20:00:34.236  2612  2638 W System.err: 	at java.lang.Thread.run(Thread.java:818)
01-01 20:00:34.244  2612  2638 W System.err: Caused by: android.system.GaiException: android_getaddrinfo failed: EAI_NODATA (No address associated with hostname)
01-01 20:00:34.245  2612  2638 W System.err: 	at libcore.io.Posix.android_getaddrinfo(Native Method)
01-01 20:00:34.245  2612  2638 W System.err: 	at libcore.io.ForwardingOs.android_getaddrinfo(ForwardingOs.java:55)
01-01 20:00:34.245  2612  2638 W System.err: 	at java.net.InetAddress.lookupHostByName(InetAddress.java:442)
01-01 20:00:34.245  2612  2638 W System.err: 	... 13 more
01-01 20:00:34.245  2612  2638 E Lee-EShareUpdate: postRequest - java.net.UnknownHostException: Unable to resolve host "h1.ee-share.com": No address associated with hostname
01-01 20:00:34.257  1570  2154 I ActivityManager: Start proc com.android.email for broadcast com.android.email/.service.EmailBroadcastReceiver: pid=2656 uid=10028 gids={50028, 9997, 3003, 1028, 1015} abi=arm64-v8a
01-01 20:00:34.320  2134  2134 W ContextImpl: Calling a method in the system process without a qualified user: android.app.ContextImpl.sendBroadcast:1321 android.content.ContextWrapper.sendBroadcast:376 com.ecloud.eshare.server.CifsServer.c:-1 com.ecloud.eshare.server.CifsServer.onCreate:-1 android.app.ActivityThread.handleCreateService:2731 
01-01 20:00:34.325  2134  2134 W ContextImpl: Calling a method in the system process without a qualified user: android.app.ContextImpl.sendBroadcast:1321 android.content.ContextWrapper.sendBroadcast:376 com.ecloud.eshare.server.CifsServer.c:-1 com.ecloud.eshare.server.CifsServer.onCreate:-1 android.app.ActivityThread.handleCreateService:2731 
01-01 20:00:34.334  1570  1657 D WifiService: New client listening to asynchronous messages
01-01 20:00:34.336  2134  2134 W Service : setForeground: ignoring old API call on com.ecloud.eshare.server.CifsServer
01-01 20:00:34.341  2134  2674 W ActivityThread: ClassLoader.loadClass: The class loader returned by Thread.getContextClassLoader() may fail for processes that host multiple applications. You should explicitly specify a context class loader. For example: Thread.setContextClassLoader(getClass().getClassLoader());
01-01 20:00:34.350  2134  2674 W System.err: java.net.UnknownHostException: Unable to resolve host "h1.ee-share.com": No address associated with hostname
01-01 20:00:34.350  2134  2674 W System.err: 	at java.net.InetAddress.lookupHostByName(InetAddress.java:461)
01-01 20:00:34.350  2134  2674 W System.err: 	at java.net.InetAddress.getAllByNameImpl(InetAddress.java:252)
01-01 20:00:34.351  2134  2676 W System.err: 	at java.net.UnknownHostException: Unable to resolve host "h1.ee-share.com": No address associated with hostname
01-01 20:00:34.351  2134  2674 W System.err: java.net.InetAddress.getAllByName(InetAddress.java:215)
01-01 20:00:34.351  2134  2674 W System.err: 	at org.apache.http.impl.conn.DefaultClientConnectionOperator.openConnection(DefaultClientConnectionOperator.java:137)
01-01 20:00:34.351  2134  2674 W System.err: 	at org.apache.http.impl.conn.AbstractPoolEntry.open(AbstractPoolEntry.java:164)
01-01 20:00:34.351  2134  2674 W System.err: 	at org.apache.http.impl.conn.AbstractPooledConnAdapter.open(AbstractPooledConnAdapter.java:119)
01-01 20:00:34.351  2134  2674 W System.err: 	at org.apache.http.impl.client.DefaultRequestDirector.execute(DefaultRequestDirector.java:360)
01-01 20:00:34.351  2134  2674 W System.err: 	at org.apache.http.impl.client.AbstractHttpClient.execute(AbstractHttpClient.java:555)
01-01 20:00:34.351  2134  2674 W System.err: 	at org.apache.http.impl.client.AbstractHttpClient.execute(AbstractHttpClient.java:487)
01-01 20:00:34.351  2134  2674 W System.err: 	at 	at org.apache.http.impl.client.AbstractHttpClient.execute(AbstractHttpClient.java:465)
01-01 20:00:34.351  2134  2676 W System.err: 	at java.net.InetAddress.lookupHostByName(InetAddress.java:427)
01-01 20:00:34.351  2134  2676 W System.err: 	at java.net.InetAddress.getAllByNameImpl(InetAddress.java:252)
01-01 20:00:34.351  2134  2676 W System.err: 	at java.net.InetAddress.getAllByName(InetAddress.java:215)
01-01 20:00:34.351  2134  2676 W System.err: 	at org.apache.http.impl.conn.DefaultClientConnectionOperator.openConnection(DefaultClientConnectionOperator.java:137)
01-01 20:00:34.351  2134  2676 W System.err: 	at org.apache.http.impl.conn.AbstractPoolEntry.open(AbstractPoolEntry.java:164)
01-01 20:00:34.351  2134  2676 W System.err: 	at org.apache.http.impl.conn.AbstractPooledConnAdapter.open(AbstractPooledConnAdapter.java:119)
01-01 20:00:34.351  2134  2676 W System.err: 	at org.apache.http.impl.client.DefaultRequestDirector.execute(DefaultRequestDirector.java:360)
01-01 20:00:34.351  2134  2676 W System.err: 	at org.apache.http.impl.client.AbstractHttpClient.execute(AbstractHttpClient.java:555)
01-01 20:00:34.351  2134  2676 W System.err: 	at org.apache.http.impl.client.AbstractHttpClient.execute(AbstractHttpClient.java:487)
01-01 20:00:34.351  2134  2676 W System.err: 	at org.apache.http.impl.client.AbstractHttpClient.execute(AbstractHttpClient.java:465)
01-01 20:00:34.351  2134  2676 W System.err: 	at com.ecloud.registration.a.a(Unknown Source)
01-01 20:00:34.351  2134  2676 W System.err: 	at com.ecloud.registration.a.a(Unknown Source)
01-01 20:00:34.351  2134  2676 W System.err: 	at com.ecloud.eshare.server.utils.j.a(Unknown Source)
01-01 20:00:34.351  2134  2676 W System.err: 	at com.ecloud.eshare.server.utils.j.c(Unknown Source)
01-01 20:00:34.352  2134  2676 W System.err: 	at com.ecloud.eshare.server.utils.af.run(Unknown Source)
01-01 20:00:34.352  2134  2676 W System.err: 	at java.lang.Thread.run(Thread.java:818)
01-01 20:00:34.352  2134  2676 W System.err: org.json.JSONException: End of input at character 0 of 
01-01 20:00:34.352  2134  2676 W System.err: 	at org.json.JSONTokener.syntaxError(JSONTokener.java:450)
01-01 20:00:34.352  2134  2676 W System.err: 	at org.json.JSONTokener.nextValue(JSONTokener.java:97)
01-01 20:00:34.352  2134  2676 W System.err: 	at org.json.JSONObject.<init>(JSONObject.java:156)
01-01 20:00:34.352  2134  2676 W System.err: 	at org.json.JSONObject.<init>(JSONObject.java:173)
01-01 20:00:34.352  2134  2676 W System.err: 	at com.ecloud.eshare.server.utils.j.a(Unknown Source)
01-01 20:00:34.352  2134  2676 W System.err: 	at com.ecloud.eshare.server.utils.j.c(Unknown Source)
01-01 20:00:34.352  2134  2676 W System.err: 	at com.ecloud.eshare.server.utils.af.run(Unknown Source)
01-01 20:00:34.352  2134  2676 W System.err: 	at java.lang.Thread.run(Thread.java:818)
01-01 20:00:34.352  2134  2674 W System.err: com.ecloud.registration.a.a(Unknown Source)
01-01 20:00:34.352  2134  2674 W System.err: 	at com.ecloud.registration.a.a(Unknown Source)
01-01 20:00:34.352  2134  2674 W System.err: 	at com.ecloud.eshare.server.utils.j.a(Unknown Source)
01-01 20:00:34.352  2134  2674 W System.err: 	at com.ecloud.eshare.server.utils.j.c(Unknown Source)
01-01 20:00:34.352  2134  2674 W System.err: 	at com.ecloud.eshare.server.utils.af.run(Unknown Source)
01-01 20:00:34.352  2134  2674 W System.err: 	at java.lang.Thread.run(Thread.java:818)
01-01 20:00:34.352  2134  2674 W System.err: Caused by: android.system.GaiException: android_getaddrinfo failed: EAI_NODATA (No address associated with hostname)
01-01 20:00:34.353  2134  2674 W System.err: 	at libcore.io.Posix.android_getaddrinfo(Native Method)
01-01 20:00:34.353  2134  2674 W System.err: 	at libcore.io.ForwardingOs.android_getaddrinfo(ForwardingOs.java:55)
01-01 20:00:34.353  2134  2674 W System.err: 	at java.net.InetAddress.lookupHostByName(InetAddress.java:442)
01-01 20:00:34.353  2134  2674 W System.err: 	... 15 more
01-01 20:00:34.353  2134  2674 W System.err: org.json.JSONException: End of input at character 0 of 
01-01 20:00:34.353  2134  2674 W System.err: 	at org.json.JSONTokener.syntaxError(JSONTokener.java:450)
01-01 20:00:34.353  2134  2674 W System.err: 	at org.json.JSONTokener.nextValue(JSONTokener.java:97)
01-01 20:00:34.353  2134  2674 W System.err: 	at org.json.JSONObject.<init>(JSONObject.java:156)
01-01 20:00:34.353  2134  2674 W System.err: 	at org.json.JSONObject.<init>(JSONObject.java:173)
01-01 20:00:34.353  2134  2674 W System.err: 	at com.ecloud.eshare.server.utils.j.a(Unknown Source)
01-01 20:00:34.353  2134  2674 W System.err: 	at com.ecloud.eshare.server.utils.j.c(Unknown Source)
01-01 20:00:34.353  2134  2674 W System.err: 	at com.ecloud.eshare.server.utils.af.run(Unknown Source)
01-01 20:00:34.353  2134  2674 W System.err: 	at java.lang.Thread.run(Thread.java:818)
01-01 20:00:34.360  2134  2134 D AudioSystem: Setting global gAudioPortCallback On refCnt: 1
01-01 20:00:34.364  2134  2678 I CifsServer: waiting for a client!
01-01 20:00:34.370  2134  2134 W ContextImpl: Calling a method in the system process without a qualified user: android.app.ContextImpl.startService:1686 android.content.ContextWrapper.startService:515 com.ecloud.eshare.server.CifsServer.onCreate:-1 android.app.ActivityThread.handleCreateService:2731 android.app.ActivityThread.access$1800:144 
01-01 20:00:34.391  2134  2134 D MouseControlSocket: responseThread start
01-01 20:00:34.392  2134  2134 D MouseControlSocket: thread name:MouseControlSocket//:::12305
01-01 20:00:34.393  2134  2134 E eshare  : return null
01-01 20:00:34.393  2134  2134 E eshare  : Are you install the stream camera service?
01-01 20:00:34.424  1170  1289 D gralloc : allocate buffer from ION HEAP 0x1
01-01 20:00:34.424  1170  1289 D gralloc : allocate memory from system heap
01-01 20:00:34.427  1182  1182 I tvos    : --[shawn] GetAudioAmp_ExtPCF8574 DOne
01-01 20:00:34.432  1182  1182 I tvos    : tsl2561 uDataToRead_Low:72
01-01 20:00:34.432  1182  1182 I tvos    : tsl2561 uDataToRead_High:72
01-01 20:00:34.432  1182  1182 I tvos    : tsl2561 uDataToRead_ALL:18504
01-01 20:00:34.432  1182  1182 I tvos    : kevin:info mapi_pql_customer.cpp:SetBacklight:2225 m_u8BacklightCh = 0 u32PWM_Duty = 511l 
01-01 20:00:34.432  1182  1182 I tvos    : test Backlight pql customer info
01-01 20:00:34.432  1182  1182 I tvos    : LightSensor : ON --  600
01-01 20:00:34.437  1182  1182 I tvos    : [shawn_TMP75][MSrv_Contorl_Common] 8d
01-01 20:00:34.438  1182  1182 I tvos    : [liangsj_ops][MSrv_Control_common][HeartBeatMonitor:4699]enCurrentInputType=25, PowerOffBoardStatus=0, OPS_ON_Flag=255,OPS_ON_Flag_2=0
01-01 20:00:34.447  2134  2134 W System.err: org.json.JSONException: Value at 118 is null.
01-01 20:00:34.448  2134  2134 W System.err: 	at org.json.JSONArray.get(JSONArray.java:289)
01-01 20:00:34.448  2134  2134 W System.err: 	at org.json.JSONArray.getJSONObject(JSONArray.java:521)
01-01 20:00:34.448  2134  2134 W System.err: 	at com.ecloud.eshare.server.b.b.c(Unknown Source)
01-01 20:00:34.448  2134  2134 W System.err: 	at com.ecloud.eshare.server.b.b.a(Unknown Source)
01-01 20:00:34.448  2134  2134 W System.err: 	at com.ecloud.eshare.server.b.b.<init>(Unknown Source)
01-01 20:00:34.448  2134  2134 W System.err: 	at com.ecloud.eshare.server.b.n.<init>(Unknown Source)
01-01 20:00:34.448  2134  2134 W System.err: 	at com.ecloud.eshare.server.AppDownloadServer.onCreate(Unknown Source)
01-01 20:00:34.448  2134  2134 W System.err: 	at android.app.ActivityThread.handleCreateService(ActivityThread.java:2731)
01-01 20:00:34.448  2134  2134 W System.err: 	at android.app.ActivityThread.access$1800(ActivityThread.java:144)
01-01 20:00:34.448  2134  2134 W System.err: 	at android.app.ActivityThread$H.handleMessage(ActivityThread.java:1361)
01-01 20:00:34.448  2134  2134 W System.err: 	at android.os.Handler.dispatchMessage(Handler.java:102)
01-01 20:00:34.448  2134  2134 W System.err: 	at android.os.Looper.loop(Looper.java:135)
01-01 20:00:34.448  2134  2134 W System.err: 	at android.app.ActivityThread.main(ActivityThread.java:5221)
01-01 20:00:34.448  2134  2134 W System.err: 	at java.lang.reflect.Method.invoke(Native Method)
01-01 20:00:34.448  2134  2134 W System.err: 	at java.lang.reflect.Method.invoke(Method.java:372)
01-01 20:00:34.448  2134  2134 W System.err: 	at com.android.internal.os.ZygoteInit$MethodAndArgsCaller.run(ZygoteInit.java:902)
01-01 20:00:34.448  2134  2134 W System.err: 	at com.android.internal.os.ZygoteInit.main(ZygoteInit.java:697)
