01-01 20:00:03.039  1182  1182 I tvos    : Error, not search in table... [./src/mmapparser.cpp unsigned int GetValueFromTable(const char*, MMAPParserHandle*) 458]
01-01 20:00:03.040  1182  1182 I tvos    : Error, not search in table... [./src/mmapparser.cpp unsigned int GetValueFromTable(const char*, MMAPParserHandle*) 458]
01-01 20:00:03.040  1182  1182 I tvos    : Error, not search in table... [./src/mmapparser.cpp unsigned int GetValueFromTable(const char*, MMAPParserHandle*) 458]
01-01 20:00:03.040  1182  1182 I tvos    : Error, not search in table... [./src/mmapparser.cpp unsigned int GetValueFromTable(const char*, MMAPParserHandle*) 458]
01-01 20:00:03.041  1182  1182 I tvos    : Error, not search in table... [./src/mmapparser.cpp unsigned int GetValueFromTable(const char*, MMAPParserHandle*) 458]
01-01 20:00:03.049  1182  1182 I tvos    : ???????? Warning,The MMAP ID(E_MMAP_ID_PHOTO_MPO_INTER) does not existed.
01-01 20:00:03.050  1182  1182 I tvos    : ???????? please add in your mmap or ignore this message.
01-01 20:00:03.050  1182  1182 I tvos    : ???????? Warning,The MMAP ID(E_MMAP_ID_MHEG5_BUFFER) does not existed.
01-01 20:00:03.050  1182  1182 I tvos    : ???????? please add in your mmap or ignore this message.
01-01 20:00:03.050  1182  1182 I tvos    : ???????? Warning,The MMAP ID(E_MMAP_ID_PVR_UPLOAD) does not existed.
01-01 20:00:03.050  1182  1182 I tvos    : ???????? please add in your mmap or ignore this message.
01-01 20:00:03.050  1182  1182 I tvos    : ???????? Warning,The MMAP ID(E_MMAP_ID_TTX) does not existed.
01-01 20:00:03.050  1182  1182 I tvos    : ???????? please add in your mmap or ignore this message.
01-01 20:00:03.051  1182  1182 I tvos    : ???????? Warning,The MMAP ID(E_MMAP_ID_MHEG5_BUFFER) does not existed.
01-01 20:00:03.051  1182  1182 I tvos    : ???????? please add in your mmap or ignore this message.
01-01 20:00:03.051  1182  1182 I tvos    : ???????? Warning,The MMAP ID(E_MMAP_ID_MAD_DEC) does not existed.
01-01 20:00:03.051  1182  1182 I tvos    : ???????? please add in your mmap or ignore this message.
01-01 20:00:03.052  1182  1182 I tvos    : iniparser: cannot open /config/ProjectRule.ini
01-01 20:00:03.052  1182  1182 I tvos    : iniparser: cannot open /config/MiuSelectRule.ini
01-01 20:00:03.052  1182  1182 I tvos    : ???????? Warning,The MMAP ID(E_LX_MEM3) does not existed.
01-01 20:00:03.052  1182  1182 I tvos    : ???????? please add in your mmap or ignore this message.
01-01 20:00:03.053  1182  1182 I tvos    : ===========================new dynamic memory map mapping=============================
01-01 20:00:03.057  1182  1182 I tvos    : iniparser: cannot open /config/MiuSelectRule.ini
01-01 20:00:03.057  1182  1182 I tvos    : ???????? Warning,The MMAP ID(E_LX_MEM3) does not existed.
01-01 20:00:03.057  1182  1182 I tvos    : ???????? please add in your mmap or ignore this message.
01-01 20:00:03.183  1182  1182 I tvos    : [35mFunction = MApi_CMA_Pool_GetMem, Line = 336, alloc_param->virt_addr is 0xF0351000[m
01-01 20:00:03.250  1182  1182 I tvos    : [35mFunction = MApi_CMA_Pool_GetMem, Line = 336, alloc_param->virt_addr is 0xEE751000[m
01-01 20:00:03.251  1182  1182 I tvos    : [MSOS_PRINT][000551]     [MsOS_Init] already inited!
01-01 20:00:03.274  1182  1182 I tvos    : MAPI_AUDIO::MAPI_AUDIO()
01-01 20:00:03.274  1182  1182 I tvos    : [AT][SN][init sysinfo][13658]
01-01 20:00:03.299  1182  1182 I tvos    : iniparser: cannot open /Customer/DLC/DLC.ini
01-01 20:00:03.312  1182  1182 I tvos    : iniparser: cannot open /Customer/ColorMatrix/ColorMatrix.ini
01-01 20:00:03.358  1170  1286 D gralloc : allocate buffer from ION HEAP 0x1
01-01 20:00:03.358  1170  1286 D gralloc : allocate memory from system heap
01-01 20:00:03.419  1182  1182 I tvos    : ************************Set default panel start*****************************
01-01 20:00:03.419  1182  1182 I tvos    : panel name len:13
01-01 20:00:03.419  1182  1182 I tvos    : LC550EUN-SFM2
01-01 20:00:03.419  1182  1182 I tvos    : ************************Set default panel end*******************************
01-01 20:00:03.431  1182  1182 I tvos    : HotPlug  = 0xfffe
01-01 20:00:03.431  1182  1182 I tvos    : Hdmi5VDetectGpioSelect = 0x0
01-01 20:00:03.431  1182  1182 I tvos    : DotbyDot = 1
01-01 20:00:03.433  1170  1170 D hwcomposer: the fps get from MApi_XC_GetOutputVFreqX100 is abnormal 0,force the fps to 60
01-01 20:00:03.438  1170  1327 D         : 
01-01 20:00:03.438  1170  1327 D         : ---GOP_ResetGOP 4357: Try DestroyWIN's FB[1], return[1]
01-01 20:00:03.438  1170  1327 D         : 
01-01 20:00:03.438  1170  1327 D         : ---GOP_ResetGOP 4357: Try DestroyWIN's FB[2], return[1]
01-01 20:00:03.438  1170  1327 D         : 
01-01 20:00:03.438  1170  1327 D         : ---GOP_ResetGOP 4357: Try DestroyWIN's FB[3], return[1]
01-01 20:00:03.439  1170  1327 D         : 
01-01 20:00:03.439  1170  1327 D         : ---GOP_ResetGOP 4357: Try DestroyWIN's FB[4], return[1]
01-01 20:00:03.439  1170  1327 D         : 
01-01 20:00:03.439  1170  1327 D         : ---GOP_ResetGOP 4357: Try DestroyWIN's FB[5], return[1]
01-01 20:00:03.439  1170  1327 D         : 
01-01 20:00:03.439  1170  1327 D         : ---GOP_ResetGOP 4357: Try DestroyWIN's FB[6], return[1]
01-01 20:00:03.439  1170  1327 D         : 
01-01 20:00:03.439  1170  1327 D         : ---GOP_ResetGOP 4357: Try DestroyWIN's FB[7], return[1]
01-01 20:00:03.439  1170  1327 D         : 
01-01 20:00:03.439  1170  1327 D         : ---GOP_ResetGOP 4357: Try DestroyWIN's FB[8], return[1]
01-01 20:00:03.439  1170  1327 D         : 
01-01 20:00:03.439  1170  1327 D         : ---GOP_ResetGOP 4357: Try DestroyWIN's FB[9], return[1]
01-01 20:00:03.439  1170  1327 D         : 
01-01 20:00:03.439  1170  1327 D         : ---GOP_ResetGOP 4357: Try DestroyWIN's FB[10], return[1]
01-01 20:00:03.439  1170  1327 D         : 
01-01 20:00:03.439  1170  1327 D         : ---GOP_ResetGOP 4357: Try DestroyWIN's FB[11], return[1]
01-01 20:00:03.439  1170  1327 D         : 
01-01 20:00:03.439  1170  1327 D         : ---GOP_ResetGOP 4357: Try DestroyWIN's FB[12], return[1]
01-01 20:00:03.439  1170  1327 D         : 
01-01 20:00:03.439  1170  1327 D         : ---GOP_ResetGOP 4357: Try DestroyWIN's FB[13], return[1]
01-01 20:00:03.439  1170  1327 D         : 
01-01 20:00:03.439  1170  1327 D         : ---GOP_ResetGOP 4357: Try DestroyWIN's FB[14], return[1]
01-01 20:00:03.439  1170  1327 D         : 
01-01 20:00:03.439  1170  1327 D         : ---GOP_ResetGOP 4357: Try DestroyWIN's FB[15], return[1]
01-01 20:00:03.439  1170  1327 D         : 
01-01 20:00:03.439  1170  1327 D         : ---GOP_ResetGOP 4357: Try DestroyWIN's FB[16], return[1]
01-01 20:00:03.439  1170  1327 D         : 
01-01 20:00:03.439  1170  1327 D         : ---GOP_ResetGOP 4357: Try DestroyWIN's FB[17], return[1]
01-01 20:00:03.439  1170  1327 D         : 
01-01 20:00:03.439  1170  1327 D         : ---GOP_ResetGOP 4357: Try DestroyWIN's FB[18], return[1]
01-01 20:00:03.439  1170  1327 D         : 
01-01 20:00:03.439  1170  1327 D         : ---GOP_ResetGOP 4357: Try DestroyWIN's FB[19], return[1]
01-01 20:00:03.439  1170  1327 D         : 
01-01 20:00:03.439  1170  1327 D         : ---GOP_ResetGOP 4357: Try DestroyWIN's FB[20], return[1]
01-01 20:00:03.439  1170  1327 D         : 
01-01 20:00:03.439  1170  1327 D         : ---GOP_ResetGOP 4357: Try DestroyWIN's FB[21], return[1]
01-01 20:00:03.439  1170  1327 D         : 
01-01 20:00:03.439  1170  1327 D         : ---GOP_ResetGOP 4357: Try DestroyWIN's FB[22], return[1]
01-01 20:00:03.439  1170  1327 D         : 
01-01 20:00:03.439  1170  1327 D         : ---GOP_ResetGOP 4357: Try DestroyWIN's FB[23], return[1]
01-01 20:00:03.439  1170  1327 D         : 
01-01 20:00:03.439  1170  1327 D         : ---GOP_ResetGOP 4357: Try DestroyWIN's FB[24], return[1]
01-01 20:00:03.439  1170  1327 D         : 
01-01 20:00:03.439  1170  1327 D         : ---GOP_ResetGOP 4357: Try DestroyWIN's FB[25], return[1]
01-01 20:00:03.439  1170  1327 D         : 
01-01 20:00:03.439  1170  1327 D         : ---GOP_ResetGOP 4357: Try DestroyWIN's FB[26], return[1]
01-01 20:00:03.439  1170  1327 D         : 
01-01 20:00:03.439  1170  1327 D         : ---GOP_ResetGOP 4357: Try DestroyWIN's FB[27], return[1]
01-01 20:00:03.439  1170  1327 D         : 
01-01 20:00:03.439  1170  1327 D         : ---GOP_ResetGOP 4357: Try DestroyWIN's FB[28], return[1]
01-01 20:00:03.439  1170  1327 D         : 
01-01 20:00:03.439  1170  1327 D         : ---GOP_ResetGOP 4357: Try DestroyWIN's FB[29], return[1]
01-01 20:00:03.439  1170  1327 D         : 
01-01 20:00:03.439  1170  1327 D         : ---GOP_ResetGOP 4357: Try DestroyWIN's FB[30], return[1]
01-01 20:00:03.439  1170  1327 D         : 
01-01 20:00:03.439  1170  1327 D         : ---GOP_ResetGOP 4357: Try DestroyWIN's FB[31], return[1]
01-01 20:00:03.439  1170  1327 D         : [_GOP_RegisterAllCBFunc][5618] fpSetFBFmt is NULL.(If on STR state, this is a normal message) 
01-01 20:00:03.439  1170  1327 D         : [_GOP_RegisterAllCBFunc][5630] fpXCIsInterlace is NULL.(If on STR state, this is a normal message) 
01-01 20:00:03.439  1170  1327 D         : [_GOP_RegisterAllCBFunc][5642] fpXCGetCapHStart is NULL.(If on STR state, this is a normal message) 
01-01 20:00:03.439  1170  1327 D         : [_GOP_RegisterAllCBFunc][5654] fpXCReduceBWForOSD is NULL.(If on STR state, this is a normal message) 
01-01 20:00:03.439  1170  1327 D         : [_GOP_RegisterAllCBFunc][5666] fpEventNotify is NULL.(If on STR state, this is a normal message) 
01-01 20:00:03.439  1170  1327 D         : [_GOP_RegisterAllCBFunc][5678] fpXCSetDwinInfo is NULL.(If on STR state, this is a normal message) 
01-01 20:00:03.439  1170  1327 D         : [GOP_SetGopExtendGwinInfo]WidthEnd 0x0 >WidthStart 0x0 
01-01 20:00:03.443  1170  1289 D gralloc : allocate buffer from ION HEAP 0x1
01-01 20:00:03.443  1170  1289 D gralloc : allocate memory from system heap
01-01 20:00:03.447  1170  1327 D hwcomposer: MApi_GOP_GWIN_SetLayer  success GOP_init(563)
01-01 20:00:03.451  1170  1170 D hwcomposer: the fps get from MApi_XC_GetOutputVFreqX100 is abnormal 0,force the fps to 60
01-01 20:00:03.452  1182  1182 I tvos    : Warning!!! Mirror Type is not NORMAL, but Mirror is DISABLE.
01-01 20:00:03.454  1182  1182 I tvos    : @@@: Enable KeyPad... 
01-01 20:00:03.454  1182  1182 I tvos    : @@@@ SetKEYPADCfg
01-01 20:00:03.456  1182  1182 I tvos    : @@@@@ pSystemini->n : 11 
01-01 20:00:03.472  1182  1182 I tvos    : [MSOS_PRINT][000551]     [MsOS_Init] already inited!
01-01 20:00:03.473  1182  1182 I tvos    : BOOL DFBInfo::SetKEYPADCfg(void) OK
01-01 20:00:03.474  1182  1182 I tvos    : [AT][SN][init mapi][13865]
01-01 20:00:03.481  1182  1182 I tvos    : [0;35mHDCPFileName: /certificate/hdcp_key.bin [0m
01-01 20:00:03.488  1182  1182 I tvos    : mapi_str::addStrThreadItem ptid=0xed210460 m_StrThreadItems.size()=1,this=0xc08678, name=InitVideo Task
01-01 20:00:03.488  1182  1182 I tvos    : >>>>>>>>CreateI2CDevices:i2c_device = 0, I2C bus = 1 , Mutex#=1
01-01 20:00:03.488  1182  1182 I tvos    : >>>>>>>>CreateI2CDevices:i2c_device = 1, I2C bus = 0 , Mutex#=0
01-01 20:00:03.488  1182  1182 I tvos    : >>>>>>>>CreateI2CDevices:i2c_device = 2, I2C bus = 2 , Mutex#=2
01-01 20:00:03.488  1182  1182 I tvos    : >>>>>>>>CreateI2CDevices:i2c_device = 3, I2C bus = 1 , Mutex#=1
01-01 20:00:03.488  1182  1182 I tvos    : >>>>>>>>CreateI2CDevices:i2c_device = 4, I2C bus = 1 , Mutex#=1
01-01 20:00:03.488  1182  1182 I tvos    : >>>>>>>>CreateI2CDevices:i2c_device = 5, I2C bus = 0 , Mutex#=0
01-01 20:00:03.488  1182  1182 I tvos    : >>>>>>>>CreateI2CDevices:i2c_device = 6, I2C bus = 0 , Mutex#=0
01-01 20:00:03.488  1182  1182 I tvos    : >>>>>>>>CreateI2CDevices:i2c_device = 7, I2C bus = 0 , Mutex#=0
01-01 20:00:03.488  1182  1182 I tvos    : >>>>>>>>CreateI2CDevices:i2c_device = 8, I2C bus = 0 , Mutex#=0
01-01 20:00:03.488  1182  1182 I tvos    : >>>>>>>>CreateI2CDevices:i2c_device = 9, I2C bus = 0 , Mutex#=0
01-01 20:00:03.488  1182  1182 I tvos    : >>>>>>>>CreateI2CDevices:i2c_device = 10, I2C bus = 0 , Mutex#=0
01-01 20:00:03.488  1182  1182 I tvos    : >>>>>>>>CreateI2CDevices:i2c_device = 11, I2C bus = 0 , Mutex#=0
01-01 20:00:03.488  1182  1182 I tvos    : >>>>>>>>CreateI2CDevices:i2c_device = 12, I2C bus = 0 , Mutex#=0
01-01 20:00:03.488  1182  1182 I tvos    : >>>>>>>>CreateI2CDevices:i2c_device = 13, I2C bus = 0 , Mutex#=0
01-01 20:00:03.488  1182  1182 I tvos    : >>>>>>>>CreateI2CDevices:i2c_device = 14, I2C bus = 0 , Mutex#=0
01-01 20:00:03.488  1182  1182 I tvos    : >>>>>>>>CreateI2CDevices:i2c_device = 15, I2C bus = 0 , Mutex#=0
01-01 20:00:03.488  1182  1182 I tvos    : >>>>>>>>CreateI2CDevices:i2c_device = 16, I2C bus = 0 , Mutex#=0
01-01 20:00:03.488  1182  1182 I tvos    : >>>>>>>>CreateI2CDevices:i2c_device = 17, I2C bus = 0 , Mutex#=0
01-01 20:00:03.488  1182  1182 I tvos    : >>>>>>>>CreateI2CDevices:i2c_device = 18, I2C bus = 0 , Mutex#=0
01-01 20:00:03.488  1182  1182 I tvos    : >>>>>>>>CreateI2CDevices:i2c_device = 19, I2C bus = 0 , Mutex#=0
01-01 20:00:03.488  1182  1182 I tvos    : >>>>>>>>CreateI2CDevices:i2c_device = 20, I2C bus = 0 , Mutex#=0
01-01 20:00:03.488  1182  1182 I tvos    : >>>>>>>>CreateI2CDevices:i2c_device = 21, I2C bus = 0 , Mutex#=0
01-01 20:00:03.488  1182  1182 I tvos    : >>>>>>>>CreateI2CDevices:i2c_device = 22, I2C bus = 0 , Mutex#=0
01-01 20:00:03.488  1182  1182 I tvos    : >>>>>>>>CreateI2CDevices:i2c_device = 23, I2C bus = 0 , Mutex#=0
01-01 20:00:03.488  1182  1182 I tvos    : >>>>>>>>CreateI2CDevices:i2c_device = 24, I2C bus = 0 , Mutex#=0
01-01 20:00:03.488  1182  1182 I tvos    : >>>>>>>>CreateI2CDevices:i2c_device = 25, I2C bus = 0 , Mutex#=0
01-01 20:00:03.488  1182  1182 I tvos    : >>>>>>>>CreateI2CDevices:i2c_device = 26, I2C bus = 0 , Mutex#=0
01-01 20:00:03.488  1182  1182 I tvos    : >>>>>>>>CreateI2CDevices:i2c_device = 27, I2C bus = 0 , Mutex#=0
01-01 20:00:03.488  1182  1182 I tvos    : >>>>>>>>CreateI2CDevices:i2c_device = 28, I2C bus = 0 , Mutex#=0
01-01 20:00:03.488  1182  1182 I tvos    : I2C::SWBUS[0] SCL=055 SDA=054 DELAY=100
01-01 20:00:03.488  1182  1182 I tvos    : I2C::SWBUS[1] SCL=160 SDA=161 DELAY=80
01-01 20:00:03.488  1182  1182 I tvos    : I2C::SWBUS[2] SCL=9999 SDA=9999 DELAY=480
01-01 20:00:03.488  1182  1182 I tvos    : I2C::SWBUS[3] SCL=9999 SDA=9999 DELAY=100
01-01 20:00:03.488  1182  1182 I tvos    : [CPU INFO] cpu openCPUIoctl - MDrv_CMD_CPU_QueryClock
01-01 20:00:03.488  1182  1182 I tvos    : Can't find out selected GPIO device 24!!Please add GPIO device into system.cfg
01-01 20:00:03.488  1182  1182 I tvos    : Can't find out selected GPIO device 45!!Please add GPIO device into system.cfg
01-01 20:00:03.489  1182  1182 I tvos    : ====Setup DCLK:148=========
01-01 20:00:03.490  1182  1182 I tvos    : [0;34m[resetCfgFilePath]
01-01 20:00:03.490  1182  1182 I tvos    : [0m[0;34msetCfgFilePath=/config/MM/mm_cfg.ini
01-01 20:00:03.490  1182  1182 I tvos    : [0m[31m[Initialize] Use default MOD output channel order.[m
01-01 20:00:03.491  1182  1182 I tvos    : MDrv_PNL_Init u32PnlRiuBaseAddr = ee311000
01-01 20:00:03.491  1182  1182 I tvos    : MDrv_PNL_Init u32PMRiuBaseAddr = ee3f1000
01-01 20:00:03.494  1170  1170 D hwcomposer: the fps get from MApi_XC_GetOutputVFreqX100 is abnormal 0,force the fps to 60
01-01 20:00:03.495  1170  1327 D hwcomposer: lastHWWindowInfo is dirty
01-01 20:00:03.498  1182  1182 I tvos    : [[utopia]]      Start HAL_AUDIO_AllocateVars InitShmFlag=0
01-01 20:00:03.498  1182  1182 I tvos    : [[utopia]]      create Audio SHM data ...
01-01 20:00:03.498  1182  1182 I tvos    : [[utopia]]      Audio SHM data is created
01-01 20:00:03.498  1182  1182 I tvos    : [[utopia]]      reset Audio SHM data ...
01-01 20:00:03.499  1182  1182 I tvos    : [[utopia]]      End HAL_AUDIO_AllocateVars InitShmFlag=1, ClientCounter=1 
01-01 20:00:03.499  1182  1182 I tvos    : [[utopia]]      Audio TEE Info SHM is created...
01-01 20:00:03.499  1182  1182 I tvos    : [[utopia]]      reset Audio TEE Info SHM data ...
01-01 20:00:03.501  1182  1182 I tvos    : [MApi_XC_MLG_GetStatus, 1874]No instance existed, please get an instance by calling MApi_XC_Init() first
01-01 20:00:03.502  1182  1182 I tvos    : ???????? Warning,The MMAP ID(E_MMAP_ID_XC_MAIN_FB) does not existed.
01-01 20:00:03.502  1182  1182 I tvos    : ???????? please add in your mmap or ignore this message.
01-01 20:00:03.502  1182  1182 I tvos    : ???????? Warning,The MMAP ID(E_MMAP_ID_XC_MAIN_FRCM_FB) does not existed.
01-01 20:00:03.502  1182  1182 I tvos    : ???????? please add in your mmap or ignore this message.
01-01 20:00:03.502  1182  1182 I tvos    : [31m[mapi_video.cpp][SysInitXC][771] E_MMAP_ID_XC_SELF_CMA_HID is 22.[m
01-01 20:00:03.504  1182  1182 I tvos    : [31m[ANDY][mapi_video.cpp][SysInitXC][786] E_MMAP_ID_XC_COBUFFER_CMA_HID is 19.[m
01-01 20:00:03.504  1182  1182 I tvos    : [XC,Version][0;36m 
01-01 20:00:03.506  1182  1182 I tvos    :  [mMApi_XC_Init_U2, 1224, pXC_InitData->stPanelInfo.eLPLL_Type=1
01-01 20:00:03.512  1182  1182 I tvos    : ************************VD Config Start*****************************
01-01 20:00:03.522  1182  1182 I tvos    : ===========================> demux buffer usage  0x160000
01-01 20:00:03.522  1182  1182 I tvos    : << ./epg/dvb/mapi_dvb_epgdb.cpp (4283) >>
01-01 20:00:03.522  1182  1182 I tvos    : << size of mapi_dvb_epgdb          = 116 >>
01-01 20:00:03.523  1182  1182 I tvos    : << size of mapi_epgdb_ch       = 112 >>
01-01 20:00:03.523  1182  1182 I tvos    : << size of mapi_epgdb_ch_id    = 8 >>
01-01 20:00:03.523  1182  1182 I tvos    : << size of mapi_epgdb_section  = 12 >>
01-01 20:00:03.523  1182  1182 I tvos    : << size of mapi_epgdb_event    = 112 >>
01-01 20:00:03.523  1182  1182 I tvos    : << size of set    = 24 >>
01-01 20:00:03.523  1182  1182 I tvos    : << size of map    = 24 >>
01-01 20:00:03.525  1182  1182 I tvos    : [mapi_ci.cpp:mapi_ci:222] CI slot [0] has been occupied
01-01 20:00:03.526  1170  1286 D gralloc : allocate buffer from ION HEAP 0x1
01-01 20:00:03.526  1170  1286 D gralloc : allocate memory from system heap
01-01 20:00:03.555  1182  1182 I tvos    : PCMCIA open /dev/system success >> SYS_fd= 11
01-01 20:00:03.558  1182  1182 I tvos    : [33m libTEEClient.so MSIF         TEE_120301206722[0m
01-01 20:00:03.558  1182  1182 I tvos    : Function:SysInitXC L:848, XC memory size should not be 0!
01-01 20:00:03.558  1182  1182 I tvos    : get mmap:/config/mmap.ini 
01-01 20:00:03.562  1182  1182 I tvos    : SHMPhyAddr =3fd80000
01-01 20:00:03.562  1182  1182 I tvos    : SHMPhyBufLen =100000
01-01 20:00:03.562  1182  1182 I tvos    : IsSHMBufMIU0 =1
01-01 20:00:03.562  1182  1182 I tvos    : [MSOS_PRINT][000551]     [MsOS_Init] already inited!
01-01 20:00:03.564  1182  1182 I tvos    : [33m libSema.so MSIF         TEE_120301206722[0m
01-01 20:00:03.565  1182  1182 I tvos    : MDrv_SYS_DMD_VD_MBX_Init more than twice
01-01 20:00:03.566  1182  1182 I tvos    : Memory attached at 3977314304
01-01 20:00:03.569  1182  1182 I tvos    : teecDbgLevel=1
01-01 20:00:03.570  1182  1182 I tvos    : MDrv_PWS_Init() 
01-01 20:00:03.582  1182  1182 I tvos    : mapi_storage open file failed ! 
01-01 20:00:03.582  1182  1182 I tvos    : mapi_storage::Init already init m_u8ID=4 m_path.c_str()=/Database/atv_cmdb.bin
01-01 20:00:03.582  1182  1182 I tvos    : mapi_storage::Init already init m_u8ID=5 m_path.c_str()=/Database/atv_cmdb_cable.bin
01-01 20:00:03.582  1182  1182 I tvos    : mapi_storage::Init already init m_u8ID=5 m_path.c_str()=/Database/atv_cmdb_cable.bin
01-01 20:00:03.582  1182  1182 I tvos    : mapi_storage open file failed ! 
01-01 20:00:03.582  1182  1182 I tvos    : mapi_storage open file failed ! 
01-01 20:00:03.582  1182  1182 I tvos    : ???????? Warning,The MMAP ID(E_MMAP_ID_EVENTDB_SDRAM) does not existed.
01-01 20:00:03.582  1182  1182 I tvos    : ???????? please add in your mmap or ignore this message.
01-01 20:00:03.582  1182  1182 I tvos    : ???????? Warning,The MMAP ID(E_MMAP_ID_EPGEXTDB_SDRAM) does not existed.
01-01 20:00:03.582  1182  1182 I tvos    : ???????? please add in your mmap or ignore this message.
01-01 20:00:03.582  1182  1182 I tvos    : Create EPG memory pool by HEAP, the max memory allocation will be 15728640 bytes
01-01 20:00:03.601  1189  1189 I SamplingProfilerIntegration: Profiling disabled.
01-01 20:00:03.606  1189  1189 D Zygote  : begin preload
01-01 20:00:03.610  1170  1445 D gralloc : allocate buffer from ION HEAP 0x1
01-01 20:00:03.610  1170  1445 D gralloc : allocate memory from system heap
01-01 20:00:03.631  1182  1182 I tvos    : [VE info] VE open
01-01 20:00:03.631  1182  1182 I tvos    : [MDrv_HDMI_init_internal][728]pXCResourcePrivate->stdrvXC_MVideo_Context.g_bIsIMMESWITCH=1
01-01 20:00:03.631  1182  1182 I tvos    : [MDrv_HDMI_init_internal][730]pXCResourcePrivate->stdrvXC_MVideo_Context.g_bIMMESWITCH_DVI_POWERSAVING=0
01-01 20:00:03.636  1182  1182 I tvos    : >>[Hal_HDMI_init][3187]pXCResourcePrivate->stdrvXC_MVideo_Context.g_bIsIMMESWITCH=1
01-01 20:00:03.636  1182  1182 I tvos    : the length of the thread name exceeds 15, it will be truncated to 15 chars
01-01 20:00:03.641  1182  1182 I tvos    : [33m libTEEClient.so MSIF         TEE_120301206722[0m
01-01 20:00:03.641  1182  1182 I tvos    : get mmap:/config/mmap.ini 
01-01 20:00:03.645  1182  1182 I tvos    : ************************PQ Config Start*****************************
01-01 20:00:03.645  1182  1182 I tvos    : SHMPhyAddr =3fd80000
01-01 20:00:03.645  1182  1182 I tvos    : SHMPhyBufLen =100000
01-01 20:00:03.645  1182  1182 I tvos    : IsSHMBufMIU0 =1
01-01 20:00:03.645  1182  1182 I tvos    : [MSOS_PRINT][000551]     [MsOS_Init] already inited!
01-01 20:00:03.645  1182  1182 I tvos    : [33m libSema.so MSIF         TEE_120301206722[0m
01-01 20:00:03.645  1182  1182 I tvos    : MDrv_SYS_DMD_VD_MBX_Init more than twice
01-01 20:00:03.645  1182  1182 I tvos    : Memory attached at 3977302016
01-01 20:00:03.645  1182  1182 I tvos    : ************************PQ Config End*****************************
01-01 20:00:03.646  1182  1182 I tvos    : [HDCP] Using new created session ID : 2
01-01 20:00:03.647  1182  1182 I tvos    : Read Bandwidthtable.bin
01-01 20:00:03.649  1182  1182 I tvos    : Read Bandwidthtable.bin
01-01 20:00:03.656  1189  1189 I Zygote  : Preloading classes...
01-01 20:00:03.663  1182  1182 I tvos    : [1;33;40m[HDCP] Finish secure read for HDCP key.[0m
01-01 20:00:03.663  1182  1182 I tvos    : [MStarSDK] mapi_video: HDMI2.0 with HDCP2.2 start.
01-01 20:00:03.663  1182  1182 I tvos    : [HDCP] HDMI INPROC TYPE: Msg Queue
01-01 20:00:03.663  1182  1182 I tvos    : [HDCP] connect to msg queue 43035 complete
01-01 20:00:03.663  1182  1182 I tvos    : [HDCP22] PortInit(), port idx = 0
01-01 20:00:03.663  1182  1182 I tvos    : [HDCP] connect to msg queue 43036 complete
01-01 20:00:03.663  1182  1182 I tvos    : [HDCP22] PortInit(), port idx = 1
01-01 20:00:03.663  1182  1182 I tvos    : [HDCP] create hdcp22_hdmi_recv_msgqueue_thread
01-01 20:00:03.663  1182  1182 I tvos    : [HDCP] connect to msg queue 43037 complete
01-01 20:00:03.663  1182  1182 I tvos    : [HDCP] create hdcp22_hdmi_recv_msgqueue_thread
01-01 20:00:03.663  1182  1182 I tvos    : [HDCP22] PortInit(), port idx = 2
01-01 20:00:03.663  1182  1182 I tvos    : [HDCP] connect to msg queue 43038 complete
01-01 20:00:03.663  1182  1182 I tvos    : [HDCP22] PortInit(), port idx = 3
01-01 20:00:03.663  1182  1182 I tvos    : [HDCP] create hdcp22_hdmi_recv_msgqueue_thread
01-01 20:00:03.664  1182  1182 I tvos    : [HDCP] create hdcp22_hdmi_recv_msgqueue_thread
01-01 20:00:03.665  1182  1182 I tvos    : [1;33m[HDCP] hdcp2_rx_main
01-01 20:00:03.665  1182  1182 I tvos    : [m
01-01 20:00:03.665  1182  1182 I tvos    : [Hal_HDCP_initproductionkey][2925]Start!
01-01 20:00:03.665  1182  1182 I tvos    : [Hal_HDCP_initproductionkey][3031]End!
01-01 20:00:03.665  1182  1182 I tvos    : [1;33m[HDCP] hdcp2_rx_main
01-01 20:00:03.665  1182  1182 I tvos    : [m
01-01 20:00:03.667  1182  1182 I tvos    : [HDCP] HDCP session ID : 2
01-01 20:00:03.668  1182  1182 I tvos    : [HDCP] HDCP session ID : 2
01-01 20:00:03.669  1182  1182 I tvos    : [1;33m[HDCP] hdcp2_rx_main
01-01 20:00:03.669  1182  1182 I tvos    : [m
01-01 20:00:03.669  1182  1182 I tvos    : [1;33m[HDCP] hdcp2_rx_main
01-01 20:00:03.669  1182  1182 I tvos    : [m
01-01 20:00:03.669  1182  1182 I tvos    : [HDCP] Rx facsimile verify enable: 0
01-01 20:00:03.669  1182  1182 I tvos    : [1;33;40m[HDCP] Connection established [0m
01-01 20:00:03.670  1182  1182 I tvos    : [HDCP] Start Rx AKE
01-01 20:00:03.670  1182  1182 I tvos    : [0;32;32m[HDCP] Secure read for HDCP RX KEY[m
01-01 20:00:03.671  1182  1182 I tvos    : [HDCP] HDCP session ID : 2
01-01 20:00:03.671  1182  1182 I tvos    : [HDCP] HDCP session ID : 2
01-01 20:00:03.672  1182  1182 I tvos    : [1;33m[HDCP] Key format(ProtocolDescriptor): 2.2[m
01-01 20:00:03.672  1182  1182 I tvos    : [HDCP] Rx facsimile verify enable: 0
01-01 20:00:03.672  1182  1182 I tvos    : [1;33;40m[HDCP] Connection established [0m
01-01 20:00:03.673  1182  1182 I tvos    : [HDCP] Start Rx AKE
01-01 20:00:03.673  1182  1182 I tvos    : [0;32;32m[HDCP] Secure read for HDCP RX KEY[m
01-01 20:00:03.674  1182  1182 I tvos    : [HDCP] Rx facsimile verify enable: 0
01-01 20:00:03.674  1182  1182 I tvos    : [1;33;40m[HDCP] Connection established [0m
01-01 20:00:03.674  1182  1182 I tvos    : [HDCP] Start Rx AKE
01-01 20:00:03.674  1182  1182 I tvos    : [0;32;32m[HDCP] Secure read for HDCP RX KEY[m
01-01 20:00:03.675  1182  1182 I tvos    : [HDCP] Rx facsimile verify enable: 0
01-01 20:00:03.675  1182  1182 I tvos    : [1;33;40m[HDCP] Connection established [0m
01-01 20:00:03.675  1182  1182 I tvos    : [HDCP] Start Rx AKE
01-01 20:00:03.675  1182  1182 I tvos    : [0;32;32m[HDCP] Secure read for HDCP RX KEY[m
01-01 20:00:03.675  1182  1182 I tvos    : [1;33m[HDCP] Key format(ProtocolDescriptor): 2.2[m
01-01 20:00:03.677  1182  1182 I tvos    : [1;33m[HDCP] Key format(ProtocolDescriptor): 2.2[m
01-01 20:00:03.678  1189  1189 I art     : Explicit concurrent mark sweep GC freed 1005(56KB) AllocSpace objects, 0(0B) LOS objects, 93% free, 71KB/1095KB, paused 277us total 20.731ms
01-01 20:00:03.679  1182  1182 I tvos    : [1;33m[HDCP] Key format(ProtocolDescriptor): 2.2[m
01-01 20:00:03.687  1189  1189 I art     : Counter: 1
01-01 20:00:03.704  1182  1182 I tvos    : BinStartaDDR ID1=d6d35008
01-01 20:00:03.704  1182  1182 I tvos    : BinStartaDDR ID3=ed01bc58
01-01 20:00:03.704  1182  1182 I tvos    : BinStartaDDR ID5=ed0293d0
01-01 20:00:03.704  1182  1182 I tvos    : BinStartaDDR ID0=dba14008
01-01 20:00:03.704  1182  1182 I tvos    : BinStartaDDR ID2=ed0036e8
01-01 20:00:03.704  1182  1182 I tvos    : BinStartaDDR ID4=ed0147b0
01-01 20:00:03.704  1182  1182 I tvos    : Read Bandwidthtable.bin
01-01 20:00:03.704  1182  1182 I tvos    : Read Bandwidthtable.bin
01-01 20:00:03.706  1188  1188 I SamplingProfilerIntegration: Profiling disabled.
01-01 20:00:03.713  1182  1182 I tvos    : BinStartaDDR ID1=d6a49008
01-01 20:00:03.713  1188  1188 D Zygote  : begin preload
01-01 20:00:03.713  1182  1182 I tvos    : BinStartaDDR ID3=ed047818
01-01 20:00:03.713  1182  1182 I tvos    : BinStartaDDR ID5=ed054f90
01-01 20:00:03.713  1182  1182 I tvos    : BinStartaDDR ID0=d6b14008
01-01 20:00:03.714  1182  1182 I tvos    : BinStartaDDR ID2=ed02f2a8
01-01 20:00:03.714  1182  1182 I tvos    : BinStartaDDR ID4=ed040370
01-01 20:00:03.719  1182  1182 I tvos    : mapi_str::removeStrThreadItem ptid=0xed210460 m_StrThreadItems.size()=0,this=0xc08678, name=InitVideo Task
01-01 20:00:03.749  1173  1173 V NatController: runCmd(/system/bin/iptables -F natctrl_FORWARD) res=0
01-01 20:00:03.759  1173  1173 V NatController: runCmd(/system/bin/iptables -A natctrl_FORWARD -j DROP) res=0
01-01 20:00:03.763  1188  1188 I Zygote  : Preloading classes...
01-01 20:00:03.767  1173  1173 V NatController: runCmd(/system/bin/iptables -t nat -F natctrl_nat_POSTROUTING) res=0
01-01 20:00:03.774  1173  1173 V NatController: runCmd(/system/bin/iptables -F natctrl_tether_counters) res=1
01-01 20:00:03.779  1188  1188 I art     : Explicit concurrent mark sweep GC freed 1005(56KB) AllocSpace objects, 0(0B) LOS objects, 93% free, 71KB/1095KB, paused 203us total 15.476ms
01-01 20:00:03.785  1173  1173 V NatController: runCmd(/system/bin/iptables -X natctrl_tether_counters) res=1
01-01 20:00:03.793  1188  1188 I art     : Counter: 1
01-01 20:00:03.795  1173  1173 V NatController: runCmd(/system/bin/iptables -N natctrl_tether_counters) res=0
01-01 20:00:03.803  1173  1173 V NatController: runCmd(/system/bin/iptables -t mangle -A natctrl_mangle_FORWARD -p tcp --tcp-flags SYN SYN -j TCPMSS --clamp-mss-to-pmtu) res=1
01-01 20:00:03.810  1182  1182 I tvos    : ##########################################################################
01-01 20:00:03.810  1182  1182 I tvos    : >>>>> System Database, Current Version:0x11, Latest Version:0x11 <<<<<
01-01 20:00:03.853  1182  1182 I tvos    : [EDID]u16PanelSize:750
01-01 20:00:03.853  1182  1182 I tvos    : [EDID]Week:37
01-01 20:00:03.853  1182  1182 I tvos    : [EDID]Year:2016
01-01 20:00:03.855  1182  1182 I tvos    : [EDID]u16PanelSize:750
01-01 20:00:03.855  1182  1182 I tvos    : [EDID]Week:37
01-01 20:00:03.855  1182  1182 I tvos    : [EDID]Year:2016
01-01 20:00:03.857  1182  1182 I tvos    : [EDID]u16PanelSize:750
01-01 20:00:03.857  1182  1182 I tvos    : [EDID]Week:37
01-01 20:00:03.858  1182  1182 I tvos    : [EDID]Year:2016
01-01 20:00:03.859  1182  1182 I tvos    : [EDID]u16PanelSize:750
01-01 20:00:03.859  1182  1182 I tvos    : [EDID]Week:37
01-01 20:00:03.859  1182  1182 I tvos    : [EDID]Year:2016
01-01 20:00:03.874  1182  1182 I tvos    : [37m[INFO] Change to Voltage: 100 mv (0x21)[m
01-01 20:00:03.878  1182  1182 I tvos    : device_demodulator_extend2_example: DeviceDemodCreate
01-01 20:00:03.880  1194  1194 V VIDEO   : [setMuteColor:1318]
01-01 20:00:03.881  1194  1194 V VIDEO   : [ENTER][para 0, 0]
01-01 20:00:03.881  1194  1194 W VIDEO   : change XC Color
01-01 20:00:03.881  1194  1194 V VIDEO   : [transferMuteColor:1425]
01-01 20:00:03.881  1194  1194 V VIDEO   : [ENTER]
01-01 20:00:03.881  1194  1194 V VIDEO   : [transferMuteColor:1432]
01-01 20:00:03.881  1194  1194 V VIDEO   : [EXIT][para 0]
01-01 20:00:03.881  1182  1182 I tvos    : /n[ shawn] info for TUNER_Rafa_R840 init /n /home/shawn/l-828/vendor/mstar/supernova/projects/devices/pcb/device_pcb_muji_072B.cpp, 274, Error....m_pSDemod is NULL...
01-01 20:00:03.881  1182  1182 I tvos    : new device_audio_amp_MSH9010
01-01 20:00:03.881  1182  1182 I tvos    : new device_audio_amp_MSH9010 DOne
01-01 20:00:03.881  1182  1182 I tvos    :  new device_extern_PCF8574 DOne
01-01 20:00:03.881  1182  1182 I tvos    : [liangsj_sd2068][Init:101]**Create Pthread Success.
01-01 20:00:03.881  1182  1182 I tvos    : [liangsj_sd2068][Init:297]**device_extern_SD2068 Init OK.
01-01 20:00:03.881  1182  1182 I tvos    : DeviceMhlCreate(),344 Init Success
01-01 20:00:03.881  1182  1182 I tvos    : [INFO] MHL Init OK
01-01 20:00:03.881  1182  1182 I tvos    : Tuner Init Thread
01-01 20:00:03.881  1182  1182 I tvos    : [1;33mdevice_ursa(259) <#> [m[device_ursa:259] m_eUrsaType is 6
01-01 20:00:03.881  1182  1182 I tvos    : *************Use Client Server model*****************
01-01 20:00:03.895  1194  1194 V VIDEO   : [setMuteColor:1386]
01-01 20:00:03.895  1194  1194 V VIDEO   : [EXIT]
01-01 20:00:03.895  1194  1194 V VIDEO   : [setMuteColor:1318]
01-01 20:00:03.895  1194  1194 V VIDEO   : [ENTER][para 2, 0]
01-01 20:00:03.895  1194  1194 W VIDEO   : change Backend Color
01-01 20:00:03.895  1194  1194 V VIDEO   : [setMuteColor:1386]
01-01 20:00:03.895  1194  1194 V VIDEO   : [EXIT]
01-01 20:00:03.895  1194  1194 V VIDEO   : [setFrameColor:1391]
01-01 20:00:03.895  1194  1194 V VIDEO   : [ENTER][para 0]
01-01 20:00:03.895  1194  1194 V VIDEO   : [transferFrameColor:1437]
01-01 20:00:03.895  1194  1194 V VIDEO   : [ENTER][para 0]
01-01 20:00:03.895  1194  1194 V VIDEO   : [transferFrameColor:1466]
01-01 20:00:03.895  1194  1194 V VIDEO   : [EXIT][para 0, 0]
01-01 20:00:03.895  1194  1194 V VIDEO   : [setFrameColor:1420]
01-01 20:00:03.895  1194  1194 V VIDEO   : [EXIT][para 0]
01-01 20:00:03.895  1194  1194 V VIDEO   : [SetVideoMute:2266]
01-01 20:00:03.895  1194  1194 V VIDEO   : [ENTER]bEnable: 1, u16WaitToDoTime :0 ,engine :0 
01-01 20:00:03.895  1194  1194 V VIDEO   : [EnableVideoMute:2041]
01-01 20:00:03.895  1194  1194 V VIDEO   : [ENTER]bEnable: 1, u16WaitToDoTime :0 ,engine :0, enScalerWinType: 0
01-01 20:00:03.896  1194  1194 W VIDEO   : [36m Mute Engine is 0, engine is 0 [m
01-01 20:00:03.896  1194  1194 W VIDEO   : Lock Status: APP:UNLOCK, RESERVE_1:UNLOCK, RESERVE_2:UNLOCK, RESERVE_3:UNLOCK
01-01 20:00:03.896  1194  1194 W VIDEO   : enScalerWinType: MAIN, isLock: 0
01-01 20:00:03.896  1194  1194 W VIDEO   : bEnable: 1, getMuteFlag(engine, eWin): 0, 
01-01 20:00:03.896  1194  1194 W VIDEO   : BACKEND engine is 0
01-01 20:00:03.896  1194  1194 W VIDEO   : BACKEND engine video only is 0
01-01 20:00:03.896  1194  1194 W VIDEO   : SOC engine is 0
01-01 20:00:03.896  1194  1194 W VIDEO   : XC engine (MAIN) is 0
01-01 20:00:03.896  1194  1194 W VIDEO   : XC engine (SUB) is 1
01-01 20:00:03.896  1194  1194 W VIDEO   : Lock Mute Status => 
01-01 20:00:03.896  1194  1194 W VIDEO   : Lock Status: APP:UNLOCK, RESERVE_1:UNLOCK, RESERVE_2:UNLOCK, RESERVE_3:UNLOCK
01-01 20:00:03.896  1194  1194 W VIDEO   : enScalerWinType: MAIN, isLock: 0
01-01 20:00:03.896  1194  1194 W VIDEO   : Lock Status: APP:UNLOCK, RESERVE_1:UNLOCK, RESERVE_2:UNLOCK, RESERVE_3:UNLOCK
01-01 20:00:03.896  1194  1194 W VIDEO   : enScalerWinType: SUB, isLock: 0
01-01 20:00:03.896  1194  1194 W VIDEO   : ==== Increase After ====
01-01 20:00:03.896  1194  1194 W VIDEO   : BACKEND engine is 0
01-01 20:00:03.896  1194  1194 W VIDEO   : BACKEND engine video only is 0
01-01 20:00:03.896  1194  1194 W VIDEO   : SOC engine is 0
01-01 20:00:03.896  1194  1194 W VIDEO   : XC engine (MAIN) is 1
01-01 20:00:03.896  1194  1194 W VIDEO   : XC engine (SUB) is 1
01-01 20:00:03.896  1194  1194 W VIDEO   : Lock Mute Status => 
01-01 20:00:03.896  1194  1194 W VIDEO   : Lock Status: APP:UNLOCK, RESERVE_1:UNLOCK, RESERVE_2:UNLOCK, RESERVE_3:UNLOCK
01-01 20:00:03.896  1194  1194 W VIDEO   : enScalerWinType: MAIN, isLock: 0
01-01 20:00:03.896  1194  1194 W VIDEO   : Lock Status: APP:UNLOCK, RESERVE_1:UNLOCK, RESERVE_2:UNLOCK, RESERVE_3:UNLOCK
01-01 20:00:03.896  1194  1194 W VIDEO   : enScalerWinType: SUB, isLock: 0
01-01 20:00:03.896  1194  1194 W VIDEO   : [Mute By API]MuteEngine: 0, u16WaitToDoTime :0 , tid: 1194 
01-01 20:00:03.896  1194  1194 V VIDEO   : [MuteMainFuncByEngine:1971]
01-01 20:00:03.896  1194  1194 V VIDEO   : [ENTER]bEnable: 1, pEngine :0 enDstWin: 0
01-01 20:00:03.896  1194  1194 V VIDEO   : [XCVideoMute:1784]
01-01 20:00:03.896  1194  1194 V VIDEO   : [ENTER][para 1, 0]
01-01 20:00:03.896  1194  1194 V VIDEO   : [SetColorToUtopia:1496]
01-01 20:00:03.896  1194  1194 V VIDEO   : [ENTER][para: 0]
01-01 20:00:03.896  1194  1194 V VIDEO   : [transferMuteColor:1425]
01-01 20:00:03.896  1194  1194 V VIDEO   : [ENTER]
01-01 20:00:03.896  1194  1194 V VIDEO   : [transferMuteColor:1432]
01-01 20:00:03.896  1194  1194 V VIDEO   : [EXIT][para 0]
01-01 20:00:03.896  1194  1194 V VIDEO   : [transferFrameColor:1437]
01-01 20:00:03.896  1194  1194 V VIDEO   : [ENTER][para 0]
01-01 20:00:03.896  1194  1194 V VIDEO   : [transferFrameColor:1466]
01-01 20:00:03.896  1194  1194 V VIDEO   : [EXIT][para 0, 0]
01-01 20:00:03.896  1182  1182 I tvos    : Enter SetVideoMute =======>
01-01 20:00:03.911  1194  1194 V VIDEO   : [SetColorToUtopia:1512]
01-01 20:00:03.911  1194  1194 V VIDEO   : [EXIT]
01-01 20:00:03.911  1194  1194 V VIDEO   : [NotifyXCtoDisableInputSource:1516]
01-01 20:00:03.911  1194  1194 V VIDEO   : [ENTER][para 1, 0]
01-01 20:00:03.911  1194  1194 V VIDEO   : [NotifyXCtoDisableInputSource:1541]
01-01 20:00:03.911  1194  1194 V VIDEO   : [EXIT][para 1, 0]
01-01 20:00:03.911  1194  1194 V VIDEO   : [NotifyXCtoSetMemoryRequest:1545]
01-01 20:00:03.911  1194  1194 V VIDEO   : [ENTER][para 1, 0]
01-01 20:00:03.911  1194  1194 V VIDEO   : [NotifyXCtoSetMemoryRequest:1572]
01-01 20:00:03.911  1194  1194 V VIDEO   : [EXIT][para 1, 0]
01-01 20:00:03.911  1194  1194 V VIDEO   : [NotifyXCtoGenerateBlackVideo:1576]
01-01 20:00:03.911  1194  1194 V VIDEO   : [ENTER][para 1, 0]
01-01 20:00:03.928  1194  1194 V VIDEO   : [NotifyXCtoGenerateBlackVideo:1648]
01-01 20:00:03.929  1194  1194 V VIDEO   : [EXIT][para 1, 0]
01-01 20:00:03.929  1194  1194 V VIDEO   : [XCVideoMute:1832]
01-01 20:00:03.929  1194  1194 V VIDEO   : [EXIT]
01-01 20:00:03.929  1194  1194 V VIDEO   : [MuteMainFuncByEngine:1988]
01-01 20:00:03.929  1194  1194 V VIDEO   : [EXIT]bEnable: 1, pEngine :0,
01-01 20:00:03.929  1194  1194 V VIDEO   : [EnableVideoMute:2181]
01-01 20:00:03.929  1194  1194 V VIDEO   : [EXIT]bEnable: 1, u16WaitToDoTime :0 ,engine :0, enScalerWinType: 0
01-01 20:00:03.929  1194  1194 V VIDEO   : [SetVideoMute:2292]
01-01 20:00:03.929  1194  1194 V VIDEO   : [EXIT]bEnable: 1, u16WaitToDoTime :0 ,engine :0 
01-01 20:00:03.931  1182  1182 I tvos    : =============[INFO]:Turn off Led red 
01-01 20:00:03.931  1182  1182 I tvos    : [INFO]:Turn on Led Green 
01-01 20:00:03.931  1182  1182 I tvos    : --[shawn] GetAudioAmp_ExtPCF8574 DOne
01-01 20:00:03.931  1182  1182 I tvos    : [hxf] tsl 2561 i2c write thread 0x52
01-01 20:00:03.931  1182  1182 I tvos    : -[hxf],TSL2561 WriteReg error /home/shawn/l-828/vendor/mstar/supernova/projects/devices/audioamp/customized_extern_PCF8574.cpp::518::TSL2561_WriteReg
01-01 20:00:03.931  1182  1182 I tvos    : [hxf][MSrv_Contorl_Common]: tsl 2561 write 0x80 --> 0x03 
01-01 20:00:03.931  1182  1182 I tvos    : [1;31m  sn init-chk#1 [0m
01-01 20:00:03.931  1182  1182 I tvos    : [1;31m  sn init-chk#2 [0m
01-01 20:00:03.933  1182  1182 I tvos    : [GOP INFO] gop open
01-01 20:00:03.935  1182  1182 I tvos    : ==========================================
01-01 20:00:03.935  1182  1182 I tvos    : DFB library build @ 2015-04-09 06:14===========================================
01-01 20:00:03.941  1182  1182 I tvos    : [DFB] mst_enable_dip
01-01 20:00:03.941  1182  1182 I tvos    : [DFB] mst_enable_dip enable
01-01 20:00:03.944  1182  1182 I tvos    : @@@: Enable KeyPad... 
01-01 20:00:03.944  1182  1182 I tvos    : @@@@ SetKEYPADCfg
01-01 20:00:03.946  1182  1182 I tvos    : @@@@@ pSystemini->n : 11 
01-01 20:00:03.963  1182  1182 I tvos    : [MSOS_PRINT][000551]     [MsOS_Init] already inited!
01-01 20:00:03.964  1182  1182 I tvos    : BOOL DFBInfo::SetKEYPADCfg(void) OK
01-01 20:00:03.967  1182  1182 I tvos    : @@@@ SetExtDFBRcCfg
01-01 20:00:03.970  1182  1182 I tvos    : @@@@@ pSystemini->n : 11 
01-01 20:00:03.987  1188  1188 E Minikin : addFont failed to create font /system/fonts/NotoSansGujarati-Regular.ttf
01-01 20:00:03.987  1188  1188 E Minikin : addFont failed to create font /system/fonts/NotoSansGujarati-Bold.ttf
01-01 20:00:03.987  1188  1188 E Minikin : addFont failed to create font /system/fonts/NotoSansGujaratiUI-Regular.ttf
01-01 20:00:03.987  1188  1188 E Minikin : addFont failed to create font /system/fonts/NotoSansGujaratiUI-Bold.ttf
01-01 20:00:03.987  1188  1188 E Minikin : addFont failed to create font /system/fonts/NotoSansGurmukhi-Regular.ttf
01-01 20:00:03.987  1188  1188 E Minikin : addFont failed to create font /system/fonts/NotoSansGurmukhi-Bold.ttf
01-01 20:00:03.987  1188  1188 E Minikin : addFont failed to create font /system/fonts/NotoSansGurmukhiUI-Regular.ttf
01-01 20:00:03.987  1188  1188 E Minikin : addFont failed to create font /system/fonts/NotoSansGurmukhiUI-Bold.ttf
01-01 20:00:03.987  1189  1189 E Minikin : addFont failed to create font /system/fonts/NotoSansGujarati-Regular.ttf
01-01 20:00:03.987  1189  1189 E Minikin : addFont failed to create font /system/fonts/NotoSansGujarati-Bold.ttf
01-01 20:00:03.988  1189  1189 E Minikin : addFont failed to create font /system/fonts/NotoSansGujaratiUI-Regular.ttf
01-01 20:00:03.988  1189  1189 E Minikin : addFont failed to create font /system/fonts/NotoSansGujaratiUI-Bold.ttf
01-01 20:00:03.988  1189  1189 E Minikin : addFont failed to create font /system/fonts/NotoSansGurmukhi-Regular.ttf
01-01 20:00:03.988  1189  1189 E Minikin : addFont failed to create font /system/fonts/NotoSansGurmukhi-Bold.ttf
01-01 20:00:03.988  1189  1189 E Minikin : addFont failed to create font /system/fonts/NotoSansGurmukhiUI-Regular.ttf
01-01 20:00:03.988  1189  1189 E Minikin : addFont failed to create font /system/fonts/NotoSansGurmukhiUI-Bold.ttf
01-01 20:00:04.000  1182  1182 I tvos    : ExtendBootlogo: pEnvMan = NULL!
01-01 20:00:04.013  1188  1188 E Minikin : addFont failed to create font /system/fonts/NotoSansSinhala-Regular.ttf
01-01 20:00:04.013  1189  1189 E Minikin : addFont failed to create font /system/fonts/NotoSansSinhala-Regular.ttf
01-01 20:00:04.013  1188  1188 E Minikin : addFont failed to create font /system/fonts/NotoSansSinhala-Bold.ttf
01-01 20:00:04.013  1189  1189 E Minikin : addFont failed to create font /system/fonts/NotoSansSinhala-Bold.ttf
01-01 20:00:04.016  1182  1182 I tvos    : dfb_system_lookup:331, module name = devmem (with Msos)
01-01 20:00:04.024  1178  1178 I ServiceManager: Waiting for service batterystats...
01-01 20:00:04.028  1189  1189 E Minikin : addFont failed to create font /system/fonts/NotoSansCherokee-Regular.ttf
01-01 20:00:04.028  1188  1188 E Minikin : addFont failed to create font /system/fonts/NotoSansCherokee-Regular.ttf
01-01 20:00:04.028  1189  1189 E Minikin : addFont failed to create font /system/fonts/NotoSansCanadianAboriginal-Regular.ttf
01-01 20:00:04.028  1189  1189 E Minikin : addFont failed to create font /system/fonts/NotoSansYi-Regular.ttf
01-01 20:00:04.028  1189  1189 E Minikin : addFont failed to create font /system/fonts/NotoSansHans-Regular.otf
01-01 20:00:04.028  1189  1189 E Minikin : addFont failed to create font /system/fonts/NotoSansHant-Regular.otf
01-01 20:00:04.028  1189  1189 E Minikin : addFont failed to create font /system/fonts/NotoSansJP-Regular.otf
01-01 20:00:04.028  1188  1188 E Minikin : addFont failed to create font /system/fonts/NotoSansCanadianAboriginal-Regular.ttf
01-01 20:00:04.028  1189  1189 E Minikin : addFont failed to create font /system/fonts/NotoSansKR-Regular.otf
01-01 20:00:04.028  1188  1188 E Minikin : addFont failed to create font /system/fonts/NotoSansYi-Regular.ttf
01-01 20:00:04.028  1188  1188 E Minikin : addFont failed to create font /system/fonts/NotoSansHans-Regular.otf
01-01 20:00:04.028  1188  1188 E Minikin : addFont failed to create font /system/fonts/NotoSansHant-Regular.otf
01-01 20:00:04.028  1188  1188 E Minikin : addFont failed to create font /system/fonts/NotoSansJP-Regular.otf
01-01 20:00:04.028  1188  1188 E Minikin : addFont failed to create font /system/fonts/NotoSansKR-Regular.otf
01-01 20:00:04.056  1182  1182 I tvos    : [MSOS_PRINT][000551]     [MsOS_Init] already inited!
01-01 20:00:04.057  1182  1182 I tvos    : [MIU INFO] miu openMDrv_SYS_GlobalInit finished[utopia shm warning] 				register duplicated shared memory ID 65: MODULE_PNL@0xf5c1a9e8
01-01 20:00:04.057  1182  1182 I tvos    : [utopia shm warning] 				register duplicated shared memory ID 66: MODULE_PNL_PRI@0xf5c1aa68
01-01 20:00:04.058  1182  1182 I tvos    : [utopia module warning] register duplicated module: MODULE_PNL
01-01 20:00:04.058  1182  1182 I tvos    : [utopia shm warning] 				register duplicated shared memory ID 67: PNL_VARIABLE@0xf5c1aa68
01-01 20:00:04.058  1182  1182 I tvos    : [utopia shm warning] 				register duplicated shared memory ID 68: PNL_VARIABLE_PRI@0xf5c1ab58
01-01 20:00:04.058  1182  1182 I tvos    : [utopia rpool warning] MODULE_PNL has already been established in this processRPOOL_PNL_0
01-01 20:00:04.058  1182  1182 I tvos    : [utopia shm warning] 				register duplicated shared memory ID 70: PNL_VARIABLE1@0xf5c1ad48
01-01 20:00:04.058  1182  1182 I tvos    : [utopia shm warning] 				register duplicated shared memory ID 71: PNL_VARIABLE1_PRI@0xf5c1ae38
01-01 20:00:04.059  1182  1182 I tvos    : [utopia rpool warning] MODULE_PNL has already been established in this processRPOOL_PNL_1
01-01 20:00:04.059  1182  1182 I tvos    : [utopia shm warning] 				register duplicated shared memory ID 35: MODULE_XC@0xf5b56f38
01-01 20:00:04.059  1182  1182 I tvos    : [utopia shm warning] 				register duplicated shared memory ID 36: MODULE_XC_PRI@0xf5b56fb8
01-01 20:00:04.059  1182  1182 I tvos    : [utopia module warning] register duplicated module: MODULE_XC
01-01 20:00:04.059  1182  1182 I tvos    : [utopia shm warning] 				register duplicated shared memory ID 37: MENULOAD@0xf5b56fb8
01-01 20:00:04.059  1182  1182 I tvos    : [utopia shm warning] 				register duplicated shared memory ID 38: MENULOAD_PRI@0xf5b570a8
01-01 20:00:04.060  1182  1182 I tvos    : [utopia rpool warning] MODULE_XC has already been established in this processRPOOL_XC_2
01-01 20:00:04.060  1182  1182 I tvos    : [utopia shm warning] 				register duplicated shared memory ID 40: XC_REGISTER@0xf5b57170
01-01 20:00:04.060  1182  1182 I tvos    : [utopia shm warning] 				register duplicated shared memory ID 41: XC_REGISTER_PRI@0xf5b57260
01-01 20:00:04.060  1182  1182 I tvos    : [utopia rpool warning] MODULE_XC has already been established in this processRPOOL_XC_0
01-01 20:00:04.060  1182  1182 I tvos    : [utopia shm warning] 				register duplicated shared memory ID 43: XC_VARIABLE@0xf5b57320
01-01 20:00:04.060  1182  1182 I tvos    : [utopia shm warning] 				register duplicated shared memory ID 44: XC_VARIABLE_PRI@0xf5b57410
01-01 20:00:04.060  1182  1182 I tvos    : [utopia rpool warning] MODULE_XC has already been established in this processRPOOL_XC_1
01-01 20:00:04.061  1182  1182 I tvos    : [utopia shm warning] 				register duplicated shared memory ID 20: MODULE_GOP@0xf5b56888
01-01 20:00:04.061  1182  1182 I tvos    : [utopia shm warning] 				register duplicated shared memory ID 21: MODULE_GOP_PRI@0xf5b56908
01-01 20:00:04.061  1182  1182 I tvos    : [utopia module warning] register duplicated module: MODULE_GOP
01-01 20:00:04.061  1182  1182 I tvos    : [utopia shm warning] 				register duplicated shared memory ID 22: gop0@0xf5b56910
01-01 20:00:04.061  1182  1182 I tvos    : [utopia shm warning] 				register duplicated shared memory ID 23: gop0_PRI@0xf5b56a00
01-01 20:00:04.062  1182  1182 I tvos    : [utopia rpool warning] MODULE_GOP has already been established in this processRPOOL_GOP_0
01-01 20:00:04.064  1182  1182 I tvos    : [utopia shm warning] 				register duplicated shared memory ID 25: MODULE_GFX@0xf5b56ac0
01-01 20:00:04.064  1182  1182 I tvos    : [utopia shm warning] 				register duplicated shared memory ID 26: MODULE_GFX_PRI@0xf5b56b40
01-01 20:00:04.064  1182  1182 I tvos    : [utopia module warning] register duplicated module: MODULE_GFX
01-01 20:00:04.064  1182  1182 I tvos    : [utopia shm warning] 				register duplicated shared memory ID 27: ge0@0xf5b56b48
01-01 20:00:04.065  1182  1182 I tvos    : [utopia shm warning] 				register duplicated shared memory ID 28: ge0_PRI@0xf5b56c38
01-01 20:00:04.065  1182  1182 I tvos    : [utopia rpool warning] MODULE_GFX has already been established in this processRPOOL_GFX_0
01-01 20:00:04.065  1182  1182 I tvos    : MDrv_PNL_Init u32PnlRiuBaseAddr = ee311000
01-01 20:00:04.065  1182  1182 I tvos    : MDrv_PNL_Init u32PMRiuBaseAddr = ee3f1000
01-01 20:00:04.065  1182  1182 I tvos    : [XC,Version][0;36m 
01-01 20:00:04.066  1182  1182 I tvos    :  [m[_GOP_RegisterAllCBFunc][5666] fpEventNotify is NULL.(If on STR state, this is a normal message) 
01-01 20:00:04.066  1182  1182 I tvos    : [_GOP_RegisterAllCBFunc][5678] fpXCSetDwinInfo is NULL.(If on STR state, this is a normal message) 
01-01 20:00:04.068  1182  1182 I tvos    : [GOP_SetGop1GwinInfo]WidthEnd 0x0 >WidthStart 0x0 
01-01 20:00:04.069  1182  1182 I tvos    : SysSet5vDetectGpioSelect Not Support 
01-01 20:00:04.069  1182  1182 I tvos    : [GOP_SetGop1GwinInfo]WidthEnd 0x0 >WidthStart 0x0 
01-01 20:00:04.081  1182  1182 I tvos    :  DFB USE THE GFX : MSTAR_G2 
01-01 20:00:04.081  1182  1182 I tvos    : [DFB] SetGOPDst layer:0
01-01 20:00:04.103  1182  1182 I tvos    : [MApi_GOP_GWIN_EnableTileMode] Not SUPPORT bEn:0 type:1
01-01 20:00:04.119  1182  1182 I tvos    : [GOP_SetGop1GwinInfo]WidthEnd 0x0 >WidthStart 0x0 
01-01 20:00:04.135  1182  1182 I tvos    : [1;31m sn init-chk#3 [0m
01-01 20:00:04.135  1182  1182 I tvos    : [AT][SN][init msrv][14526]
01-01 20:00:04.135  1182  1182 I tvos    : =====> createAllMSrvClass ==> 
01-01 20:00:04.183  1182  1182 I tvos    : =====LoadGenSetting=====
01-01 20:00:04.183  1182  1182 I tvos    : System DB ----> LoadSysSetting
01-01 20:00:04.220  1182  1182 I tvos    : System DB ----> LoadSoundSetting
01-01 20:00:04.245  1182  1182 I tvos    : System DB ----> LoadTimeData
01-01 20:00:04.267  1182  1182 I tvos    : System DB ----> LoadBlockData
01-01 20:00:04.288  1182  1182 I tvos    : System DB ----> LoadUserPCModeSetting
01-01 20:00:04.304  1189  1189 I art     : Thread[1,tid=1189,WaitingForJniOnLoad,Thread*=0xf4d07800,peer=0x12c330e0,"main"] recursive attempt to load library "/system/lib/libmedia_jni.so"
01-01 20:00:04.305  1189  1189 D MtpDeviceJNI: register_android_mtp_MtpDevice
01-01 20:00:04.305  1189  1189 I art     : Thread[1,tid=1189,WaitingForJniOnLoad,Thread*=0xf4d07800,peer=0x12c330e0,"main"] recursive attempt to load library "/system/lib/libmedia_jni.so"
